000001cc A num_got_entries
bfc00000 T _start
bfc00400 t reset
bfc004b4 T copy_relocate_code_to_ram
bfc00508 T relocate_code
bfc00558 T jump_in_ram
bfc00570 t in_ram
bfc005d0 t romReserved
bfc005d4 t romExcHandle
bfc005e0 T xmodemPutc
bfc00620 T xmodemGetc
bfc00698 t flushinput
bfc006e4 T crc16_ccitt
bfc00740 t check
bfc00804 T Xdown
bfc00c8c T do_Xdown
bfc00d24 T update
bfc014e0 T reCfgCs0
bfc01650 T cs0Cfgdefault
bfc016e4 T bootUpdateSimpleCheck
bfc017b8 T imagePreCheck
bfc018d8 T do_update
bfc01970 T delayasmshort
bfc01994 T ipmux_ddr_tune
bfc019dc t case_bg
bfc01a54 t case_ag
bfc01acc t shift
bfc01c9c T onu_ddr_tune
bfc020f0 T optrann_ddr3_tune
bfc048c8 T optrann_ddr2_tune
bfc07c00 T sdram_test_asm
bfc07c98 T sdram_test_asm_down
bfc07d30 T serial_init
bfc07d98 T serial_setbrg
bfc07e00 T serial_putc
bfc07e68 T serial_nowait_putc
bfc07ec4 T serial_puts
bfc07f2c T serial_getc
bfc07f74 T serial_nowait_getc
bfc07f94 T serial_tstc
bfc080cc T set_tx_rx_trig_level
bfc08140 T get_int_stat
bfc08160 T serial_set_loopback
bfc08184 T serial_disable_loopback
bfc081ac T serial_enable_fifo
bfc081cc T serial_disable_fifo
bfc081f0 T sys_init_cache
bfc082f0 T sys_determine_l2cache_linesize_flash
bfc08318 t l2cache_linesize_qed_rm7061a
bfc08324 t l2cache_linesize_25kf
bfc08350 T sys_determine_l2cache_lines_flash
bfc08374 t l2cache_lines_qed_rm7061a
bfc08380 t l2cache_lines_25kf
bfc083b8 T sys_determine_l2cache_assoc_flash
bfc083dc t l2cache_assoc_qed_rm7061a
bfc083e8 t l2cache_assoc_25kf
bfc08400 T sys_determine_l2cache_avail_flash
bfc08428 t l2cache_avail_qed_rm7061a
bfc08438 t l2cache_avail_25kf
bfc08458 T sys_determine_icache_linesize_flash
bfc08484 t icache_linesize_zero
bfc0848c t icache_linesize_mips32
bfc084b4 t icache_linesize_qed_rm5261
bfc084c0 t icache_linesize_qed_rm7061a
bfc084cc T sys_determine_icache_lines_flash
bfc084f8 t icache_lines_zero
bfc08500 t icache_lines_mips32
bfc08540 t icache_lines_qed_rm5261
bfc0854c t icache_lines_qed_rm7061a
bfc08558 T sys_determine_icache_assoc_flash
bfc08584 t icache_assoc_zero
bfc0858c t icache_assoc_mips32
bfc085ac t icache_assoc_qed_rm5261
bfc085b8 t icache_assoc_qed_rm7061a
bfc085c4 T sys_determine_dcache_linesize_flash
bfc085f0 t dcache_linesize_zero
bfc085f8 t dcache_linesize_mips32
bfc08620 t dcache_linesize_qed_rm5261
bfc0862c t dcache_linesize_qed_rm7061a
bfc08638 T sys_determine_dcache_lines_flash
bfc08664 t dcache_lines_zero
bfc0866c t dcache_lines_mips32
bfc086ac t dcache_lines_qed_rm5261
bfc086b8 t dcache_lines_qed_rm7061a
bfc086c4 T sys_determine_dcache_assoc_flash
bfc086f0 t dcache_assoc_zero
bfc086f8 t dcache_assoc_mips32
bfc08718 t dcache_assoc_qed_rm5261
bfc08724 t dcache_assoc_qed_rm7061a
bfc08730 T sys_init_l2cache_flash
bfc08824 T sys_init_icache
bfc088e8 T sys_init_dcache
bfc089e0 T version_init
bfc08a58 t mem_malloc_init
bfc08ae4 T sbrk
bfc08b58 t init_func_ram
bfc08c24 t display_banner
bfc08c84 t init_baudrate
bfc08d44 T board_init_f
bfc08f6c T print_gp
bfc09064 T testboard
bfc09100 T board_init_r
bfc09748 T hang
bfc09788 T configDdr
bfc09ad0 T timer_init
bfc09aec T reset_timer
bfc09b04 T get_timer
bfc09b1c T get_timer_usec
bfc09b94 T get_timer_sec
bfc09bfc T set_timer
bfc09c14 T udelay_t
bfc09d08 T udelay
bfc09d9c T get_ticks
bfc09db8 T get_tbclk
bfc09e00 T ArpRequest
bfc09fbc T ArpTimeoutCheck
bfc0a0e0 T NetLoop
bfc0a844 t startAgainTimeout
bfc0a864 t startAgainHandler
bfc0a878 T NetStartAgain
bfc0aa4c T NetSetHandler
bfc0aa6c T NetSetTimeout
bfc0ab00 T NetSendPacket
bfc0ab38 T NetSendUDPPacket
bfc0ad60 T PingReply
bfc0afb0 T PauseSend_macok
bfc0b058 T PauseSend
bfc0b1a0 T PingSend
bfc0b3ac t PingTimeout
bfc0b3f4 t PingHandler
bfc0b460 t PingStart
bfc0b520 T NetReceive
bfc0bc60 t net_check_prereq
bfc0bdec T NetCksumOk
bfc0be30 T NetCksum
bfc0be84 T NetEthHdrSize
bfc0bec0 T NetSetEther
bfc0bf80 T NetSetIP
bfc0c0a8 T copy_filename
bfc0c124 T ip_to_string
bfc0c190 T string_to_ip
bfc0c238 T VLAN_to_string
bfc0c2c4 T string_to_VLAN
bfc0c32c T print_IPaddr
bfc0c37c T getenv_IPaddr
bfc0c3c8 T getenv_VLAN
bfc0c420 t TftpSend
bfc0c748 t TftpHandler
bfc0ccac t TftpTimeout
bfc0cdb0 T TftpStart
bfc0d1f0 t BootpCheckPkt
bfc0d2e8 t BootpCopyNetParams
bfc0d418 t truncate_sz
bfc0d484 t BootpVendorFieldProcess
bfc0d708 t BootpVendorProcess
bfc0d7c4 t BootpHandler
bfc0d8f4 t BootpTimeout
bfc0d9ac t BootpExtended
bfc0da58 T BootpRequest
bfc0dd90 t RarpHandler
bfc0de0c t RarpTimeout
bfc0dec4 T RarpRequest
bfc0e070 T eth_get_dev
bfc0e090 T eth_get_dev_index
bfc0e0f8 T eth_register
bfc0e230 T eth_initialize
bfc0e68c T eth_set_enetaddr
bfc0e79c T eth_init
bfc0e884 T eth_halt
bfc0e8d8 T eth_send
bfc0e93c T eth_rx
bfc0e994 T eth_try_another
bfc0ead4 T eth_set_current
bfc0ebcc T eth_get_name
bfc0ec00 T WordWrite
bfc0ec98 T oplParameterForOS
bfc0edb4 T oplBannner
bfc0f0a8 T main_loop
bfc0f420 T readline
bfc0f7b8 t delete_char
bfc0f93c t parse_line
bfc0fa54 t process_macros
bfc0fcb8 T run_command
bfc0ffd8 T do_run
bfc100f0 T do_bdinfo
bfc102d0 t print_num
bfc10320 T do_go
bfc10420 T do_bootm
bfc10da4 t do_bootm_netbsd
bfc10f94 T do_bootd
bfc11000 T print_image_hdr
bfc111f0 t print_type
bfc115a8 t zalloc
bfc115f0 t zfree
bfc1162c T gunzip
bfc11848 t do_bootm_rtems
bfc118b8 t do_bootm_vxworks
bfc11958 t do_bootm_qnxelf
bfc11a00 T do_coninfo
bfc11b80 T do_bootelf
bfc11d34 T do_bootvx
bfc12014 T valid_elf_image
bfc12098 T load_elf_image
bfc12240 t abbrev_spec
bfc12440 t addr_spec
bfc1261c t flash_fill_sect_ranges
bfc12884 T do_flinfo
bfc129b4 T do_flerase
bfc12c88 T flash_sect_erase
bfc12dc0 T do_protect
bfc13278 T flash_sect_protect
bfc133c0 T do_i2c_read
bfc134c0 T do_i2c_write
bfc135cc T do_i2c_init
bfc136d0 T do_load_serial_bin
bfc13978 t load_serial_bin
bfc13ab8 T send_pad
bfc13b28 T ktrans
bfc13b70 T chk1
bfc13bbc T s1_sendpacket
bfc13c34 T send_ack
bfc13cdc T send_nack
bfc13d84 t bin_data_init
bfc13dd0 t os_data_save
bfc13e3c t os_data_restore
bfc13ea8 t bin_data_char
bfc13f1c t set_kerm_bin_mode
bfc13f6c T k_data_init
bfc13fc0 T k_data_save
bfc14020 T k_data_restore
bfc14080 T k_data_char
bfc14158 T handle_send_packet
bfc14464 t k_recv
bfc14870 T cmd_get_data_size
bfc14930 T do_mem_md
bfc14cac T do_mem_mm
bfc14d04 T do_mem_nm
bfc14d5c T do_mem_mw
bfc14ed4 T do_mem_cmp
bfc1514c T do_mem_cp
bfc15380 T do_mem_base
bfc15410 T do_mem_loop
bfc155a8 T do_mem_mtest
bfc15798 t mod_mem
bfc159ec T do_mem_crc
bfc15b50 T do_bootp
bfc15b98 T do_tftpb
bfc15be0 T do_rarpb
bfc15c28 t netboot_update_env
bfc15e40 t netboot_common
bfc16140 T do_ping
bfc16240 T do_printenv
bfc16560 T _do_setenv
bfc16d24 T setenv
bfc16d8c T do_setenv
bfc16e08 T do_askenv
bfc17064 T getenv
bfc1715c T getenv_r
bfc172a4 T do_saveenv
bfc17308 t envmatch
bfc173d0 T getOplHeadSwitchStatus
bfc1744c T orr
bfc174ac T owr
bfc174cc T do_owr
bfc17598 T do_orr
bfc1762c T do_uutftp
bfc17b20 T do_uuos1
bfc18048 T do_uuos2
bfc18590 T do_uucfg
bfc18a9c T promt_cancel
bfc18bb0 T do_uuram
bfc18f14 T do_unote
bfc19058 T do_uloop
bfc19270 T do_uloopfe
bfc1932c T do_umtestm
bfc194bc T do_umtest
bfc1964c T do_uubd
bfc1975c T do_umf
bfc198ac T do_mdioRegisterWrite
bfc19968 T do_mdioRegisterRead
bfc19a20 T do_atherosRegisterWrite
bfc19ab0 T do_atherosRegisterRead
bfc19b30 T do_utx
bfc19c30 T do_uenpr
bfc19d14 T do_udbgrx
bfc19dfc T do_udbgs
bfc19e98 T do_udbgtx
bfc19f80 T do_udelay
bfc1a068 T do_utest
bfc1a120 T do_version
bfc1a228 T do_echo
bfc1a330 T do_help
bfc1a5e8 T find_cmd
bfc1a750 t console_setfile
bfc1a844 T serial_printf
bfc1a8d0 T fgetc
bfc1a92c T ftstc
bfc1a988 T fputc
bfc1a9ec T fputs
bfc1aa48 T fprintf
bfc1aab4 T getc
bfc1ab14 T tstc
bfc1ab74 T putc
bfc1abe8 T puts
bfc1ac4c T nop
bfc1acc4 T printf
bfc1ad28 T vprintf
bfc1ad80 T ctrlc
bfc1ae20 T disable_ctrlc
bfc1ae50 T had_ctrlc
bfc1ae70 T clear_ctrlc
bfc1ae90 T console_assign
bfc1afc4 T console_init_f
bfc1afe0 T search_device
bfc1b0e4 T console_init_r
bfc1b460 T dbg
bfc1b480 t drv_system_init
bfc1b528 T device_register
bfc1b578 T devices_init
bfc1b610 T devices_done
bfc1b660 T malloc_bin_reloc
bfc1b6a4 t malloc_extend_top
bfc1b984 T malloc
bfc1bf68 T free
bfc1c260 T realloc
bfc1c7cc T memalign
bfc1c96c T valloc
bfc1c9ac T pvalloc
bfc1c9f8 T calloc
bfc1cb20 T cfree
bfc1cb58 T malloc_trim
bfc1cce4 T malloc_usable_size
bfc1cd48 T mallopt
bfc1ce10 T env_crc_update
bfc1ce6c t env_get_char_init
bfc1cec8 T env_get_char_memory
bfc1cf04 T env_get_addr
bfc1cf34 T env_relocate
bfc1d040 T changePtr
bfc1d054 T changePtr1
bfc1d088 T changePtrback
bfc1d0ac T env_get_char_spec
bfc1d0c8 T env_init
bfc1d154 T saveenv
bfc1d2cc T env_relocate_spec
bfc1d330 t dummy
bfc1d344 T get_version
bfc1d358 T jumptable_init
bfc1d400 T flash_protect
bfc1d4d8 T addr2info
bfc1d52c T flash_write
bfc1d710 T flash_perror
bfc1d8a0 T NewHandle
bfc1d95c T DisposeHandle
bfc1d9bc T GetHandleSize
bfc1d9d0 T SetHandleSize
bfc1daa0 t ExpandListSpace
bfc1dbbc T ListCreate
bfc1dc34 T ListSetAllocationPolicy
bfc1dc50 T ListDispose
bfc1dc88 T ListInsertItem
bfc1dcc4 T ListInsertItems
bfc1deb0 T ListGetItems
bfc1df28 T ListGetPtrToItem
bfc1df74 T ListGetDataPtr
bfc1df8c T ListGetItemSize
bfc1dfa4 T ListNumItems
bfc1dfc0 T opwaycltIfI2cSTOStatusIssue
bfc1dfe0 T oplRtosTaskDelay
bfc1e018 T i2cControllerEnable
bfc1e07c T i2cControllerDisable
bfc1e0e0 T i2cControllerReset
bfc1e12c T i2cMasterModeSet
bfc1e1b4 T i2cSlaveModeSet
bfc1e240 T i2cStatusGet
bfc1e2cc T i2cInterruptEnable
bfc1e380 T i2cInterruptRoutine
bfc1e40c T i2cWrite
bfc1e7bc T i2cWriteRepeat
bfc1e924 T i2cRead
bfc1ed0c T i2cReadRepeat
bfc1ee64 T ipmuxI2CInit
bfc1ef34 T i2cpr16
bfc1f018 T i2cpw16
bfc1f084 T i2cpr8
bfc1f1c0 T i2cpw8
bfc1f280 T i2cReadRandom
bfc1f330 T drvI2cDevWr
bfc1f3f0 T drvI2cDevRd
bfc1f434 T RdEpromTest
bfc1f520 T crc32
bfc1f70c T dbg_puts
bfc1f750 T display_options
bfc1f79c T print_size
bfc1f8c0 T strnicmp
bfc1f95c T strcat
bfc1f9a4 T strncat
bfc1fa20 T strchr
bfc1fa64 T strrchr
bfc1fae0 T strlen
bfc1fb10 T strnlen
bfc1fb5c T strdup
bfc1fbe0 T strspn
bfc1fc50 T strpbrk
bfc1fcb4 T strtok
bfc1fd8c T strsep
bfc1fdfc T strswab
bfc1fe58 T memset
bfc1fe90 T memcpy
bfc1fed0 T memmove
bfc1ff58 T memcmp
bfc1ff98 T strstr
bfc2006c T memchr
bfc200c0 T simple_strtoul
bfc201b4 T simple_strtol
bfc20218 t skip_atoi
bfc20284 t number
bfc204d8 T print_int
bfc2056c T vs_printf
bfc20ab0 T vsprintf
bfc20fb8 T sprintf
bfc20ffc T panic
bfc21090 T inflateReset
bfc21110 T inflateEnd
bfc211bc T inflateInit2
bfc212ec T inflateInit
bfc21328 T inflate
bfc21788 T inflateIncomp
bfc217ec T inflateSync
bfc21940 t inflate_blocks_reset
bfc21a98 t inflate_blocks_new
bfc21ba4 t inflate_blocks
bfc227fc t inflate_blocks_free
bfc2289c t inflate_addhistory
bfc22a28 t inflate_packet_flush
bfc22a54 t huft_build
bfc23004 t inflate_trees_bits
bfc230dc t inflate_trees_dynamic
bfc232e8 t falloc
bfc23330 t ffree
bfc23344 t inflate_trees_fixed
bfc23650 t inflate_trees_free
bfc236cc t inflate_codes_new
bfc23760 t inflate_codes
bfc23f40 t inflate_codes_free
bfc23f8c t inflate_flush
bfc2417c t inflate_fast
bfc245bc T adler32
bfc24790 t MyReadFileAndCheck
bfc24824 T lzma_inflate
bfc24b10 T LzmaDecodeProperties
bfc24bf8 T LzmaDecode
bfc258b0 T initdram
bfc258f4 T checkboard
bfc25910 t print_testrange
bfc25998 T is_sys_mem
bfc259ac T set_memtestrange
bfc25aec T memcheck32
bfc25e2c T testcopy32
bfc2630c T mem_search_word
bfc264c4 T checkcach
bfc26530 T logProcessSum
bfc2654c T logProcess
bfc26568 T testcopy
bfc269e0 T debug_halt
bfc26a00 T proc_arp
bfc26a60 T debug_pck_Rcv_force
bfc26acc T debug_pck_send
bfc26b18 T debug_pck_Rcv
bfc26b64 T debug_pck_display_statistic
bfc26bac T debug_pck_clear_statistic
bfc26bf4 T debug_pck
bfc270c0 T ipmuxGpioInit
bfc270e4 T ipmuxGpioDirInputSet
bfc27118 T ipmuxGpioDirOutputSet
bfc27148 T ipmuxGpioIntModeLevelSet
bfc27178 T ipmuxGpioIntModeEdgeSet
bfc271ac T ipmuxGpioIntLevelHighSet
bfc271dc T ipmuxGpioIntLevelLowSet
bfc27210 T ipmuxGpioIntEdgeSet
bfc27258 T ipmuxGpioValGet
bfc27290 T ipmuxGpioOutputSet
bfc272ec T ipmuxGpioOutputGet
bfc27324 T ipmuxGpioTest
bfc27580 T oplbootMainloop
bfc27684 T oplbootInitial
bfc27800 T oplbootMenuShow
bfc27994 T oplbootParseInput
bfc27aa4 T oplbootMenuChange
bfc27be0 T oplbootDataType
bfc27dac T oplbootCharCheck
bfc27e80 T oplCommandLineInterface
bfc28160 T oplbootNameSet
bfc281f4 T oplbootCharDataInput
bfc28310 T oplbootTypeSel
bfc284bc T oplbootSetEthIP
bfc286c0 T oplbootSaveConfig
bfc28b9c T oplbootLoadSystem
bfc294f8 T oplbootSerialBau
bfc296e8 t delete_char
bfc2986c T oplReadline
bfc29c08 T setBootFlag
bfc29db0 T flash_init
bfc29fc0 t flash_reset
bfc2a058 t flash_get_offsets
bfc2a474 T flash_print_allinfo
bfc2a540 t flash_get_info
bfc2a584 T flash_print_info
bfc2ab94 T flash_get_size
bfc2af98 T flash_erase
bfc2b510 T write_buff
bfc2b684 t write_word_amd
bfc2b864 t write_word_intel
bfc2b9b0 T wweidebug
bfc2ba00 t write_bd_rx
bfc2ba58 t bd_one_rx_valid
bfc2baa4 t find_valid_rx
bfc2bb50 t read_bd_rx
bfc2bc2c T print_bd_one_rx
bfc2bcbc t write_bd_tx
bfc2bdbc t read_bd_tx
bfc2be00 t print_bd_data
bfc2be78 t print_bd_one_tx
bfc2bf08 T print_bd_rx
bfc2bfa8 T print_bd_tx
bfc2c050 t init_bd_rx
bfc2c0b8 t init_bd_tx
bfc2c124 T opipmux_gel_send
bfc2c7e8 t inc_bdid_tx
bfc2c830 t inc_bdid_rx
bfc2c878 T print_mem
bfc2c984 T spaToBdZero
bfc2ca18 T debug_fe_loopback
bfc2cd0c T test_gel_debug
bfc2cd50 T ntoh_range
bfc2cd64 t opipmux_gel_recv
bfc2cfb0 T opipmux_gel_reset
bfc2cff0 T opipmux_gel_tx_loopbackto_rx
bfc2d004 t init_dma_fe
bfc2d030 t unable_dma_fe
bfc2d08c T opipmux_gel_init
bfc2d1d8 t test_gel_sendpack
bfc2d238 T spa
bfc2d27c t opipmux_gel_halt
bfc2d290 T opipmux_gmac_initialize
bfc2d2c8 T opipmux_gel_initialize
bfc2d3a0 T oplRegFieldRead
bfc2d440 T oplRegFieldWrite
bfc2d4ec T mdioRegisterRead
bfc2d6d4 T mdioRegisterWrite
bfc2d854 T mdioRegisterFieldRead
bfc2d934 T mdioRegisterFieldWrite
bfc2da40 T hsl_port_prop_check
bfc2da94 T sd_mdio_set_is_inited
bfc2dab4 T sd_mdio_get_is_inited
bfc2dad4 t _shiva_mdio_reg_set
bfc2dc00 t _shiva_mdio_reg_get
bfc2dd58 T sd_reg_mdio_set
bfc2ddbc T sd_reg_mdio_get
bfc2de10 t shiva_phy_reg_get
bfc2de9c t shiva_phy_reg_set
bfc2df28 t shiva_mdio_reg_get
bfc2df6c t shiva_mdio_reg_set
bfc2dfb0 T hsl_reg_ptr_get
bfc2dfd0 T hsl_dev_ptr_get
bfc2dff0 T isis_reg_set
bfc2e0cc T isis_reg_get
bfc2e1a0 t shiva_reg_entry_get
bfc2e284 t shiva_reg_entry_set
bfc2e368 t shiva_reg_field_get
bfc2e494 t shiva_reg_field_set
bfc2e614 T shiva_reg_access_mode_init
bfc2e728 T f2_phy_poweroff
bfc2e7dc T f2_phy_poweron
bfc2e828 T f2_phy_reset
bfc2e8b8 t shiva_dev_init
bfc2e934 t shiva_hw_init
bfc2ec9c t shiva_bist_test
bfc2f000 T hsl_port_prop_init
bfc2f024 T hsl_port_prop_init_by_dev
bfc2f0b4 T shiva_init
bfc2f420 T hsl_dev_init
bfc2f4a4 T ssdk_init
bfc2f4dc T shiva_port_hdr_status_set
bfc2f5b4 T shiva_cpu_port_status_set
bfc2f66c T shiva_mib_status_set
bfc2f724 T shiva_get_mib_info
bfc306fc T shiva_port_bc_filter_set
bfc3084c T shiva_port_unk_uc_filter_set
bfc3099c T atheros_init
bfc30e14 T atheros_wr_reg
bfc30e68 T atheros_show_reg
bfc30ee8 T atheros_show_cnt
bfc311a4 T atheros_shutdown_phy
bfc31200 T atheros_poweron_phy
bfc3125c t shiva_port_unk_mc_filter_set
bfc313d8 t shiva_port_arp_leaky_set
bfc314dc t shiva_arp_status_set
bfc31594 t shiva_arp_cmd_set
bfc31660 T do_reset
bfc316b8 T flush_cache
bfc316cc T write_one_tlb
bfc31710 T enable_interrupts
bfc31724 T disable_interrupts
bfc31740 T opipmux_get_cpuclk
bfc31774 T opipmux_get_fpiclk
bfc317dc T opipmux_set_cpuclk
bfc318b0 T mips_cache_reset
bfc31a48 T dcache_status
bfc31a58 T dcache_disable
bfc31a74 T mips_cache_lock
bfc31ad0 T mips_cache_unlock
bfc31b2c T mips_cache_lock_status
bfc31b40 T do_bootm_linux
bfc321b8 t linux_params_init
bfc32408 t linux_env_set
bfc325c0 T GregorianDay
bfc32744 T to_tm
bfc328f8 T mktime
bfc329e0 T ebu_init
bfc32a88 T cgu_init
bfc32b50 T sdram_init
bfc32c04 T memsetup
bfc32c28 t goto22_bg
bfc32c34 t goto22_ag
bfc32c38 t shift22
bfc32c70 r crc16tab
bfc36930 r baudrate_table
bfc38a00 r crc_table
bfc3bc70 D g_phy_speed
bfc3bc74 d failed
bfc3bc78 D init_sequence
bfc3bca0 D NetBcastAddr
bfc3bca6 D NetOurVLAN
bfc3bca8 D NetOurNativeVLAN
bfc3bcb0 d erase_seq
bfc3bcb4 d tab_seq
bfc3bcc0 D load_addr
bfc3bcd0 D dp_last_length
bfc3bce0 D stdio_names
bfc3bcf0 d av_
bfc3c0f8 d trim_threshold
bfc3c0fc d mmap_threshold
bfc3c100 d sbrk_base
bfc3c110 D env_get_char
bfc3c114 D default_environment
bfc3c560 D env_name_spec
bfc3c564 D env_ptr
bfc3c568 d flash_addr
bfc3c580 d inflate_mask
bfc3c5c4 d border
bfc3c610 d cplens
bfc3c68c d cplext
bfc3c708 d cpdist
bfc3c780 d cpdext
bfc3c7f8 d fixed_left
bfc3c7fc D zlib_version
bfc3c800 D z_errmsg
bfc3c820 d kCantReadMessage
bfc3c824 d kCantAllocateMessage
bfc3c830 D _ctype
bfc3c930 D proc
bfc3c934 D as1
bfc3c938 D ae1
bfc3c93c D as2
bfc3c940 D ae2
bfc3c944 D adis
bfc3c950 d strsect.0
bfc3c960 D pGpio
bfc3c970 d erase_seq
bfc3c974 d tab_seq
bfc3c980 d menuMain
bfc3ca98 d menuBootConfig
bfc3cb94 d menuEtherConfig
bfc3cc20 d menuBootFromNfs
bfc3cc90 d menuSerialConfig
bfc3cce4 d netUpdateMenu
bfc3cdc4 d menuBootFlashType
bfc3ce50 d menuBootLocation
bfc3cedc d xUpdateMenu
bfc3cf90 D CS0_REDEFINED
bfc3cfa0 D aucBroadcastMac
bfc3cfa6 D g_ucFePortid
bfc3cfb0 D ssdk_mdio_set
bfc3cfb4 D ssdk_mdio_get
bfc3cfc0 d month_days
bfc3cff0 A __got_start
bfc3cff0 A _gp
bfc3cff0 D _GLOBAL_OFFSET_TABLE_
bfc3d720 A __got_end
bfc3d720 A __u_boot_cmd_start
bfc3d720 D __u_boot_cmd_Xdown
bfc3d738 D __u_boot_cmd_update
bfc3d750 D __u_boot_cmd_bdinfo
bfc3d768 D __u_boot_cmd_go
bfc3d780 D __u_boot_cmd_reset
bfc3d798 D __u_boot_cmd_bootm
bfc3d7b0 D __u_boot_cmd_boot
bfc3d7c8 D __u_boot_cmd_bootd
bfc3d7e0 D __u_boot_cmd_coninfo
bfc3d7f8 D __u_boot_cmd_bootelf
bfc3d810 D __u_boot_cmd_bootvx
bfc3d828 D __u_boot_cmd_flinfo
bfc3d840 D __u_boot_cmd_erase
bfc3d858 D __u_boot_cmd_protect
bfc3d870 D __u_boot_cmd_i2c_read
bfc3d888 D __u_boot_cmd_i2c_write
bfc3d8a0 D __u_boot_cmd_i2c_init
bfc3d8b8 D __u_boot_cmd_loadb
bfc3d8d0 D __u_boot_cmd_md
bfc3d8e8 D __u_boot_cmd_mm
bfc3d900 D __u_boot_cmd_nm
bfc3d918 D __u_boot_cmd_mw
bfc3d930 D __u_boot_cmd_cp
bfc3d948 D __u_boot_cmd_cmp
bfc3d960 D __u_boot_cmd_crc32
bfc3d978 D __u_boot_cmd_base
bfc3d990 D __u_boot_cmd_loop
bfc3d9a8 D __u_boot_cmd_mtest
bfc3d9c0 D __u_boot_cmd_bootp
bfc3d9d8 D __u_boot_cmd_tftpboot
bfc3d9f0 D __u_boot_cmd_rarpboot
bfc3da08 D __u_boot_cmd_ping
bfc3da20 D __u_boot_cmd_printenv
bfc3da38 D __u_boot_cmd_setenv
bfc3da50 D __u_boot_cmd_saveenv
bfc3da68 D __u_boot_cmd_askenv
bfc3da80 D __u_boot_cmd_run
bfc3da98 D __u_boot_cmd_umf
bfc3dab0 D __u_boot_cmd_umtest
bfc3dac8 D __u_boot_cmd_uloop
bfc3dae0 D __u_boot_cmd_uloopfe
bfc3daf8 D __u_boot_cmd_unote
bfc3db10 D __u_boot_cmd_uutftp
bfc3db28 D __u_boot_cmd_uuos1
bfc3db40 D __u_boot_cmd_uuos2
bfc3db58 D __u_boot_cmd_uucfg
bfc3db70 D __u_boot_cmd_uuram
bfc3db88 D __u_boot_cmd_uubd
bfc3dba0 D __u_boot_cmd_orr
bfc3dbb8 D __u_boot_cmd_owr
bfc3dbd0 D __u_boot_cmd_mdior
bfc3dbe8 D __u_boot_cmd_mdiow
bfc3dc00 D __u_boot_cmd_arr
bfc3dc18 D __u_boot_cmd_awr
bfc3dc30 D __u_boot_cmd_utx
bfc3dc48 D __u_boot_cmd_utest
bfc3dc60 D __u_boot_cmd_udelay
bfc3dc78 D __u_boot_cmd_udbgs
bfc3dc90 D __u_boot_cmd_udbgrx
bfc3dca8 D __u_boot_cmd_udbgtx
bfc3dcc0 D __u_boot_cmd_uenpr
bfc3dcd8 D __u_boot_cmd_version
bfc3dcf0 D __u_boot_cmd_echo
bfc3dd08 D __u_boot_cmd_help
bfc3dd20 D __u_boot_cmd_question_mark
bfc3dd38 A __u_boot_cmd_end
bfc3dd38 A uboot_end_data
bfc3dd40 B image_type
bfc3dd50 b mem_malloc_start
bfc3dd54 b mem_malloc_end
bfc3dd58 b mem_malloc_brk
bfc3dd60 B NetBreak
bfc3dd64 B NetOurSubnetMask
bfc3dd68 B NetOurGatewayIP
bfc3dd6c B NetOurDNSIP
bfc3dd70 B NetOurNISDomain
bfc3dd90 B NetOurHostName
bfc3ddb0 B NetOurRootPath
bfc3ddf0 B NetBootFileSize
bfc3ddf4 B NetServerEther
bfc3ddfc B NetEtherNullAddr
bfc3de04 B NetRestartWrap
bfc3de08 b NetRestarted
bfc3de0c b NetDevExists
bfc3de10 B NetTxPacket
bfc3de14 b mac.0
bfc3de1c b mac_dest.1
bfc3de24 b mac.2
bfc3de2c b mac_dest.3
bfc3de34 b mac.4
bfc3de3c b packetHandler
bfc3de40 b timeHandler
bfc3de44 b timeStart
bfc3de48 b timeDelta
bfc3de4c b PingSeqNo
bfc3de50 b TftpServerPort
bfc3de54 b TftpOurPort
bfc3de58 b TftpTimeoutCount
bfc3de5c b TftpBlock
bfc3de60 b TftpLastBlock
bfc3de64 b TftpLastBlock_send
bfc3de68 b TftpBlockWrap
bfc3de6c b TftpBlockWrapOffset
bfc3de70 b TftpState
bfc3de74 b default_filename
bfc3de84 b tftp_filename
bfc3de90 b first_failed.0
bfc3de94 b eth_devices
bfc3de98 b eth_current
bfc3dea0 B enable_net_polling
bfc3dea4 b lastcommand.0
bfc3dfb0 b a_b
bfc3dfc8 b os_data_state
bfc3dfcc b os_data_state_saved
bfc3dfd0 b os_data_count_saved
bfc3dfd4 b os_data_addr
bfc3dfd8 b os_data_addr_saved
bfc3dfdc b bin_start_address
bfc3dfe0 b k_data_escape
bfc3dfe4 b k_data_escape_saved
bfc3dff0 b base_address
bfc3e000 B tftp_file_size
bfc3e010 b ctrlc_disabled
bfc3e014 b ctrlc_was_pressed
bfc3e020 B devlist
bfc3e024 B stdio_devices
bfc3e030 b top_pad
bfc3e034 b n_mmaps_max
bfc3e038 b max_sbrked_mem
bfc3e03c b max_total_mem
bfc3e040 b current_mallinfo
bfc3e068 b mmapped_mem
bfc3e070 B nI2cDbgFd
bfc3e074 b bNoStopIssue
bfc3e080 b fixed_lock
bfc3e084 b fixed_built
bfc3e088 b fixed_mem
bfc3f118 b fixed_bl
bfc3f11c b fixed_bd
bfc3f120 b fixed_tl
bfc3f124 b fixed_td
bfc3f130 b rpos
bfc3f134 b dpos
bfc3f140 B debug_rx
bfc3f142 B debug_tx
bfc3f144 b ip_count.1
bfc3f14c b icmp_count.2
bfc3f154 b arp_count.3
bfc3f15c b boardcast_count.4
bfc3f164 b total_count.5
bfc3f170 b NetBreak1
bfc3f174 b pNow
bfc3f178 b oplbootConsoleBuffer
bfc3f280 B bd_id_rx
bfc3f282 B bd_id_tx
bfc3f290 b p_port_info
bfc3f294 B api_ifname
bfc3f2a4 b shiva_cfg
bfc3f2a8 b dev_table
bfc3f2f0 b linux_argc
bfc3f2f4 b linux_argv
bfc3f2f8 b linux_env
bfc3f2fc b linux_env_p
bfc3f300 b linux_env_idx
bfc3f310 B flash_info
bfc3f820 B version_string
bfc3f890 B NetRxPackets
bfc3f8a0 B BootFile
bfc3f920 B NetArpWaitPacketBuf
bfc3ff40 B PktBuf
bfc41d60 B console_buffer
bfc41e60 B header
bfc41eb0 B os_data_header
bfc41ed0 B send_parms
bfc41ef0 B RxBufTmp
bfc426f0 B Buffers
bfc826f0 C monitor_flash_len
bfc826f4 C NetArpWaitTry
bfc826f8 C NetArpWaitPacketMAC
bfc826fc C NetOurEther
bfc82704 C NetOurIP
bfc82708 C NetPingIP
bfc8270c C NetServerIP
bfc82710 C NetArpWaitTxPacketSize
bfc82714 C NetArpWaitReplyIP
bfc82718 C NetArpWaitTxPacket
bfc8271c C NetArpWaitPacketIP
bfc82720 C NetState
bfc82724 C NetIPID
bfc82728 C NetRxPkt
bfc8272c C NetRxPktLen
bfc82730 C NetBootFileXferSize
bfc82734 C NetArpWaitTimerStart
bfc82738 C BootpTry
bfc8273c C BootpID
bfc82740 C RarpTry
bfc82744 C his_pad_char
bfc82748 C os_data_count
bfc8274c C os_data_init
bfc82750 C send_ptr
bfc82754 C os_data_char
bfc82758 C his_eol
bfc82759 C his_quote
bfc8275c C his_pad_count
bfc82760 C dp_last_size
bfc82764 C dp_last_addr
bfc82768 C mm_last_size
bfc8276c C mm_last_addr
bfc82770 C ipMuxI2CC
bfc82774 C ___strtok
bfc82778 C g_stAtherosHeader
bfc8277c C ge_reg
bfc82780 A uboot_end
