000001c6 A num_got_entries
bfc00000 T _start
bfc00400 t reset
bfc004b4 T copy_relocate_code_to_ram
bfc00508 T relocate_code
bfc00558 T jump_in_ram
bfc00570 t in_ram
bfc005d0 t romReserved
bfc005d4 t romExcHandle
bfc005e0 T xmodemPutc
bfc00620 T xmodemGetc
bfc00698 t flushinput
bfc006e4 T crc16_ccitt
bfc00740 t check
bfc00804 T Xdown
bfc00c8c T do_Xdown
bfc00d24 T update
bfc014e0 T reCfgCs0
bfc01650 T cs0Cfgdefault
bfc016e4 T bootUpdateSimpleCheck
bfc017b8 T imagePreCheck
bfc018d8 T do_update
bfc01970 T delayasmshort
bfc01994 T ipmux_ddr_tune
bfc019dc t case_bg
bfc01a54 t case_ag
bfc01acc t shift
bfc01c9c T onu_ddr_tune
bfc020f0 T optrann_ddr3_tune
bfc048c8 T optrann_ddr2_tune
bfc07c00 T sdram_test_asm
bfc07c98 T sdram_test_asm_down
bfc07d30 T serial_init
bfc07d98 T serial_setbrg
bfc07e00 T serial_putc
bfc07e68 T serial_nowait_putc
bfc07ec4 T serial_puts
bfc07f2c T serial_getc
bfc07f74 T serial_nowait_getc
bfc07f94 T serial_tstc
bfc080cc T set_tx_rx_trig_level
bfc08140 T get_int_stat
bfc08160 T serial_set_loopback
bfc08184 T serial_disable_loopback
bfc081ac T serial_enable_fifo
bfc081cc T serial_disable_fifo
bfc081f0 T sys_init_cache
bfc082f0 T sys_determine_l2cache_linesize_flash
bfc08318 t l2cache_linesize_qed_rm7061a
bfc08324 t l2cache_linesize_25kf
bfc08350 T sys_determine_l2cache_lines_flash
bfc08374 t l2cache_lines_qed_rm7061a
bfc08380 t l2cache_lines_25kf
bfc083b8 T sys_determine_l2cache_assoc_flash
bfc083dc t l2cache_assoc_qed_rm7061a
bfc083e8 t l2cache_assoc_25kf
bfc08400 T sys_determine_l2cache_avail_flash
bfc08428 t l2cache_avail_qed_rm7061a
bfc08438 t l2cache_avail_25kf
bfc08458 T sys_determine_icache_linesize_flash
bfc08484 t icache_linesize_zero
bfc0848c t icache_linesize_mips32
bfc084b4 t icache_linesize_qed_rm5261
bfc084c0 t icache_linesize_qed_rm7061a
bfc084cc T sys_determine_icache_lines_flash
bfc084f8 t icache_lines_zero
bfc08500 t icache_lines_mips32
bfc08540 t icache_lines_qed_rm5261
bfc0854c t icache_lines_qed_rm7061a
bfc08558 T sys_determine_icache_assoc_flash
bfc08584 t icache_assoc_zero
bfc0858c t icache_assoc_mips32
bfc085ac t icache_assoc_qed_rm5261
bfc085b8 t icache_assoc_qed_rm7061a
bfc085c4 T sys_determine_dcache_linesize_flash
bfc085f0 t dcache_linesize_zero
bfc085f8 t dcache_linesize_mips32
bfc08620 t dcache_linesize_qed_rm5261
bfc0862c t dcache_linesize_qed_rm7061a
bfc08638 T sys_determine_dcache_lines_flash
bfc08664 t dcache_lines_zero
bfc0866c t dcache_lines_mips32
bfc086ac t dcache_lines_qed_rm5261
bfc086b8 t dcache_lines_qed_rm7061a
bfc086c4 T sys_determine_dcache_assoc_flash
bfc086f0 t dcache_assoc_zero
bfc086f8 t dcache_assoc_mips32
bfc08718 t dcache_assoc_qed_rm5261
bfc08724 t dcache_assoc_qed_rm7061a
bfc08730 T sys_init_l2cache_flash
bfc08824 T sys_init_icache
bfc088e8 T sys_init_dcache
bfc089e0 T version_init
bfc08a58 t mem_malloc_init
bfc08ae4 T sbrk
bfc08b58 t init_func_ram
bfc08c24 t display_banner
bfc08c84 t init_baudrate
bfc08d44 T board_init_f
bfc08f6c T print_gp
bfc09064 T testboard
bfc09100 T board_init_r
bfc0975c T hang
bfc0979c T configDdr
bfc09ae0 T timer_init
bfc09afc T reset_timer
bfc09b14 T get_timer
bfc09b2c T get_timer_usec
bfc09ba4 T get_timer_sec
bfc09c0c T set_timer
bfc09c24 T udelay_t
bfc09d18 T udelay
bfc09dac T get_ticks
bfc09dc8 T get_tbclk
bfc09e10 T ArpRequest
bfc09fcc T ArpTimeoutCheck
bfc0a0f0 T NetLoop
bfc0a854 t startAgainTimeout
bfc0a874 t startAgainHandler
bfc0a888 T NetStartAgain
bfc0aa5c T NetSetHandler
bfc0aa7c T NetSetTimeout
bfc0ab10 T NetSendPacket
bfc0ab48 T NetSendUDPPacket
bfc0ad70 T PingReply
bfc0afc0 T PauseSend_macok
bfc0b068 T PauseSend
bfc0b1b0 T PingSend
bfc0b3bc t PingTimeout
bfc0b404 t PingHandler
bfc0b470 t PingStart
bfc0b530 T NetReceive
bfc0bc70 t net_check_prereq
bfc0bdfc T NetCksumOk
bfc0be40 T NetCksum
bfc0be94 T NetEthHdrSize
bfc0bed0 T NetSetEther
bfc0bf90 T NetSetIP
bfc0c0b8 T copy_filename
bfc0c134 T ip_to_string
bfc0c1a0 T string_to_ip
bfc0c248 T VLAN_to_string
bfc0c2d4 T string_to_VLAN
bfc0c33c T print_IPaddr
bfc0c38c T getenv_IPaddr
bfc0c3d8 T getenv_VLAN
bfc0c430 t TftpSend
bfc0c758 t TftpHandler
bfc0ccbc t TftpTimeout
bfc0cdc0 T TftpStart
bfc0d200 t BootpCheckPkt
bfc0d2f8 t BootpCopyNetParams
bfc0d428 t truncate_sz
bfc0d494 t BootpVendorFieldProcess
bfc0d718 t BootpVendorProcess
bfc0d7d4 t BootpHandler
bfc0d904 t BootpTimeout
bfc0d9bc t BootpExtended
bfc0da68 T BootpRequest
bfc0dda0 t RarpHandler
bfc0de1c t RarpTimeout
bfc0ded4 T RarpRequest
bfc0e080 T eth_get_dev
bfc0e0a0 T eth_get_dev_index
bfc0e108 T eth_register
bfc0e240 T eth_initialize
bfc0e69c T eth_set_enetaddr
bfc0e7ac T eth_init
bfc0e894 T eth_halt
bfc0e8e8 T eth_send
bfc0e94c T eth_rx
bfc0e9a4 T eth_try_another
bfc0eae4 T eth_set_current
bfc0ebdc T eth_get_name
bfc0ec10 T WordWrite
bfc0eca8 T oplParameterForOS
bfc0edc4 T oplBannner
bfc0f0b8 T main_loop
bfc0f430 T readline
bfc0f7c8 t delete_char
bfc0f94c t parse_line
bfc0fa64 t process_macros
bfc0fcc8 T run_command
bfc0ffe8 T do_run
bfc10100 T do_bdinfo
bfc102e0 t print_num
bfc10330 T do_go
bfc10430 T do_bootm
bfc10db4 t do_bootm_netbsd
bfc10fa4 T do_bootd
bfc11010 T print_image_hdr
bfc11200 t print_type
bfc115b8 t zalloc
bfc11600 t zfree
bfc1163c T gunzip
bfc11858 t do_bootm_rtems
bfc118c8 t do_bootm_vxworks
bfc11968 t do_bootm_qnxelf
bfc11a10 T do_coninfo
bfc11b90 T do_bootelf
bfc11d44 T do_bootvx
bfc12024 T valid_elf_image
bfc120a8 T load_elf_image
bfc12250 t abbrev_spec
bfc12450 t addr_spec
bfc1262c t flash_fill_sect_ranges
bfc12894 T do_flinfo
bfc129c4 T do_flerase
bfc12c98 T flash_sect_erase
bfc12dd0 T do_protect
bfc13288 T flash_sect_protect
bfc133d0 T do_i2c_read
bfc134d0 T do_i2c_write
bfc135dc T do_i2c_init
bfc136e0 T do_load_serial_bin
bfc13988 t load_serial_bin
bfc13ac8 T send_pad
bfc13b38 T ktrans
bfc13b80 T chk1
bfc13bcc T s1_sendpacket
bfc13c44 T send_ack
bfc13cec T send_nack
bfc13d94 t bin_data_init
bfc13de0 t os_data_save
bfc13e4c t os_data_restore
bfc13eb8 t bin_data_char
bfc13f2c t set_kerm_bin_mode
bfc13f7c T k_data_init
bfc13fd0 T k_data_save
bfc14030 T k_data_restore
bfc14090 T k_data_char
bfc14168 T handle_send_packet
bfc14474 t k_recv
bfc14880 T cmd_get_data_size
bfc14940 T do_mem_md
bfc14cbc T do_mem_mm
bfc14d14 T do_mem_nm
bfc14d6c T do_mem_mw
bfc14ee4 T do_mem_cmp
bfc1515c T do_mem_cp
bfc15390 T do_mem_base
bfc15420 T do_mem_loop
bfc155b8 T do_mem_mtest
bfc157a8 t mod_mem
bfc159fc T do_mem_crc
bfc15b60 T do_bootp
bfc15ba8 T do_tftpb
bfc15bf0 T do_rarpb
bfc15c38 t netboot_update_env
bfc15e50 t netboot_common
bfc16150 T do_ping
bfc16250 T do_printenv
bfc16570 T _do_setenv
bfc16d34 T setenv
bfc16d9c T do_setenv
bfc16e18 T do_askenv
bfc17074 T getenv
bfc1716c T getenv_r
bfc172b4 T do_saveenv
bfc17318 t envmatch
bfc173e0 T getOplHeadSwitchStatus
bfc1745c T orr
bfc174bc T owr
bfc174dc T do_owr
bfc175a8 T do_orr
bfc1763c T do_uutftp
bfc17b30 T do_uuos1
bfc18058 T do_uuos2
bfc185a0 T do_uucfg
bfc18aac T promt_cancel
bfc18bc0 T do_uuram
bfc18f24 T do_unote
bfc19068 T do_uloop
bfc19280 T do_uloopfe
bfc1933c T do_umtestm
bfc194cc T do_umtest
bfc1965c T do_uubd
bfc1976c T do_umf
bfc198bc T do_mdioRegisterWrite
bfc19978 T do_mdioRegisterRead
bfc19a30 T do_atherosRegisterWrite
bfc19ac0 T do_atherosRegisterRead
bfc19b40 T do_utx
bfc19c40 T do_uenpr
bfc19d24 T do_udbgrx
bfc19e0c T do_udbgs
bfc19ea8 T do_udbgtx
bfc19f90 T do_udelay
bfc1a078 T do_utest
bfc1a130 T do_version
bfc1a238 T do_echo
bfc1a340 T do_help
bfc1a5f8 T find_cmd
bfc1a760 t console_setfile
bfc1a854 T serial_printf
bfc1a8e0 T fgetc
bfc1a93c T ftstc
bfc1a998 T fputc
bfc1a9fc T fputs
bfc1aa58 T fprintf
bfc1aac4 T getc
bfc1ab24 T tstc
bfc1ab84 T putc
bfc1abf8 T puts
bfc1ac5c T nop
bfc1acd4 T printf
bfc1ad38 T vprintf
bfc1ad90 T ctrlc
bfc1ae30 T disable_ctrlc
bfc1ae60 T had_ctrlc
bfc1ae80 T clear_ctrlc
bfc1aea0 T console_assign
bfc1afd4 T console_init_f
bfc1aff0 T search_device
bfc1b0f4 T console_init_r
bfc1b470 T dbg
bfc1b490 t drv_system_init
bfc1b538 T device_register
bfc1b588 T devices_init
bfc1b620 T devices_done
bfc1b670 T malloc_bin_reloc
bfc1b6b4 t malloc_extend_top
bfc1b994 T malloc
bfc1bf78 T free
bfc1c270 T realloc
bfc1c7dc T memalign
bfc1c97c T valloc
bfc1c9bc T pvalloc
bfc1ca08 T calloc
bfc1cb30 T cfree
bfc1cb68 T malloc_trim
bfc1ccf4 T malloc_usable_size
bfc1cd58 T mallopt
bfc1ce20 T env_crc_update
bfc1ce7c t env_get_char_init
bfc1ced8 T env_get_char_memory
bfc1cf14 T env_get_addr
bfc1cf44 T env_relocate
bfc1d050 T changePtr
bfc1d064 T changePtr1
bfc1d098 T changePtrback
bfc1d0bc T env_get_char_spec
bfc1d0d8 T env_init
bfc1d164 T saveenv
bfc1d2e0 T env_relocate_spec
bfc1d340 t dummy
bfc1d354 T get_version
bfc1d368 T jumptable_init
bfc1d410 T flash_protect
bfc1d4e8 T addr2info
bfc1d53c T flash_write
bfc1d720 T flash_perror
bfc1d8b0 T NewHandle
bfc1d96c T DisposeHandle
bfc1d9cc T GetHandleSize
bfc1d9e0 T SetHandleSize
bfc1dab0 t ExpandListSpace
bfc1dbcc T ListCreate
bfc1dc44 T ListSetAllocationPolicy
bfc1dc60 T ListDispose
bfc1dc98 T ListInsertItem
bfc1dcd4 T ListInsertItems
bfc1dec0 T ListGetItems
bfc1df38 T ListGetPtrToItem
bfc1df84 T ListGetDataPtr
bfc1df9c T ListGetItemSize
bfc1dfb4 T ListNumItems
bfc1dfd0 T opwaycltIfI2cSTOStatusIssue
bfc1dff0 T oplRtosTaskDelay
bfc1e028 T i2cControllerEnable
bfc1e08c T i2cControllerDisable
bfc1e0f0 T i2cControllerReset
bfc1e13c T i2cMasterModeSet
bfc1e1c4 T i2cSlaveModeSet
bfc1e250 T i2cStatusGet
bfc1e2dc T i2cInterruptEnable
bfc1e390 T i2cInterruptRoutine
bfc1e41c T i2cWrite
bfc1e7cc T i2cWriteRepeat
bfc1e934 T i2cRead
bfc1ed1c T i2cReadRepeat
bfc1ee74 T ipmuxI2CInit
bfc1ef44 T i2cpr16
bfc1f028 T i2cpw16
bfc1f094 T i2cpr8
bfc1f1d0 T i2cpw8
bfc1f290 T i2cReadRandom
bfc1f340 T drvI2cDevWr
bfc1f400 T drvI2cDevRd
bfc1f444 T RdEpromTest
bfc1f530 T crc32
bfc1f71c T dbg_puts
bfc1f760 T display_options
bfc1f7ac T print_size
bfc1f8d0 T strnicmp
bfc1f96c T strcat
bfc1f9b4 T strncat
bfc1fa30 T strchr
bfc1fa74 T strrchr
bfc1faf0 T strlen
bfc1fb20 T strnlen
bfc1fb6c T strdup
bfc1fbf0 T strspn
bfc1fc60 T strpbrk
bfc1fcc4 T strtok
bfc1fd9c T strsep
bfc1fe0c T strswab
bfc1fe68 T memset
bfc1fea0 T memcpy
bfc1fee0 T memmove
bfc1ff68 T memcmp
bfc1ffa8 T strstr
bfc2007c T memchr
bfc200d0 T simple_strtoul
bfc201c4 T simple_strtol
bfc20228 t skip_atoi
bfc20294 t number
bfc204e8 T print_int
bfc2057c T vs_printf
bfc20ac0 T vsprintf
bfc20fc8 T sprintf
bfc2100c T panic
bfc210a0 T inflateReset
bfc21120 T inflateEnd
bfc211cc T inflateInit2
bfc212fc T inflateInit
bfc21338 T inflate
bfc21798 T inflateIncomp
bfc217fc T inflateSync
bfc21950 t inflate_blocks_reset
bfc21aa8 t inflate_blocks_new
bfc21bb4 t inflate_blocks
bfc2280c t inflate_blocks_free
bfc228ac t inflate_addhistory
bfc22a38 t inflate_packet_flush
bfc22a64 t huft_build
bfc23014 t inflate_trees_bits
bfc230ec t inflate_trees_dynamic
bfc232f8 t falloc
bfc23340 t ffree
bfc23354 t inflate_trees_fixed
bfc23660 t inflate_trees_free
bfc236dc t inflate_codes_new
bfc23770 t inflate_codes
bfc23f50 t inflate_codes_free
bfc23f9c t inflate_flush
bfc2418c t inflate_fast
bfc245cc T adler32
bfc247a0 t MyReadFileAndCheck
bfc24834 T lzma_inflate
bfc24b20 T LzmaDecodeProperties
bfc24c08 T LzmaDecode
bfc258c0 T initdram
bfc25904 T checkboard
bfc25920 t print_testrange
bfc259a8 T is_sys_mem
bfc259bc T set_memtestrange
bfc25afc T memcheck32
bfc25e3c T testcopy32
bfc2631c T mem_search_word
bfc264d4 T checkcach
bfc26540 T logProcessSum
bfc2655c T logProcess
bfc26578 T testcopy
bfc269f0 T debug_halt
bfc26a10 T proc_arp
bfc26a70 T debug_pck_Rcv_force
bfc26adc T debug_pck_send
bfc26b28 T debug_pck_Rcv
bfc26b74 T debug_pck_display_statistic
bfc26bbc T debug_pck_clear_statistic
bfc26c04 T debug_pck
bfc270d0 T ipmuxGpioInit
bfc270f4 T ipmuxGpioDirInputSet
bfc27128 T ipmuxGpioDirOutputSet
bfc27158 T ipmuxGpioIntModeLevelSet
bfc27188 T ipmuxGpioIntModeEdgeSet
bfc271bc T ipmuxGpioIntLevelHighSet
bfc271ec T ipmuxGpioIntLevelLowSet
bfc27220 T ipmuxGpioIntEdgeSet
bfc27268 T ipmuxGpioValGet
bfc272a0 T ipmuxGpioOutputSet
bfc272fc T ipmuxGpioOutputGet
bfc27334 T ipmuxGpioTest
bfc27590 T oplbootMainloop
bfc27694 T oplbootInitial
bfc27810 T oplbootMenuShow
bfc279a4 T oplbootParseInput
bfc27ab4 T oplbootMenuChange
bfc27bf0 T oplbootDataType
bfc27dbc T oplbootCharCheck
bfc27e90 T oplCommandLineInterface
bfc28170 T oplbootNameSet
bfc28204 T oplbootCharDataInput
bfc28320 T oplbootTypeSel
bfc284cc T oplbootSetEthIP
bfc286d0 T oplbootSaveConfig
bfc28bac T oplbootLoadSystem
bfc29508 T oplbootSerialBau
bfc296f8 t delete_char
bfc2987c T oplReadline
bfc29c18 T setBootFlag
bfc29dc0 T flash_init
bfc29fd0 t flash_reset
bfc2a068 t flash_get_offsets
bfc2a484 T flash_print_allinfo
bfc2a550 t flash_get_info
bfc2a594 T flash_print_info
bfc2aba4 T flash_get_size
bfc2afa8 T flash_erase
bfc2b520 T write_buff
bfc2b694 t write_word_amd
bfc2b874 t write_word_intel
bfc2b9c0 T wweidebug
bfc2ba10 t write_bd_rx
bfc2ba68 t bd_one_rx_valid
bfc2bab4 t find_valid_rx
bfc2bb60 t read_bd_rx
bfc2bc3c T print_bd_one_rx
bfc2bccc t write_bd_tx
bfc2bdcc t read_bd_tx
bfc2be10 t print_bd_data
bfc2be88 t print_bd_one_tx
bfc2bf18 T print_bd_rx
bfc2bfb8 T print_bd_tx
bfc2c060 t init_bd_rx
bfc2c0c8 t init_bd_tx
bfc2c134 T opipmux_gel_send
bfc2c7a0 t inc_bdid_tx
bfc2c7e8 t inc_bdid_rx
bfc2c830 T print_mem
bfc2c93c T spaToBdZero
bfc2c9d0 T debug_fe_loopback
bfc2ccc4 T test_gel_debug
bfc2cd08 T ntoh_range
bfc2cd1c t opipmux_gel_recv
bfc2cf24 T opipmux_gel_reset
bfc2cf64 T opipmux_gel_tx_loopbackto_rx
bfc2cf78 t init_dma_fe
bfc2cfa4 t unable_dma_fe
bfc2d000 T opipmux_gel_init
bfc2d13c t test_gel_sendpack
bfc2d19c T spa
bfc2d1e0 t opipmux_gel_halt
bfc2d1f4 T opipmux_gmac_initialize
bfc2d22c T opipmux_bc_init
bfc2d318 T opipmux_gel_initialize
bfc2d410 T oplRegFieldRead
bfc2d4b0 T oplRegFieldWrite
bfc2d55c T mdioRegisterRead
bfc2d744 T mdioRegisterWrite
bfc2d8c4 T mdioRegisterFieldRead
bfc2d9a4 T mdioRegisterFieldWrite
bfc2dab0 T hsl_port_prop_check
bfc2db04 T sd_mdio_set_is_inited
bfc2db24 T sd_mdio_get_is_inited
bfc2db44 t _shiva_mdio_reg_set
bfc2dc70 t _shiva_mdio_reg_get
bfc2ddc8 T sd_reg_mdio_set
bfc2de2c T sd_reg_mdio_get
bfc2de80 t shiva_phy_reg_get
bfc2df0c t shiva_phy_reg_set
bfc2df98 t shiva_mdio_reg_get
bfc2dfdc t shiva_mdio_reg_set
bfc2e020 T hsl_reg_ptr_get
bfc2e040 T hsl_dev_ptr_get
bfc2e060 T isis_reg_set
bfc2e13c T isis_reg_get
bfc2e210 t shiva_reg_entry_get
bfc2e2f4 t shiva_reg_entry_set
bfc2e3d8 t shiva_reg_field_get
bfc2e504 t shiva_reg_field_set
bfc2e684 T shiva_reg_access_mode_init
bfc2e798 T f2_phy_poweroff
bfc2e84c T f2_phy_poweron
bfc2e898 T f2_phy_reset
bfc2e928 t shiva_dev_init
bfc2e9a4 t shiva_hw_init
bfc2ec20 t shiva_bist_test
bfc2ef84 T hsl_port_prop_init
bfc2efa8 T hsl_port_prop_init_by_dev
bfc2f038 T shiva_init
bfc2f3a4 T hsl_dev_init
bfc2f428 T ssdk_init
bfc2f460 T shiva_port_hdr_status_set
bfc2f538 T shiva_cpu_port_status_set
bfc2f5f0 T shiva_mib_status_set
bfc2f6a8 T shiva_get_mib_info
bfc30680 T shiva_port_bc_filter_set
bfc307d0 T shiva_port_unk_uc_filter_set
bfc30920 T atheros_init
bfc30d0c T atheros_wr_reg
bfc30d60 T atheros_show_reg
bfc30de0 T atheros_show_cnt
bfc3109c T atheros_shutdown_phy
bfc310f8 T atheros_poweron_phy
bfc31160 T do_reset
bfc311b8 T flush_cache
bfc311cc T write_one_tlb
bfc31210 T enable_interrupts
bfc31224 T disable_interrupts
bfc31240 T opipmux_get_cpuclk
bfc31274 T opipmux_get_fpiclk
bfc312dc T opipmux_set_cpuclk
bfc313b0 T mips_cache_reset
bfc31548 T dcache_status
bfc31558 T dcache_disable
bfc31574 T mips_cache_lock
bfc315d0 T mips_cache_unlock
bfc3162c T mips_cache_lock_status
bfc31640 T do_bootm_linux
bfc31cb8 t linux_params_init
bfc31f08 t linux_env_set
bfc320c0 T GregorianDay
bfc32244 T to_tm
bfc323f8 T mktime
bfc324e0 T ebu_init
bfc32588 T cgu_init
bfc32650 T sdram_init
bfc32704 T memsetup
bfc32728 t goto22_bg
bfc32734 t goto22_ag
bfc32738 t shift22
bfc32770 r crc16tab
bfc36430 r baudrate_table
bfc38500 r crc_table
bfc3b780 D g_phy_speed
bfc3b784 d failed
bfc3b788 D init_sequence
bfc3b7b0 D NetBcastAddr
bfc3b7b6 D NetOurVLAN
bfc3b7b8 D NetOurNativeVLAN
bfc3b7c0 d erase_seq
bfc3b7c4 d tab_seq
bfc3b7d0 D load_addr
bfc3b7e0 D dp_last_length
bfc3b7f0 D stdio_names
bfc3b800 d av_
bfc3bc08 d trim_threshold
bfc3bc0c d mmap_threshold
bfc3bc10 d sbrk_base
bfc3bc20 D env_get_char
bfc3bc24 D default_environment
bfc3c070 D env_name_spec
bfc3c074 D env_ptr
bfc3c078 d flash_addr
bfc3c090 d inflate_mask
bfc3c0d4 d border
bfc3c120 d cplens
bfc3c19c d cplext
bfc3c218 d cpdist
bfc3c290 d cpdext
bfc3c308 d fixed_left
bfc3c30c D zlib_version
bfc3c310 D z_errmsg
bfc3c330 d kCantReadMessage
bfc3c334 d kCantAllocateMessage
bfc3c340 D _ctype
bfc3c440 D proc
bfc3c444 D as1
bfc3c448 D ae1
bfc3c44c D as2
bfc3c450 D ae2
bfc3c454 D adis
bfc3c460 d strsect.0
bfc3c470 D pGpio
bfc3c480 d erase_seq
bfc3c484 d tab_seq
bfc3c490 d menuMain
bfc3c5a8 d menuBootConfig
bfc3c6a4 d menuEtherConfig
bfc3c730 d menuBootFromNfs
bfc3c7a0 d menuSerialConfig
bfc3c7f4 d netUpdateMenu
bfc3c8d4 d menuBootFlashType
bfc3c960 d menuBootLocation
bfc3c9ec d xUpdateMenu
bfc3caa0 D CS0_REDEFINED
bfc3cab0 D ssdk_mdio_set
bfc3cab4 D ssdk_mdio_get
bfc3cac0 d month_days
bfc3caf0 A __got_start
bfc3caf0 A _gp
bfc3caf0 D _GLOBAL_OFFSET_TABLE_
bfc3d208 A __got_end
bfc3d208 A __u_boot_cmd_start
bfc3d208 D __u_boot_cmd_Xdown
bfc3d220 D __u_boot_cmd_update
bfc3d238 D __u_boot_cmd_bdinfo
bfc3d250 D __u_boot_cmd_go
bfc3d268 D __u_boot_cmd_reset
bfc3d280 D __u_boot_cmd_bootm
bfc3d298 D __u_boot_cmd_boot
bfc3d2b0 D __u_boot_cmd_bootd
bfc3d2c8 D __u_boot_cmd_coninfo
bfc3d2e0 D __u_boot_cmd_bootelf
bfc3d2f8 D __u_boot_cmd_bootvx
bfc3d310 D __u_boot_cmd_flinfo
bfc3d328 D __u_boot_cmd_erase
bfc3d340 D __u_boot_cmd_protect
bfc3d358 D __u_boot_cmd_i2c_read
bfc3d370 D __u_boot_cmd_i2c_write
bfc3d388 D __u_boot_cmd_i2c_init
bfc3d3a0 D __u_boot_cmd_loadb
bfc3d3b8 D __u_boot_cmd_md
bfc3d3d0 D __u_boot_cmd_mm
bfc3d3e8 D __u_boot_cmd_nm
bfc3d400 D __u_boot_cmd_mw
bfc3d418 D __u_boot_cmd_cp
bfc3d430 D __u_boot_cmd_cmp
bfc3d448 D __u_boot_cmd_crc32
bfc3d460 D __u_boot_cmd_base
bfc3d478 D __u_boot_cmd_loop
bfc3d490 D __u_boot_cmd_mtest
bfc3d4a8 D __u_boot_cmd_bootp
bfc3d4c0 D __u_boot_cmd_tftpboot
bfc3d4d8 D __u_boot_cmd_rarpboot
bfc3d4f0 D __u_boot_cmd_ping
bfc3d508 D __u_boot_cmd_printenv
bfc3d520 D __u_boot_cmd_setenv
bfc3d538 D __u_boot_cmd_saveenv
bfc3d550 D __u_boot_cmd_askenv
bfc3d568 D __u_boot_cmd_run
bfc3d580 D __u_boot_cmd_umf
bfc3d598 D __u_boot_cmd_umtest
bfc3d5b0 D __u_boot_cmd_uloop
bfc3d5c8 D __u_boot_cmd_uloopfe
bfc3d5e0 D __u_boot_cmd_unote
bfc3d5f8 D __u_boot_cmd_uutftp
bfc3d610 D __u_boot_cmd_uuos1
bfc3d628 D __u_boot_cmd_uuos2
bfc3d640 D __u_boot_cmd_uucfg
bfc3d658 D __u_boot_cmd_uuram
bfc3d670 D __u_boot_cmd_uubd
bfc3d688 D __u_boot_cmd_orr
bfc3d6a0 D __u_boot_cmd_owr
bfc3d6b8 D __u_boot_cmd_mdior
bfc3d6d0 D __u_boot_cmd_mdiow
bfc3d6e8 D __u_boot_cmd_arr
bfc3d700 D __u_boot_cmd_awr
bfc3d718 D __u_boot_cmd_utx
bfc3d730 D __u_boot_cmd_utest
bfc3d748 D __u_boot_cmd_udelay
bfc3d760 D __u_boot_cmd_udbgs
bfc3d778 D __u_boot_cmd_udbgrx
bfc3d790 D __u_boot_cmd_udbgtx
bfc3d7a8 D __u_boot_cmd_uenpr
bfc3d7c0 D __u_boot_cmd_version
bfc3d7d8 D __u_boot_cmd_echo
bfc3d7f0 D __u_boot_cmd_help
bfc3d808 D __u_boot_cmd_question_mark
bfc3d820 A __u_boot_cmd_end
bfc3d820 A uboot_end_data
bfc3d820 B image_type
bfc3d830 b mem_malloc_start
bfc3d834 b mem_malloc_end
bfc3d838 b mem_malloc_brk
bfc3d840 B NetBreak
bfc3d844 B NetOurSubnetMask
bfc3d848 B NetOurGatewayIP
bfc3d84c B NetOurDNSIP
bfc3d850 B NetOurNISDomain
bfc3d870 B NetOurHostName
bfc3d890 B NetOurRootPath
bfc3d8d0 B NetBootFileSize
bfc3d8d4 B NetServerEther
bfc3d8dc B NetEtherNullAddr
bfc3d8e4 B NetRestartWrap
bfc3d8e8 b NetRestarted
bfc3d8ec b NetDevExists
bfc3d8f0 B NetTxPacket
bfc3d8f4 b mac.0
bfc3d8fc b mac_dest.1
bfc3d904 b mac.2
bfc3d90c b mac_dest.3
bfc3d914 b mac.4
bfc3d91c b packetHandler
bfc3d920 b timeHandler
bfc3d924 b timeStart
bfc3d928 b timeDelta
bfc3d92c b PingSeqNo
bfc3d930 b TftpServerPort
bfc3d934 b TftpOurPort
bfc3d938 b TftpTimeoutCount
bfc3d93c b TftpBlock
bfc3d940 b TftpLastBlock
bfc3d944 b TftpLastBlock_send
bfc3d948 b TftpBlockWrap
bfc3d94c b TftpBlockWrapOffset
bfc3d950 b TftpState
bfc3d954 b default_filename
bfc3d964 b tftp_filename
bfc3d970 b first_failed.0
bfc3d974 b eth_devices
bfc3d978 b eth_current
bfc3d980 B enable_net_polling
bfc3d984 b lastcommand.0
bfc3da90 b a_b
bfc3daa8 b os_data_state
bfc3daac b os_data_state_saved
bfc3dab0 b os_data_count_saved
bfc3dab4 b os_data_addr
bfc3dab8 b os_data_addr_saved
bfc3dabc b bin_start_address
bfc3dac0 b k_data_escape
bfc3dac4 b k_data_escape_saved
bfc3dad0 b base_address
bfc3dae0 B tftp_file_size
bfc3daf0 b ctrlc_disabled
bfc3daf4 b ctrlc_was_pressed
bfc3db00 B devlist
bfc3db04 B stdio_devices
bfc3db10 b top_pad
bfc3db14 b n_mmaps_max
bfc3db18 b max_sbrked_mem
bfc3db1c b max_total_mem
bfc3db20 b current_mallinfo
bfc3db48 b mmapped_mem
bfc3db50 B nI2cDbgFd
bfc3db54 b bNoStopIssue
bfc3db60 b fixed_lock
bfc3db64 b fixed_built
bfc3db68 b fixed_mem
bfc3ebf8 b fixed_bl
bfc3ebfc b fixed_bd
bfc3ec00 b fixed_tl
bfc3ec04 b fixed_td
bfc3ec10 b rpos
bfc3ec14 b dpos
bfc3ec20 B debug_rx
bfc3ec22 B debug_tx
bfc3ec24 b ip_count.1
bfc3ec2c b icmp_count.2
bfc3ec34 b arp_count.3
bfc3ec3c b boardcast_count.4
bfc3ec44 b total_count.5
bfc3ec50 b NetBreak1
bfc3ec54 b pNow
bfc3ec58 b oplbootConsoleBuffer
bfc3ed60 B bd_id_rx
bfc3ed62 B bd_id_tx
bfc3ed70 b p_port_info
bfc3ed74 B api_ifname
bfc3ed84 b shiva_cfg
bfc3ed88 b dev_table
bfc3edd0 b linux_argc
bfc3edd4 b linux_argv
bfc3edd8 b linux_env
bfc3eddc b linux_env_p
bfc3ede0 b linux_env_idx
bfc3edf0 B flash_info
bfc3f300 B version_string
bfc3f370 B NetRxPackets
bfc3f380 B BootFile
bfc3f400 B NetArpWaitPacketBuf
bfc3fa20 B PktBuf
bfc41840 B console_buffer
bfc41940 B header
bfc41990 B os_data_header
bfc419b0 B send_parms
bfc419d0 B RxBufTmp
bfc421d0 B Buffers
bfc821d0 C monitor_flash_len
bfc821d4 C NetArpWaitTry
bfc821d8 C NetArpWaitPacketMAC
bfc821dc C NetOurEther
bfc821e4 C NetOurIP
bfc821e8 C NetPingIP
bfc821ec C NetServerIP
bfc821f0 C NetArpWaitTxPacketSize
bfc821f4 C NetArpWaitReplyIP
bfc821f8 C NetArpWaitTxPacket
bfc821fc C NetArpWaitPacketIP
bfc82200 C NetState
bfc82204 C NetIPID
bfc82208 C NetRxPkt
bfc8220c C NetRxPktLen
bfc82210 C NetBootFileXferSize
bfc82214 C NetArpWaitTimerStart
bfc82218 C BootpTry
bfc8221c C BootpID
bfc82220 C RarpTry
bfc82224 C his_pad_char
bfc82228 C os_data_count
bfc8222c C os_data_init
bfc82230 C send_ptr
bfc82234 C os_data_char
bfc82238 C his_eol
bfc82239 C his_quote
bfc8223c C his_pad_count
bfc82240 C dp_last_size
bfc82244 C dp_last_addr
bfc82248 C mm_last_size
bfc8224c C mm_last_addr
bfc82250 C ipMuxI2CC
bfc82254 C ___strtok
bfc82258 C ge_reg
bfc8225c A uboot_end
