Archive member included because of file (symbol)

board/opipmux/libopipmux.a(ipmux_update.o)
                              (__u_boot_cmd_Xdown)
board/opipmux/libopipmux.a(ipmux_ddr_asm.o)
                              cpu/mips/start.o (ipmux_ddr_tune)
board/opipmux/libopipmux.a(ipmux_test_ram.o)
                              cpu/mips/start.o (sdram_test_asm)
board/opipmux/libopipmux.a(ipmux_uart.o)
                              board/opipmux/libopipmux.a(ipmux_update.o) (serial_putc)
cpu/mips/libmips.a(cache_cpu.o)
                              cpu/mips/start.o (sys_init_cache)
lib_mips/libmips.a(board.o)   cpu/mips/start.o (board_init_f)
lib_mips/libmips.a(time.o)    lib_mips/libmips.a(board.o) (timer_init)
net/libnet.a(net.o)           lib_mips/libmips.a(board.o) (getenv_IPaddr)
net/libnet.a(tftp.o)          net/libnet.a(net.o) (TftpStart)
net/libnet.a(bootp.o)         net/libnet.a(net.o) (BootpTry)
net/libnet.a(rarp.o)          net/libnet.a(net.o) (RarpTry)
net/libnet.a(eth.o)           net/libnet.a(net.o) (eth_get_dev)
common/libcommon.a(main.o)    board/opipmux/libopipmux.a(ipmux_uart.o) (enable_net_polling)
common/libcommon.a(cmd_bdinfo.o)
                              (__u_boot_cmd_bdinfo)
common/libcommon.a(cmd_boot.o)
                              (__u_boot_cmd_go)
common/libcommon.a(cmd_bootm.o)
                              lib_mips/libmips.a(board.o) (load_addr)
common/libcommon.a(cmd_console.o)
                              (__u_boot_cmd_coninfo)
common/libcommon.a(cmd_elf.o)
                              common/libcommon.a(cmd_bootm.o) (do_bootelf)
common/libcommon.a(cmd_flash.o)
                              (__u_boot_cmd_flinfo)
common/libcommon.a(cmd_i2c.o)
                              (__u_boot_cmd_i2c_read)
common/libcommon.a(cmd_load.o)
                              (__u_boot_cmd_loadb)
common/libcommon.a(cmd_mem.o)
                              (__u_boot_cmd_md)
common/libcommon.a(cmd_net.o)
                              (__u_boot_cmd_bootp)
common/libcommon.a(cmd_nvedit.o)
                              lib_mips/libmips.a(board.o) (setenv)
common/libcommon.a(cmd_uu.o)  board/opipmux/libopipmux.a(ipmux_update.o) (getOplHeadSwitchStatus)
common/libcommon.a(cmd_utx.o)
                              (__u_boot_cmd_utx)
common/libcommon.a(cmd_utest.o)
                              (__u_boot_cmd_utest)
common/libcommon.a(command.o)
                              (__u_boot_cmd_version)
common/libcommon.a(console.o)
                              board/opipmux/libopipmux.a(ipmux_update.o) (printf)
common/libcommon.a(devices.o)
                              common/libcommon.a(cmd_console.o) (devlist)
common/libcommon.a(dlmalloc.o)
                              lib_mips/libmips.a(board.o) (malloc_bin_reloc)
common/libcommon.a(env_common.o)
                              common/libcommon.a(cmd_nvedit.o) (env_get_char)
common/libcommon.a(env_flash.o)
                              lib_mips/libmips.a(board.o) (env_name_spec)
common/libcommon.a(exports.o)
                              lib_mips/libmips.a(board.o) (jumptable_init)
common/libcommon.a(flash.o)   common/libcommon.a(cmd_mem.o) (addr2info)
common/libcommon.a(lists.o)   common/libcommon.a(devices.o) (ListCreate)
common/libcommon.a(ipmux_i2c.o)
                              common/libcommon.a(cmd_i2c.o) (ipmuxI2CInit)
lib_generic/libgeneric.a(crc32.o)
                              common/libcommon.a(cmd_bootm.o) (crc32)
lib_generic/libgeneric.a(display_options.o)
                              net/libnet.a(tftp.o) (print_size)
lib_generic/libgeneric.a(string.o)
                              common/libcommon.a(main.o) (strcat)
lib_generic/libgeneric.a(vsprintf.o)
                              board/opipmux/libopipmux.a(ipmux_update.o) (simple_strtoul)
lib_generic/libgeneric.a(zlib.o)
                              common/libcommon.a(cmd_bootm.o) (inflateEnd)
lib_generic/libgeneric.a(LzmaWrapper.o)
                              common/libcommon.a(cmd_bootm.o) (lzma_inflate)
lib_generic/libgeneric.a(ctype.o)
                              lib_generic/libgeneric.a(string.o) (_ctype)
lib_generic/libgeneric.a(LzmaDecode.o)
                              lib_generic/libgeneric.a(LzmaWrapper.o) (LzmaDecodeProperties)
board/opipmux/libopipmux.a(opipmux.o)
                              lib_mips/libmips.a(board.o) (initdram)
board/opipmux/libopipmux.a(ipmux_memory_test.o)
                              common/libcommon.a(cmd_uu.o) (set_memtestrange)
board/opipmux/libopipmux.a(ipmux_fe_test.o)
                              common/libcommon.a(cmd_utest.o) (debug_rx)
board/opipmux/libopipmux.a(ipmux_gpio.o)
                              common/libcommon.a(cmd_utest.o) (ipmuxGpioTest)
board/opipmux/libopipmux.a(opulan_bootextend.o)
                              common/libcommon.a(main.o) (oplbootMainloop)
board/opipmux/libopipmux.a(ipmux_flash_onu_8bit.o)
                              common/libcommon.a(env_flash.o) (CS0_REDEFINED)
board/opipmux/libopipmux.a(ipmuxclt_fe_onu.o)
                              common/libcommon.a(cmd_uu.o) (print_bd_rx)
board/opipmux/libopipmux.a(ipmux_mdio.o)
                              common/libcommon.a(cmd_uu.o) (mdioRegisterRead)
board/opipmux/libopipmux.a(opconn_atheros_8228.o)
                              lib_mips/libmips.a(board.o) (atheros_init)
cpu/mips/libmips.a(cpu.o)     common/libcommon.a(cmd_boot.o) (do_reset)
cpu/mips/libmips.a(interrupts.o)
                              common/libcommon.a(cmd_bootm.o) (enable_interrupts)
cpu/mips/libmips.a(opipmux_clock.o)
                              lib_mips/libmips.a(time.o) (opipmux_get_cpuclk)
cpu/mips/libmips.a(cache.o)   common/libcommon.a(cmd_elf.o) (dcache_status)
lib_mips/libmips.a(mips_linux.o)
                              common/libcommon.a(cmd_bootm.o) (do_bootm_linux)
rtc/librtc.a(date.o)          common/libcommon.a(cmd_bootm.o) (to_tm)
board/opipmux/libopipmux.a(memsetup.o)
                              cpu/mips/libmips.a(opipmux_clock.o) (ebu_init)

Allocating common symbols
Common symbol       size              file

dp_last_size        0x4               common/libcommon.a(cmd_mem.o)
console_buffer      0x100             common/libcommon.a(main.o)
version_string      0x64              lib_mips/libmips.a(board.o)
NetArpWaitTry       0x4               net/libnet.a(net.o)
NetArpWaitPacketMAC
                    0x4               net/libnet.a(net.o)
flash_info          0x50c             board/opipmux/libopipmux.a(ipmux_update.o)
NetOurEther         0x6               net/libnet.a(net.o)
NetOurIP            0x4               net/libnet.a(net.o)
NetPingIP           0x4               net/libnet.a(net.o)
NetServerIP         0x4               net/libnet.a(net.o)
monitor_flash_len   0x4               lib_mips/libmips.a(board.o)
___strtok           0x4               lib_generic/libgeneric.a(string.o)
NetArpWaitTxPacketSize
                    0x4               net/libnet.a(net.o)
NetArpWaitReplyIP   0x4               net/libnet.a(net.o)
NetRxPackets        0x10              net/libnet.a(net.o)
NetArpWaitTxPacket  0x4               net/libnet.a(net.o)
NetArpWaitPacketIP  0x4               net/libnet.a(net.o)
NetState            0x4               net/libnet.a(net.o)
BootpTry            0x4               net/libnet.a(bootp.o)
BootFile            0x80              net/libnet.a(net.o)
dp_last_addr        0x4               common/libcommon.a(cmd_mem.o)
his_pad_char        0x1               common/libcommon.a(cmd_load.o)
os_data_count       0x4               common/libcommon.a(cmd_load.o)
RarpTry             0x4               net/libnet.a(rarp.o)
mm_last_size        0x4               common/libcommon.a(cmd_mem.o)
os_data_init        0x4               common/libcommon.a(cmd_load.o)
mm_last_addr        0x4               common/libcommon.a(cmd_mem.o)
NetIPID             0x4               net/libnet.a(net.o)
send_ptr            0x4               common/libcommon.a(cmd_load.o)
BootpID             0x4               net/libnet.a(bootp.o)
NetRxPkt            0x4               net/libnet.a(net.o)
os_data_header      0x20              common/libcommon.a(cmd_load.o)
RxBufTmp            0x800             board/opipmux/libopipmux.a(ipmuxclt_fe_onu.o)
os_data_char        0x4               common/libcommon.a(cmd_load.o)
NetArpWaitPacketBuf
                    0x620             net/libnet.a(net.o)
g_stAtherosHeader   0x2               board/opipmux/libopipmux.a(ipmuxclt_fe_onu.o)
ipMuxI2CC           0x3               common/libcommon.a(ipmux_i2c.o)
his_eol             0x1               common/libcommon.a(cmd_load.o)
header              0x4c              common/libcommon.a(cmd_bootm.o)
NetRxPktLen         0x4               net/libnet.a(net.o)
Buffers             0x40000           board/opipmux/libopipmux.a(ipmuxclt_fe_onu.o)
his_quote           0x1               common/libcommon.a(cmd_load.o)
NetBootFileXferSize
                    0x4               net/libnet.a(net.o)
PktBuf              0x1e20            net/libnet.a(net.o)
send_parms          0x14              common/libcommon.a(cmd_load.o)
ge_reg              0x4               board/opipmux/libopipmux.a(ipmuxclt_fe_onu.o)
his_pad_count       0x4               common/libcommon.a(cmd_load.o)
NetArpWaitTimerStart
                    0x4               net/libnet.a(net.o)

Memory Configuration

Name             Origin             Length             Attributes
*default*        0x0000000000000000 0xffffffffffffffff

Linker script and memory map

                0x0000000000000000                . = 0x0
                0x0000000000000000                . = ALIGN (0x4)

.text           0x00000000bfc00000    0x32c70
 *(.text)
 .text          0x00000000bfc00000      0x5e0 cpu/mips/start.o
                0x00000000bfc004b4                copy_relocate_code_to_ram
                0x00000000bfc00508                relocate_code
                0x00000000bfc00558                jump_in_ram
                0x00000000bfc00000                _start
 .text          0x00000000bfc005e0     0x1390 board/opipmux/libopipmux.a(ipmux_update.o)
                0x00000000bfc014e0                reCfgCs0
                0x00000000bfc01650                cs0Cfgdefault
                0x00000000bfc00620                xmodemGetc
                0x00000000bfc006e4                crc16_ccitt
                0x00000000bfc005e0                xmodemPutc
                0x00000000bfc018d8                do_update
                0x00000000bfc017b8                imagePreCheck
                0x00000000bfc00c8c                do_Xdown
                0x00000000bfc00804                Xdown
                0x00000000bfc00d24                update
                0x00000000bfc016e4                bootUpdateSimpleCheck
 .text          0x00000000bfc01970     0x6290 board/opipmux/libopipmux.a(ipmux_ddr_asm.o)
                0x00000000bfc048c8                optrann_ddr2_tune
                0x00000000bfc01970                delayasmshort
                0x00000000bfc020f0                optrann_ddr3_tune
                0x00000000bfc01c9c                onu_ddr_tune
                0x00000000bfc01994                ipmux_ddr_tune
 .text          0x00000000bfc07c00      0x130 board/opipmux/libopipmux.a(ipmux_test_ram.o)
                0x00000000bfc07c98                sdram_test_asm_down
                0x00000000bfc07c00                sdram_test_asm
 .text          0x00000000bfc07d30      0x4c0 board/opipmux/libopipmux.a(ipmux_uart.o)
                0x00000000bfc081cc                serial_disable_fifo
                0x00000000bfc08184                serial_disable_loopback
                0x00000000bfc07d98                serial_setbrg
                0x00000000bfc07f74                serial_nowait_getc
                0x00000000bfc07f94                serial_tstc
                0x00000000bfc07e00                serial_putc
                0x00000000bfc08160                serial_set_loopback
                0x00000000bfc080cc                set_tx_rx_trig_level
                0x00000000bfc07e68                serial_nowait_putc
                0x00000000bfc07d30                serial_init
                0x00000000bfc07ec4                serial_puts
                0x00000000bfc081ac                serial_enable_fifo
                0x00000000bfc07f2c                serial_getc
                0x00000000bfc08140                get_int_stat
 .text          0x00000000bfc081f0      0x7f0 cpu/mips/libmips.a(cache_cpu.o)
                0x00000000bfc085c4                sys_determine_dcache_linesize_flash
                0x00000000bfc084cc                sys_determine_icache_lines_flash
                0x00000000bfc08638                sys_determine_dcache_lines_flash
                0x00000000bfc08558                sys_determine_icache_assoc_flash
                0x00000000bfc08730                sys_init_l2cache_flash
                0x00000000bfc08458                sys_determine_icache_linesize_flash
                0x00000000bfc083b8                sys_determine_l2cache_assoc_flash
                0x00000000bfc088e8                sys_init_dcache
                0x00000000bfc086c4                sys_determine_dcache_assoc_flash
                0x00000000bfc08400                sys_determine_l2cache_avail_flash
                0x00000000bfc08824                sys_init_icache
                0x00000000bfc08350                sys_determine_l2cache_lines_flash
                0x00000000bfc081f0                sys_init_cache
                0x00000000bfc082f0                sys_determine_l2cache_linesize_flash
 .text          0x00000000bfc089e0     0x10f0 lib_mips/libmips.a(board.o)
                0x00000000bfc09748                hang
                0x00000000bfc09100                board_init_r
                0x00000000bfc09788                configDdr
                0x00000000bfc089e0                version_init
                0x00000000bfc08ae4                sbrk
                0x00000000bfc09064                testboard
                0x00000000bfc08d44                board_init_f
                0x00000000bfc08f6c                print_gp
 .text          0x00000000bfc09ad0      0x330 lib_mips/libmips.a(time.o)
                0x00000000bfc09bfc                set_timer
                0x00000000bfc09aec                reset_timer
                0x00000000bfc09db8                get_tbclk
                0x00000000bfc09b04                get_timer
                0x00000000bfc09ad0                timer_init
                0x00000000bfc09d08                udelay
                0x00000000bfc09d9c                get_ticks
                0x00000000bfc09c14                udelay_t
                0x00000000bfc09b1c                get_timer_usec
                0x00000000bfc09b94                get_timer_sec
 .text          0x00000000bfc09e00     0x2620 net/libnet.a(net.o)
                0x00000000bfc0c37c                getenv_IPaddr
                0x00000000bfc0bdec                NetCksumOk
                0x00000000bfc0aa6c                NetSetTimeout
                0x00000000bfc0c0a8                copy_filename
                0x00000000bfc0be84                NetEthHdrSize
                0x00000000bfc0c124                ip_to_string
                0x00000000bfc09fbc                ArpTimeoutCheck
                0x00000000bfc0b520                NetReceive
                0x00000000bfc0c190                string_to_ip
                0x00000000bfc0ab38                NetSendUDPPacket
                0x00000000bfc0c32c                print_IPaddr
                0x00000000bfc0b058                PauseSend
                0x00000000bfc0bec0                NetSetEther
                0x00000000bfc0a0e0                NetLoop
                0x00000000bfc09e00                ArpRequest
                0x00000000bfc0c238                VLAN_to_string
                0x00000000bfc0c3c8                getenv_VLAN
                0x00000000bfc0be30                NetCksum
                0x00000000bfc0bf80                NetSetIP
                0x00000000bfc0afb0                PauseSend_macok
                0x00000000bfc0c2c4                string_to_VLAN
                0x00000000bfc0ad60                PingReply
                0x00000000bfc0a878                NetStartAgain
                0x00000000bfc0aa4c                NetSetHandler
                0x00000000bfc0b1a0                PingSend
                0x00000000bfc0ab00                NetSendPacket
 .text          0x00000000bfc0c420      0xdd0 net/libnet.a(tftp.o)
                0x00000000bfc0cdb0                TftpStart
 .text          0x00000000bfc0d1f0      0xba0 net/libnet.a(bootp.o)
                0x00000000bfc0da58                BootpRequest
 .text          0x00000000bfc0dd90      0x2e0 net/libnet.a(rarp.o)
                0x00000000bfc0dec4                RarpRequest
 .text          0x00000000bfc0e070      0xb90 net/libnet.a(eth.o)
                0x00000000bfc0e884                eth_halt
                0x00000000bfc0e0f8                eth_register
                0x00000000bfc0e070                eth_get_dev
                0x00000000bfc0e994                eth_try_another
                0x00000000bfc0e68c                eth_set_enetaddr
                0x00000000bfc0e230                eth_initialize
                0x00000000bfc0ead4                eth_set_current
                0x00000000bfc0e93c                eth_rx
                0x00000000bfc0e090                eth_get_dev_index
                0x00000000bfc0e79c                eth_init
                0x00000000bfc0ebcc                eth_get_name
                0x00000000bfc0e8d8                eth_send
 .text          0x00000000bfc0ec00     0x14f0 common/libcommon.a(main.o)
                0x00000000bfc0fcb8                run_command
                0x00000000bfc0ffd8                do_run
                0x00000000bfc0f420                readline
                0x00000000bfc0f0a8                main_loop
                0x00000000bfc0edb4                oplBannner
                0x00000000bfc0ec98                oplParameterForOS
                0x00000000bfc0ec00                WordWrite
 .text          0x00000000bfc100f0      0x230 common/libcommon.a(cmd_bdinfo.o)
                0x00000000bfc100f0                do_bdinfo
 .text          0x00000000bfc10320      0x100 common/libcommon.a(cmd_boot.o)
                0x00000000bfc10320                do_go
 .text          0x00000000bfc10420     0x15e0 common/libcommon.a(cmd_bootm.o)
                0x00000000bfc11000                print_image_hdr
                0x00000000bfc10f94                do_bootd
                0x00000000bfc1162c                gunzip
                0x00000000bfc10420                do_bootm
 .text          0x00000000bfc11a00      0x180 common/libcommon.a(cmd_console.o)
                0x00000000bfc11a00                do_coninfo
 .text          0x00000000bfc11b80      0x6c0 common/libcommon.a(cmd_elf.o)
                0x00000000bfc11b80                do_bootelf
                0x00000000bfc11d34                do_bootvx
                0x00000000bfc12014                valid_elf_image
                0x00000000bfc12098                load_elf_image
 .text          0x00000000bfc12240     0x1180 common/libcommon.a(cmd_flash.o)
                0x00000000bfc12884                do_flinfo
                0x00000000bfc12c88                flash_sect_erase
                0x00000000bfc12dc0                do_protect
                0x00000000bfc129b4                do_flerase
                0x00000000bfc13278                flash_sect_protect
 .text          0x00000000bfc133c0      0x310 common/libcommon.a(cmd_i2c.o)
                0x00000000bfc134c0                do_i2c_write
                0x00000000bfc133c0                do_i2c_read
                0x00000000bfc135cc                do_i2c_init
 .text          0x00000000bfc136d0     0x11a0 common/libcommon.a(cmd_load.o)
                0x00000000bfc13f6c                k_data_init
                0x00000000bfc13bbc                s1_sendpacket
                0x00000000bfc14158                handle_send_packet
                0x00000000bfc14020                k_data_restore
                0x00000000bfc13cdc                send_nack
                0x00000000bfc136d0                do_load_serial_bin
                0x00000000bfc14080                k_data_char
                0x00000000bfc13b70                chk1
                0x00000000bfc13fc0                k_data_save
                0x00000000bfc13b28                ktrans
                0x00000000bfc13ab8                send_pad
                0x00000000bfc13c34                send_ack
 .text          0x00000000bfc14870     0x12e0 common/libcommon.a(cmd_mem.o)
                0x00000000bfc15380                do_mem_base
                0x00000000bfc14d5c                do_mem_mw
                0x00000000bfc159ec                do_mem_crc
                0x00000000bfc14d04                do_mem_nm
                0x00000000bfc14cac                do_mem_mm
                0x00000000bfc1514c                do_mem_cp
                0x00000000bfc155a8                do_mem_mtest
                0x00000000bfc14ed4                do_mem_cmp
                0x00000000bfc14870                cmd_get_data_size
                0x00000000bfc15410                do_mem_loop
                0x00000000bfc14930                do_mem_md
 .text          0x00000000bfc15b50      0x6f0 common/libcommon.a(cmd_net.o)
                0x00000000bfc15be0                do_rarpb
                0x00000000bfc16140                do_ping
                0x00000000bfc15b98                do_tftpb
                0x00000000bfc15b50                do_bootp
 .text          0x00000000bfc16240     0x1190 common/libcommon.a(cmd_nvedit.o)
                0x00000000bfc17064                getenv
                0x00000000bfc16560                _do_setenv
                0x00000000bfc16e08                do_askenv
                0x00000000bfc1715c                getenv_r
                0x00000000bfc16240                do_printenv
                0x00000000bfc16d24                setenv
                0x00000000bfc172a4                do_saveenv
                0x00000000bfc16d8c                do_setenv
 .text          0x00000000bfc173d0     0x2760 common/libcommon.a(cmd_uu.o)
                0x00000000bfc1964c                do_uubd
                0x00000000bfc174ac                owr
                0x00000000bfc18f14                do_unote
                0x00000000bfc19270                do_uloopfe
                0x00000000bfc18048                do_uuos2
                0x00000000bfc17b20                do_uuos1
                0x00000000bfc1744c                orr
                0x00000000bfc19058                do_uloop
                0x00000000bfc19a20                do_atherosRegisterWrite
                0x00000000bfc194bc                do_umtest
                0x00000000bfc19968                do_mdioRegisterRead
                0x00000000bfc1932c                do_umtestm
                0x00000000bfc174cc                do_owr
                0x00000000bfc19ab0                do_atherosRegisterRead
                0x00000000bfc198ac                do_mdioRegisterWrite
                0x00000000bfc18590                do_uucfg
                0x00000000bfc17598                do_orr
                0x00000000bfc18a9c                promt_cancel
                0x00000000bfc173d0                getOplHeadSwitchStatus
                0x00000000bfc18bb0                do_uuram
                0x00000000bfc1762c                do_uutftp
                0x00000000bfc1975c                do_umf
 .text          0x00000000bfc19b30      0x100 common/libcommon.a(cmd_utx.o)
                0x00000000bfc19b30                do_utx
 .text          0x00000000bfc19c30      0x4f0 common/libcommon.a(cmd_utest.o)
                0x00000000bfc19d14                do_udbgrx
                0x00000000bfc19dfc                do_udbgs
                0x00000000bfc19f80                do_udelay
                0x00000000bfc19e98                do_udbgtx
                0x00000000bfc19c30                do_uenpr
                0x00000000bfc1a068                do_utest
 .text          0x00000000bfc1a120      0x630 common/libcommon.a(command.o)
                0x00000000bfc1a228                do_echo
                0x00000000bfc1a5e8                find_cmd
                0x00000000bfc1a330                do_help
                0x00000000bfc1a120                do_version
 .text          0x00000000bfc1a750      0xd30 common/libcommon.a(console.o)
                0x00000000bfc1b0e4                console_init_r
                0x00000000bfc1acc4                printf
                0x00000000bfc1ae90                console_assign
                0x00000000bfc1aab4                getc
                0x00000000bfc1afe0                search_device
                0x00000000bfc1abe8                puts
                0x00000000bfc1b460                dbg
                0x00000000bfc1a844                serial_printf
                0x00000000bfc1a92c                ftstc
                0x00000000bfc1aa48                fprintf
                0x00000000bfc1ab14                tstc
                0x00000000bfc1ad28                vprintf
                0x00000000bfc1ad80                ctrlc
                0x00000000bfc1ab74                putc
                0x00000000bfc1ae20                disable_ctrlc
                0x00000000bfc1a8d0                fgetc
                0x00000000bfc1ae50                had_ctrlc
                0x00000000bfc1a988                fputc
                0x00000000bfc1afc4                console_init_f
                0x00000000bfc1ae70                clear_ctrlc
                0x00000000bfc1ac4c                nop
                0x00000000bfc1a9ec                fputs
 .text          0x00000000bfc1b480      0x1e0 common/libcommon.a(devices.o)
                0x00000000bfc1b528                device_register
                0x00000000bfc1b610                devices_done
                0x00000000bfc1b578                devices_init
 .text          0x00000000bfc1b660     0x17b0 common/libcommon.a(dlmalloc.o)
                0x00000000bfc1b984                malloc
                0x00000000bfc1c9ac                pvalloc
                0x00000000bfc1c9f8                calloc
                0x00000000bfc1cce4                malloc_usable_size
                0x00000000bfc1c260                realloc
                0x00000000bfc1cb58                malloc_trim
                0x00000000bfc1b660                malloc_bin_reloc
                0x00000000bfc1cd48                mallopt
                0x00000000bfc1c7cc                memalign
                0x00000000bfc1cb20                cfree
                0x00000000bfc1c96c                valloc
                0x00000000bfc1bf68                free
 .text          0x00000000bfc1ce10      0x230 common/libcommon.a(env_common.o)
                0x00000000bfc1cf04                env_get_addr
                0x00000000bfc1cf34                env_relocate
                0x00000000bfc1ce10                env_crc_update
                0x00000000bfc1cec8                env_get_char_memory
 .text          0x00000000bfc1d040      0x2f0 common/libcommon.a(env_flash.o)
                0x00000000bfc1d2cc                env_relocate_spec
                0x00000000bfc1d154                saveenv
                0x00000000bfc1d0ac                env_get_char_spec
                0x00000000bfc1d054                changePtr1
                0x00000000bfc1d088                changePtrback
                0x00000000bfc1d040                changePtr
                0x00000000bfc1d0c8                env_init
 .text          0x00000000bfc1d330       0xd0 common/libcommon.a(exports.o)
                0x00000000bfc1d358                jumptable_init
                0x00000000bfc1d344                get_version
 .text          0x00000000bfc1d400      0x4a0 common/libcommon.a(flash.o)
                0x00000000bfc1d52c                flash_write
                0x00000000bfc1d400                flash_protect
                0x00000000bfc1d4d8                addr2info
                0x00000000bfc1d710                flash_perror
 .text          0x00000000bfc1d8a0      0x720 common/libcommon.a(lists.o)
                0x00000000bfc1d95c                DisposeHandle
                0x00000000bfc1dc50                ListDispose
                0x00000000bfc1dcc4                ListInsertItems
                0x00000000bfc1dc34                ListSetAllocationPolicy
                0x00000000bfc1df8c                ListGetItemSize
                0x00000000bfc1df74                ListGetDataPtr
                0x00000000bfc1d8a0                NewHandle
                0x00000000bfc1d9d0                SetHandleSize
                0x00000000bfc1dc88                ListInsertItem
                0x00000000bfc1d9bc                GetHandleSize
                0x00000000bfc1dfa4                ListNumItems
                0x00000000bfc1df28                ListGetPtrToItem
                0x00000000bfc1dbbc                ListCreate
                0x00000000bfc1deb0                ListGetItems
 .text          0x00000000bfc1dfc0     0x1560 common/libcommon.a(ipmux_i2c.o)
                0x00000000bfc1f330                drvI2cDevWr
                0x00000000bfc1e2cc                i2cInterruptEnable
                0x00000000bfc1f084                i2cpr8
                0x00000000bfc1e924                i2cRead
                0x00000000bfc1f018                i2cpw16
                0x00000000bfc1e1b4                i2cSlaveModeSet
                0x00000000bfc1ef34                i2cpr16
                0x00000000bfc1f280                i2cReadRandom
                0x00000000bfc1e018                i2cControllerEnable
                0x00000000bfc1f1c0                i2cpw8
                0x00000000bfc1e380                i2cInterruptRoutine
                0x00000000bfc1e0e0                i2cControllerReset
                0x00000000bfc1e7bc                i2cWriteRepeat
                0x00000000bfc1e12c                i2cMasterModeSet
                0x00000000bfc1e07c                i2cControllerDisable
                0x00000000bfc1f3f0                drvI2cDevRd
                0x00000000bfc1dfc0                opwaycltIfI2cSTOStatusIssue
                0x00000000bfc1e40c                i2cWrite
                0x00000000bfc1f434                RdEpromTest
                0x00000000bfc1e240                i2cStatusGet
                0x00000000bfc1ed0c                i2cReadRepeat
                0x00000000bfc1ee64                ipmuxI2CInit
                0x00000000bfc1dfe0                oplRtosTaskDelay
 .text          0x00000000bfc1f520      0x230 lib_generic/libgeneric.a(crc32.o)
                0x00000000bfc1f70c                dbg_puts
                0x00000000bfc1f520                crc32
 .text          0x00000000bfc1f750      0x170 lib_generic/libgeneric.a(display_options.o)
                0x00000000bfc1f750                display_options
                0x00000000bfc1f79c                print_size
 .text          0x00000000bfc1f8c0      0x800 lib_generic/libgeneric.a(string.o)
                0x00000000bfc1fed0                memmove
                0x00000000bfc1fe90                memcpy
                0x00000000bfc1fdfc                strswab
                0x00000000bfc1fb10                strnlen
                0x00000000bfc1fa64                strrchr
                0x00000000bfc1f95c                strcat
                0x00000000bfc2006c                memchr
                0x00000000bfc1ff98                strstr
                0x00000000bfc1fcb4                strtok
                0x00000000bfc1ff58                memcmp
                0x00000000bfc1f9a4                strncat
                0x00000000bfc1fb5c                strdup
                0x00000000bfc1fe58                memset
                0x00000000bfc1fd8c                strsep
                0x00000000bfc1f8c0                strnicmp
                0x00000000bfc1fbe0                strspn
                0x00000000bfc1fae0                strlen
                0x00000000bfc1fa20                strchr
                0x00000000bfc1fc50                strpbrk
 .text          0x00000000bfc200c0      0xfd0 lib_generic/libgeneric.a(vsprintf.o)
                0x00000000bfc20ab0                vsprintf
                0x00000000bfc201b4                simple_strtol
                0x00000000bfc204d8                print_int
                0x00000000bfc20ffc                panic
                0x00000000bfc2056c                vs_printf
                0x00000000bfc20fb8                sprintf
                0x00000000bfc200c0                simple_strtoul
 .text          0x00000000bfc21090     0x3700 lib_generic/libgeneric.a(zlib.o)
                0x00000000bfc21328                inflate
                0x00000000bfc211bc                inflateInit2
                0x00000000bfc21788                inflateIncomp
                0x00000000bfc245bc                adler32
                0x00000000bfc21090                inflateReset
                0x00000000bfc217ec                inflateSync
                0x00000000bfc212ec                inflateInit
                0x00000000bfc21110                inflateEnd
 .text          0x00000000bfc24790      0x380 lib_generic/libgeneric.a(LzmaWrapper.o)
                0x00000000bfc24824                lzma_inflate
 .text          0x00000000bfc24b10      0xda0 lib_generic/libgeneric.a(LzmaDecode.o)
                0x00000000bfc24b10                LzmaDecodeProperties
                0x00000000bfc24bf8                LzmaDecode
 .text          0x00000000bfc258b0       0x60 board/opipmux/libopipmux.a(opipmux.o)
                0x00000000bfc258f4                checkboard
                0x00000000bfc258b0                initdram
 .text          0x00000000bfc25910     0x10f0 board/opipmux/libopipmux.a(ipmux_memory_test.o)
                0x00000000bfc26568                testcopy
                0x00000000bfc264c4                checkcach
                0x00000000bfc26530                logProcessSum
                0x00000000bfc25aec                memcheck32
                0x00000000bfc25998                is_sys_mem
                0x00000000bfc2654c                logProcess
                0x00000000bfc259ac                set_memtestrange
                0x00000000bfc269e0                debug_halt
                0x00000000bfc25e2c                testcopy32
                0x00000000bfc2630c                mem_search_word
 .text          0x00000000bfc26a00      0x6c0 board/opipmux/libopipmux.a(ipmux_fe_test.o)
                0x00000000bfc26a60                debug_pck_Rcv_force
                0x00000000bfc26a00                proc_arp
                0x00000000bfc26bac                debug_pck_clear_statistic
                0x00000000bfc26acc                debug_pck_send
                0x00000000bfc26b18                debug_pck_Rcv
                0x00000000bfc26b64                debug_pck_display_statistic
                0x00000000bfc26bf4                debug_pck
 .text          0x00000000bfc270c0      0x4c0 board/opipmux/libopipmux.a(ipmux_gpio.o)
                0x00000000bfc27210                ipmuxGpioIntEdgeSet
                0x00000000bfc27324                ipmuxGpioTest
                0x00000000bfc270e4                ipmuxGpioDirInputSet
                0x00000000bfc27178                ipmuxGpioIntModeEdgeSet
                0x00000000bfc27148                ipmuxGpioIntModeLevelSet
                0x00000000bfc271ac                ipmuxGpioIntLevelHighSet
                0x00000000bfc270c0                ipmuxGpioInit
                0x00000000bfc272ec                ipmuxGpioOutputGet
                0x00000000bfc27290                ipmuxGpioOutputSet
                0x00000000bfc27258                ipmuxGpioValGet
                0x00000000bfc271dc                ipmuxGpioIntLevelLowSet
                0x00000000bfc27118                ipmuxGpioDirOutputSet
 .text          0x00000000bfc27580     0x2830 board/opipmux/libopipmux.a(opulan_bootextend.o)
                0x00000000bfc28310                oplbootTypeSel
                0x00000000bfc28b9c                oplbootLoadSystem
                0x00000000bfc2986c                oplReadline
                0x00000000bfc284bc                oplbootSetEthIP
                0x00000000bfc27dac                oplbootCharCheck
                0x00000000bfc281f4                oplbootCharDataInput
                0x00000000bfc27994                oplbootParseInput
                0x00000000bfc27684                oplbootInitial
                0x00000000bfc27580                oplbootMainloop
                0x00000000bfc28160                oplbootNameSet
                0x00000000bfc27aa4                oplbootMenuChange
                0x00000000bfc27be0                oplbootDataType
                0x00000000bfc27800                oplbootMenuShow
                0x00000000bfc294f8                oplbootSerialBau
                0x00000000bfc27e80                oplCommandLineInterface
                0x00000000bfc286c0                oplbootSaveConfig
                0x00000000bfc29c08                setBootFlag
 .text          0x00000000bfc29db0     0x1c50 board/opipmux/libopipmux.a(ipmux_flash_onu_8bit.o)
                0x00000000bfc2ab94                flash_get_size
                0x00000000bfc2b9b0                wweidebug
                0x00000000bfc2af98                flash_erase
                0x00000000bfc29db0                flash_init
                0x00000000bfc2a584                flash_print_info
                0x00000000bfc2a474                flash_print_allinfo
                0x00000000bfc2b510                write_buff
 .text          0x00000000bfc2ba00     0x19a0 board/opipmux/libopipmux.a(ipmuxclt_fe_onu.o)
                0x00000000bfc2cd0c                test_gel_debug
                0x00000000bfc2d08c                opipmux_gel_init
                0x00000000bfc2d2c8                opipmux_gel_initialize
                0x00000000bfc2d290                opipmux_gmac_initialize
                0x00000000bfc2ca18                debug_fe_loopback
                0x00000000bfc2cd50                ntoh_range
                0x00000000bfc2cff0                opipmux_gel_tx_loopbackto_rx
                0x00000000bfc2bf08                print_bd_rx
                0x00000000bfc2cfb0                opipmux_gel_reset
                0x00000000bfc2c124                opipmux_gel_send
                0x00000000bfc2d238                spa
                0x00000000bfc2c878                print_mem
                0x00000000bfc2bfa8                print_bd_tx
                0x00000000bfc2bc2c                print_bd_one_rx
                0x00000000bfc2c984                spaToBdZero
 .text          0x00000000bfc2d3a0      0x6a0 board/opipmux/libopipmux.a(ipmux_mdio.o)
                0x00000000bfc2d440                oplRegFieldWrite
                0x00000000bfc2d6d4                mdioRegisterWrite
                0x00000000bfc2d854                mdioRegisterFieldRead
                0x00000000bfc2d3a0                oplRegFieldRead
                0x00000000bfc2d934                mdioRegisterFieldWrite
                0x00000000bfc2d4ec                mdioRegisterRead
 .text          0x00000000bfc2da40     0x3c20 board/opipmux/libopipmux.a(opconn_atheros_8228.o)
                0x00000000bfc2dff0                isis_reg_set
                0x00000000bfc30e14                atheros_wr_reg
                0x00000000bfc2f420                hsl_dev_init
                0x00000000bfc311a4                atheros_shutdown_phy
                0x00000000bfc2dab4                sd_mdio_get_is_inited
                0x00000000bfc2e728                f2_phy_poweroff
                0x00000000bfc2e614                shiva_reg_access_mode_init
                0x00000000bfc2f024                hsl_port_prop_init_by_dev
                0x00000000bfc2da40                hsl_port_prop_check
                0x00000000bfc2dfb0                hsl_reg_ptr_get
                0x00000000bfc31200                atheros_poweron_phy
                0x00000000bfc2dd58                sd_reg_mdio_set
                0x00000000bfc2f4a4                ssdk_init
                0x00000000bfc2f0b4                shiva_init
                0x00000000bfc2f5b4                shiva_cpu_port_status_set
                0x00000000bfc2e0cc                isis_reg_get
                0x00000000bfc2e828                f2_phy_reset
                0x00000000bfc2dfd0                hsl_dev_ptr_get
                0x00000000bfc30ee8                atheros_show_cnt
                0x00000000bfc2da94                sd_mdio_set_is_inited
                0x00000000bfc2f000                hsl_port_prop_init
                0x00000000bfc2e7dc                f2_phy_poweron
                0x00000000bfc2f66c                shiva_mib_status_set
                0x00000000bfc2f724                shiva_get_mib_info
                0x00000000bfc306fc                shiva_port_bc_filter_set
                0x00000000bfc2f4dc                shiva_port_hdr_status_set
                0x00000000bfc3099c                atheros_init
                0x00000000bfc2ddbc                sd_reg_mdio_get
                0x00000000bfc3084c                shiva_port_unk_uc_filter_set
                0x00000000bfc30e68                atheros_show_reg
 .text          0x00000000bfc31660       0xb0 cpu/mips/libmips.a(cpu.o)
                0x00000000bfc316b8                flush_cache
                0x00000000bfc31660                do_reset
                0x00000000bfc316cc                write_one_tlb
 .text          0x00000000bfc31710       0x30 cpu/mips/libmips.a(interrupts.o)
                0x00000000bfc31724                disable_interrupts
                0x00000000bfc31710                enable_interrupts
 .text          0x00000000bfc31740      0x170 cpu/mips/libmips.a(opipmux_clock.o)
                0x00000000bfc31740                opipmux_get_cpuclk
                0x00000000bfc317dc                opipmux_set_cpuclk
                0x00000000bfc31774                opipmux_get_fpiclk
 .text          0x00000000bfc318b0      0x290 cpu/mips/libmips.a(cache.o)
                0x00000000bfc31b2c                mips_cache_lock_status
                0x00000000bfc318b0                mips_cache_reset
                0x00000000bfc31a74                mips_cache_lock
                0x00000000bfc31a48                dcache_status
                0x00000000bfc31ad0                mips_cache_unlock
                0x00000000bfc31a58                dcache_disable
 .text          0x00000000bfc31b40      0xa80 lib_mips/libmips.a(mips_linux.o)
                0x00000000bfc31b40                do_bootm_linux
 .text          0x00000000bfc325c0      0x420 rtc/librtc.a(date.o)
                0x00000000bfc325c0                GregorianDay
                0x00000000bfc328f8                mktime
                0x00000000bfc32744                to_tm
 .text          0x00000000bfc329e0      0x290 board/opipmux/libopipmux.a(memsetup.o)
                0x00000000bfc329e0                ebu_init
                0x00000000bfc32b50                sdram_init
                0x00000000bfc32c04                memsetup
                0x00000000bfc32a88                cgu_init
                0x00000000bfc32c70                . = ALIGN (0x4)

.rodata         0x00000000bfc32c70     0x8fe0
 *(.rodata)
 .rodata        0x00000000bfc32c70      0x740 board/opipmux/libopipmux.a(ipmux_update.o)
 .rodata        0x00000000bfc333b0       0x50 board/opipmux/libopipmux.a(ipmux_uart.o)
 .rodata        0x00000000bfc33400      0x3a0 lib_mips/libmips.a(board.o)
 .rodata        0x00000000bfc337a0       0x50 lib_mips/libmips.a(time.o)
 .rodata        0x00000000bfc337f0      0x2d0 net/libnet.a(net.o)
 .rodata        0x00000000bfc33ac0      0x280 net/libnet.a(tftp.o)
 .rodata        0x00000000bfc33d40      0x160 net/libnet.a(bootp.o)
 .rodata        0x00000000bfc33ea0       0x50 net/libnet.a(rarp.o)
 .rodata        0x00000000bfc33ef0      0x110 net/libnet.a(eth.o)
 .rodata        0x00000000bfc34000      0x7a0 common/libcommon.a(main.o)
 .rodata        0x00000000bfc347a0       0xd0 common/libcommon.a(cmd_bdinfo.o)
 .rodata        0x00000000bfc34870      0x120 common/libcommon.a(cmd_boot.o)
 .rodata        0x00000000bfc34990      0x8d0 common/libcommon.a(cmd_bootm.o)
 .rodata        0x00000000bfc35260       0x80 common/libcommon.a(cmd_console.o)
 .rodata        0x00000000bfc352e0      0x330 common/libcommon.a(cmd_elf.o)
 .rodata        0x00000000bfc35610      0x790 common/libcommon.a(cmd_flash.o)
 .rodata        0x00000000bfc35da0      0x120 common/libcommon.a(cmd_i2c.o)
 .rodata        0x00000000bfc35ec0      0x1e0 common/libcommon.a(cmd_load.o)
 .rodata        0x00000000bfc360a0      0x650 common/libcommon.a(cmd_mem.o)
 .rodata        0x00000000bfc366f0      0x240 common/libcommon.a(cmd_net.o)
 .rodata        0x00000000bfc36930      0x550 common/libcommon.a(cmd_nvedit.o)
 .rodata        0x00000000bfc36e80     0x1010 common/libcommon.a(cmd_uu.o)
 .rodata        0x00000000bfc37e90       0x80 common/libcommon.a(cmd_utx.o)
 .rodata        0x00000000bfc37f10      0x360 common/libcommon.a(cmd_utest.o)
 .rodata        0x00000000bfc38270      0x3c0 common/libcommon.a(command.o)
 .rodata        0x00000000bfc38630       0xc0 common/libcommon.a(console.o)
 .rodata        0x00000000bfc386f0       0x20 common/libcommon.a(devices.o)
 .rodata        0x00000000bfc38710       0x40 common/libcommon.a(env_common.o)
 .rodata        0x00000000bfc38750       0x40 common/libcommon.a(env_flash.o)
 .rodata        0x00000000bfc38790      0x140 common/libcommon.a(flash.o)
 .rodata        0x00000000bfc388d0      0x130 common/libcommon.a(ipmux_i2c.o)
 .rodata        0x00000000bfc38a00      0x400 lib_generic/libgeneric.a(crc32.o)
 .rodata        0x00000000bfc38e00       0x20 lib_generic/libgeneric.a(display_options.o)
 .rodata        0x00000000bfc38e20      0x380 lib_generic/libgeneric.a(vsprintf.o)
 .rodata        0x00000000bfc391a0      0x290 lib_generic/libgeneric.a(zlib.o)
 .rodata        0x00000000bfc39430       0xc0 lib_generic/libgeneric.a(LzmaWrapper.o)
 .rodata        0x00000000bfc394f0       0x30 lib_generic/libgeneric.a(LzmaDecode.o)
 .rodata        0x00000000bfc39520      0x4d0 board/opipmux/libopipmux.a(ipmux_memory_test.o)
 .rodata        0x00000000bfc399f0      0x110 board/opipmux/libopipmux.a(ipmux_fe_test.o)
 .rodata        0x00000000bfc39b00       0x60 board/opipmux/libopipmux.a(ipmux_gpio.o)
 .rodata        0x00000000bfc39b60     0x11a0 board/opipmux/libopipmux.a(opulan_bootextend.o)
 .rodata        0x00000000bfc3ad00      0x750 board/opipmux/libopipmux.a(ipmux_flash_onu_8bit.o)
 .rodata        0x00000000bfc3b450      0x190 board/opipmux/libopipmux.a(ipmuxclt_fe_onu.o)
 .rodata        0x00000000bfc3b5e0      0x480 board/opipmux/libopipmux.a(opconn_atheros_8228.o)
 .rodata        0x00000000bfc3ba60       0x20 cpu/mips/libmips.a(cpu.o)
 .rodata        0x00000000bfc3ba80       0x10 cpu/mips/libmips.a(opipmux_clock.o)
 .rodata        0x00000000bfc3ba90      0x190 lib_mips/libmips.a(mips_linux.o)
 .rodata        0x00000000bfc3bc20       0x30 rtc/librtc.a(date.o)

.reginfo        0x00000000bfc3bc50       0x18
 .reginfo       0x00000000bfc3bc50       0x18 cpu/mips/start.o

.rel.dyn
                0x00000000bfc3bc68                . = ALIGN (0x4)

.data           0x00000000bfc3bc70     0x1380
 *(.data)
 .data          0x00000000bfc3bc70       0x30 lib_mips/libmips.a(board.o)
                0x00000000bfc3bc78                init_sequence
                0x00000000bfc3bc70                g_phy_speed
 .data          0x00000000bfc3bca0       0x10 net/libnet.a(net.o)
                0x00000000bfc3bca0                NetBcastAddr
                0x00000000bfc3bca8                NetOurNativeVLAN
                0x00000000bfc3bca6                NetOurVLAN
 .data          0x00000000bfc3bcb0       0x10 common/libcommon.a(main.o)
 .data          0x00000000bfc3bcc0       0x10 common/libcommon.a(cmd_bootm.o)
                0x00000000bfc3bcc0                load_addr
 .data          0x00000000bfc3bcd0       0x10 common/libcommon.a(cmd_mem.o)
                0x00000000bfc3bcd0                dp_last_length
 .data          0x00000000bfc3bce0       0x10 common/libcommon.a(devices.o)
                0x00000000bfc3bce0                stdio_names
 .data          0x00000000bfc3bcf0      0x420 common/libcommon.a(dlmalloc.o)
 .data          0x00000000bfc3c110      0x450 common/libcommon.a(env_common.o)
                0x00000000bfc3c110                env_get_char
                0x00000000bfc3c114                default_environment
 .data          0x00000000bfc3c560       0x10 common/libcommon.a(env_flash.o)
                0x00000000bfc3c560                env_name_spec
                0x00000000bfc3c564                env_ptr
 .data          0x00000000bfc3c570       0x10 common/libcommon.a(ipmux_i2c.o)
 .data          0x00000000bfc3c580      0x2a0 lib_generic/libgeneric.a(zlib.o)
                0x00000000bfc3c7fc                zlib_version
                0x00000000bfc3c800                z_errmsg
 .data          0x00000000bfc3c820       0x10 lib_generic/libgeneric.a(LzmaWrapper.o)
 .data          0x00000000bfc3c830      0x100 lib_generic/libgeneric.a(ctype.o)
                0x00000000bfc3c830                _ctype
 .data          0x00000000bfc3c930       0x20 board/opipmux/libopipmux.a(ipmux_memory_test.o)
                0x00000000bfc3c930                proc
                0x00000000bfc3c93c                as2
                0x00000000bfc3c944                adis
                0x00000000bfc3c934                as1
                0x00000000bfc3c940                ae2
                0x00000000bfc3c938                ae1
 .data          0x00000000bfc3c950       0x10 board/opipmux/libopipmux.a(ipmux_fe_test.o)
 .data          0x00000000bfc3c960       0x10 board/opipmux/libopipmux.a(ipmux_gpio.o)
                0x00000000bfc3c960                pGpio
 .data          0x00000000bfc3c970      0x620 board/opipmux/libopipmux.a(opulan_bootextend.o)
 .data          0x00000000bfc3cf90       0x10 board/opipmux/libopipmux.a(ipmux_flash_onu_8bit.o)
                0x00000000bfc3cf90                CS0_REDEFINED
 .data          0x00000000bfc3cfa0       0x10 board/opipmux/libopipmux.a(ipmuxclt_fe_onu.o)
                0x00000000bfc3cfa6                g_ucFePortid
                0x00000000bfc3cfa0                aucBroadcastMac
 .data          0x00000000bfc3cfb0       0x10 board/opipmux/libopipmux.a(opconn_atheros_8228.o)
                0x00000000bfc3cfb0                ssdk_mdio_set
                0x00000000bfc3cfb4                ssdk_mdio_get
 .data          0x00000000bfc3cfc0       0x30 rtc/librtc.a(date.o)
                0x00000000bfc3cff0                . = ALIGN (0x4)

.sdata
 *(.sdata)
 *(.sdata)
                0x00000000bfc3cff0                _gp = ALIGN (0x10)
                0x00000000bfc3cff0                __got_start = .

.got            0x00000000bfc3cff0      0x730
 *(.got)
 .got           0x00000000bfc3cff0      0x730 cpu/mips/start.o
                0x00000000bfc3cff0                _GLOBAL_OFFSET_TABLE_
                0x00000000bfc3d720                __got_end = .
                0x00000000bfc3d720                __u_boot_cmd_start = .

.u_boot_cmd     0x00000000bfc3d720      0x618
 *(.u_boot_cmd)
 .u_boot_cmd    0x00000000bfc3d720       0x30 board/opipmux/libopipmux.a(ipmux_update.o)
                0x00000000bfc3d738                __u_boot_cmd_update
                0x00000000bfc3d720                __u_boot_cmd_Xdown
 .u_boot_cmd    0x00000000bfc3d750       0x18 common/libcommon.a(cmd_bdinfo.o)
                0x00000000bfc3d750                __u_boot_cmd_bdinfo
 .u_boot_cmd    0x00000000bfc3d768       0x30 common/libcommon.a(cmd_boot.o)
                0x00000000bfc3d780                __u_boot_cmd_reset
                0x00000000bfc3d768                __u_boot_cmd_go
 .u_boot_cmd    0x00000000bfc3d798       0x48 common/libcommon.a(cmd_bootm.o)
                0x00000000bfc3d798                __u_boot_cmd_bootm
                0x00000000bfc3d7c8                __u_boot_cmd_bootd
                0x00000000bfc3d7b0                __u_boot_cmd_boot
 .u_boot_cmd    0x00000000bfc3d7e0       0x18 common/libcommon.a(cmd_console.o)
                0x00000000bfc3d7e0                __u_boot_cmd_coninfo
 .u_boot_cmd    0x00000000bfc3d7f8       0x30 common/libcommon.a(cmd_elf.o)
                0x00000000bfc3d810                __u_boot_cmd_bootvx
                0x00000000bfc3d7f8                __u_boot_cmd_bootelf
 .u_boot_cmd    0x00000000bfc3d828       0x48 common/libcommon.a(cmd_flash.o)
                0x00000000bfc3d828                __u_boot_cmd_flinfo
                0x00000000bfc3d840                __u_boot_cmd_erase
                0x00000000bfc3d858                __u_boot_cmd_protect
 .u_boot_cmd    0x00000000bfc3d870       0x48 common/libcommon.a(cmd_i2c.o)
                0x00000000bfc3d870                __u_boot_cmd_i2c_read
                0x00000000bfc3d888                __u_boot_cmd_i2c_write
                0x00000000bfc3d8a0                __u_boot_cmd_i2c_init
 .u_boot_cmd    0x00000000bfc3d8b8       0x18 common/libcommon.a(cmd_load.o)
                0x00000000bfc3d8b8                __u_boot_cmd_loadb
 .u_boot_cmd    0x00000000bfc3d8d0       0xf0 common/libcommon.a(cmd_mem.o)
                0x00000000bfc3d8d0                __u_boot_cmd_md
                0x00000000bfc3d948                __u_boot_cmd_cmp
                0x00000000bfc3d918                __u_boot_cmd_mw
                0x00000000bfc3d990                __u_boot_cmd_loop
                0x00000000bfc3d978                __u_boot_cmd_base
                0x00000000bfc3d8e8                __u_boot_cmd_mm
                0x00000000bfc3d960                __u_boot_cmd_crc32
                0x00000000bfc3d900                __u_boot_cmd_nm
                0x00000000bfc3d9a8                __u_boot_cmd_mtest
                0x00000000bfc3d930                __u_boot_cmd_cp
 .u_boot_cmd    0x00000000bfc3d9c0       0x60 common/libcommon.a(cmd_net.o)
                0x00000000bfc3da08                __u_boot_cmd_ping
                0x00000000bfc3d9f0                __u_boot_cmd_rarpboot
                0x00000000bfc3d9d8                __u_boot_cmd_tftpboot
                0x00000000bfc3d9c0                __u_boot_cmd_bootp
 .u_boot_cmd    0x00000000bfc3da20       0x78 common/libcommon.a(cmd_nvedit.o)
                0x00000000bfc3da80                __u_boot_cmd_run
                0x00000000bfc3da50                __u_boot_cmd_saveenv
                0x00000000bfc3da68                __u_boot_cmd_askenv
                0x00000000bfc3da20                __u_boot_cmd_printenv
                0x00000000bfc3da38                __u_boot_cmd_setenv
 .u_boot_cmd    0x00000000bfc3da98      0x198 common/libcommon.a(cmd_uu.o)
                0x00000000bfc3dc18                __u_boot_cmd_awr
                0x00000000bfc3dc00                __u_boot_cmd_arr
                0x00000000bfc3db88                __u_boot_cmd_uubd
                0x00000000bfc3dbb8                __u_boot_cmd_owr
                0x00000000bfc3db40                __u_boot_cmd_uuos2
                0x00000000bfc3dba0                __u_boot_cmd_orr
                0x00000000bfc3db58                __u_boot_cmd_uucfg
                0x00000000bfc3db10                __u_boot_cmd_uutftp
                0x00000000bfc3dbe8                __u_boot_cmd_mdiow
                0x00000000bfc3daf8                __u_boot_cmd_unote
                0x00000000bfc3dac8                __u_boot_cmd_uloop
                0x00000000bfc3db70                __u_boot_cmd_uuram
                0x00000000bfc3db28                __u_boot_cmd_uuos1
                0x00000000bfc3dab0                __u_boot_cmd_umtest
                0x00000000bfc3dae0                __u_boot_cmd_uloopfe
                0x00000000bfc3dbd0                __u_boot_cmd_mdior
                0x00000000bfc3da98                __u_boot_cmd_umf
 .u_boot_cmd    0x00000000bfc3dc30       0x18 common/libcommon.a(cmd_utx.o)
                0x00000000bfc3dc30                __u_boot_cmd_utx
 .u_boot_cmd    0x00000000bfc3dc48       0x90 common/libcommon.a(cmd_utest.o)
                0x00000000bfc3dc90                __u_boot_cmd_udbgrx
                0x00000000bfc3dca8                __u_boot_cmd_udbgtx
                0x00000000bfc3dcc0                __u_boot_cmd_uenpr
                0x00000000bfc3dc60                __u_boot_cmd_udelay
                0x00000000bfc3dc48                __u_boot_cmd_utest
                0x00000000bfc3dc78                __u_boot_cmd_udbgs
 .u_boot_cmd    0x00000000bfc3dcd8       0x60 common/libcommon.a(command.o)
                0x00000000bfc3dcf0                __u_boot_cmd_echo
                0x00000000bfc3dd20                __u_boot_cmd_question_mark
                0x00000000bfc3dcd8                __u_boot_cmd_version
                0x00000000bfc3dd08                __u_boot_cmd_help
                0x00000000bfc3dd38                __u_boot_cmd_end = .
                0x00000000bfc3dd38                uboot_end_data = .
                0x00000000000001cc                num_got_entries = ((__got_end - __got_start) >> 0x2)
                0x00000000bfc3dd38                . = ALIGN (0x4)

.sbss
 *(.sbss)

.bss            0x00000000bfc3dd40    0x449b0
 *(.bss)
 .bss           0x00000000bfc3dd40       0x10 board/opipmux/libopipmux.a(ipmux_update.o)
                0x00000000bfc3dd40                image_type
 .bss           0x00000000bfc3dd50       0x10 lib_mips/libmips.a(board.o)
 .bss           0x00000000bfc3dd60       0xf0 net/libnet.a(net.o)
                0x00000000bfc3dd70                NetOurNISDomain
                0x00000000bfc3ddf4                NetServerEther
                0x00000000bfc3dd64                NetOurSubnetMask
                0x00000000bfc3ddf0                NetBootFileSize
                0x00000000bfc3dd90                NetOurHostName
                0x00000000bfc3dd68                NetOurGatewayIP
                0x00000000bfc3ddfc                NetEtherNullAddr
                0x00000000bfc3de04                NetRestartWrap
                0x00000000bfc3de10                NetTxPacket
                0x00000000bfc3dd6c                NetOurDNSIP
                0x00000000bfc3dd60                NetBreak
                0x00000000bfc3ddb0                NetOurRootPath
 .bss           0x00000000bfc3de50       0x40 net/libnet.a(tftp.o)
 .bss           0x00000000bfc3de90       0x10 net/libnet.a(eth.o)
 .bss           0x00000000bfc3dea0      0x110 common/libcommon.a(main.o)
                0x00000000bfc3dea0                enable_net_polling
 .bss           0x00000000bfc3dfb0       0x40 common/libcommon.a(cmd_load.o)
 .bss           0x00000000bfc3dff0       0x10 common/libcommon.a(cmd_mem.o)
 .bss           0x00000000bfc3e000       0x10 common/libcommon.a(cmd_net.o)
                0x00000000bfc3e000                tftp_file_size
 .bss           0x00000000bfc3e010       0x10 common/libcommon.a(console.o)
 .bss           0x00000000bfc3e020       0x10 common/libcommon.a(devices.o)
                0x00000000bfc3e020                devlist
                0x00000000bfc3e024                stdio_devices
 .bss           0x00000000bfc3e030       0x40 common/libcommon.a(dlmalloc.o)
 .bss           0x00000000bfc3e070       0x10 common/libcommon.a(ipmux_i2c.o)
                0x00000000bfc3e070                nI2cDbgFd
 .bss           0x00000000bfc3e080     0x10b0 lib_generic/libgeneric.a(zlib.o)
 .bss           0x00000000bfc3f130       0x10 lib_generic/libgeneric.a(LzmaWrapper.o)
 .bss           0x00000000bfc3f140       0x30 board/opipmux/libopipmux.a(ipmux_fe_test.o)
                0x00000000bfc3f140                debug_rx
                0x00000000bfc3f142                debug_tx
 .bss           0x00000000bfc3f170      0x110 board/opipmux/libopipmux.a(opulan_bootextend.o)
 .bss           0x00000000bfc3f280       0x10 board/opipmux/libopipmux.a(ipmuxclt_fe_onu.o)
                0x00000000bfc3f280                bd_id_rx
                0x00000000bfc3f282                bd_id_tx
 .bss           0x00000000bfc3f290       0x60 board/opipmux/libopipmux.a(opconn_atheros_8228.o)
                0x00000000bfc3f294                api_ifname
 .bss           0x00000000bfc3f2f0       0x20 lib_mips/libmips.a(mips_linux.o)
 COMMON         0x00000000bfc3f310      0x50c board/opipmux/libopipmux.a(ipmux_update.o)
                                          0x0 (size before relaxing)
                0x00000000bfc3f310                flash_info
 *fill*         0x00000000bfc3f81c 0x9ed238c00000004 00
 COMMON         0x00000000bfc3f820       0x64 lib_mips/libmips.a(board.o)
                                          0x0 (size before relaxing)
                0x00000000bfc3f820                version_string
 *fill*         0x00000000bfc3f884 0x9ed238c0000000c 00
 COMMON         0x00000000bfc3f890     0x24d0 net/libnet.a(net.o)
                                          0x0 (size before relaxing)
                0x00000000bfc3f890                NetRxPackets
                0x00000000bfc3f8a0                BootFile
                0x00000000bfc3f920                NetArpWaitPacketBuf
                0x00000000bfc3ff40                PktBuf
 COMMON         0x00000000bfc41d60      0x100 common/libcommon.a(main.o)
                                          0x0 (size before relaxing)
                0x00000000bfc41d60                console_buffer
 COMMON         0x00000000bfc41e60       0x4c common/libcommon.a(cmd_bootm.o)
                                          0x0 (size before relaxing)
                0x00000000bfc41e60                header
 *fill*         0x00000000bfc41eac 0x9ed238c00000004 00
 COMMON         0x00000000bfc41eb0       0x34 common/libcommon.a(cmd_load.o)
                                          0x0 (size before relaxing)
                0x00000000bfc41eb0                os_data_header
                0x00000000bfc41ed0                send_parms
 *fill*         0x00000000bfc41ee4 0x9ed238c0000000c 00
 COMMON         0x00000000bfc41ef0    0x40800 board/opipmux/libopipmux.a(ipmuxclt_fe_onu.o)
                                          0x0 (size before relaxing)
                0x00000000bfc41ef0                RxBufTmp
                0x00000000bfc426f0                Buffers

.scommon        0x00000000bfc826f0       0x90
 .scommon       0x00000000bfc826f0        0x4 lib_mips/libmips.a(board.o)
                                          0x0 (size before relaxing)
                0x00000000bfc826f0                monitor_flash_len
 .scommon       0x00000000bfc826f4       0x44 net/libnet.a(net.o)
                                          0x0 (size before relaxing)
                0x00000000bfc826f4                NetArpWaitTry
                0x00000000bfc826f8                NetArpWaitPacketMAC
                0x00000000bfc826fc                NetOurEther
                0x00000000bfc82704                NetOurIP
                0x00000000bfc82708                NetPingIP
                0x00000000bfc8270c                NetServerIP
                0x00000000bfc82710                NetArpWaitTxPacketSize
                0x00000000bfc82714                NetArpWaitReplyIP
                0x00000000bfc82718                NetArpWaitTxPacket
                0x00000000bfc8271c                NetArpWaitPacketIP
                0x00000000bfc82720                NetState
                0x00000000bfc82724                NetIPID
                0x00000000bfc82728                NetRxPkt
                0x00000000bfc8272c                NetRxPktLen
                0x00000000bfc82730                NetBootFileXferSize
                0x00000000bfc82734                NetArpWaitTimerStart
 .scommon       0x00000000bfc82738        0x8 net/libnet.a(bootp.o)
                                          0x0 (size before relaxing)
                0x00000000bfc82738                BootpTry
                0x00000000bfc8273c                BootpID
 .scommon       0x00000000bfc82740        0x4 net/libnet.a(rarp.o)
                                          0x0 (size before relaxing)
                0x00000000bfc82740                RarpTry
 .scommon       0x00000000bfc82744       0x1c common/libcommon.a(cmd_load.o)
                                          0x0 (size before relaxing)
                0x00000000bfc82744                his_pad_char
                0x00000000bfc82748                os_data_count
                0x00000000bfc8274c                os_data_init
                0x00000000bfc82750                send_ptr
                0x00000000bfc82754                os_data_char
                0x00000000bfc82758                his_eol
                0x00000000bfc82759                his_quote
                0x00000000bfc8275c                his_pad_count
 .scommon       0x00000000bfc82760       0x10 common/libcommon.a(cmd_mem.o)
                                          0x0 (size before relaxing)
                0x00000000bfc82760                dp_last_size
                0x00000000bfc82764                dp_last_addr
                0x00000000bfc82768                mm_last_size
                0x00000000bfc8276c                mm_last_addr
 .scommon       0x00000000bfc82770        0x3 common/libcommon.a(ipmux_i2c.o)
                                          0x0 (size before relaxing)
                0x00000000bfc82770                ipMuxI2CC
 *fill*         0x00000000bfc82773 0x9ed238c00000001 00
 .scommon       0x00000000bfc82774        0x4 lib_generic/libgeneric.a(string.o)
                                          0x0 (size before relaxing)
                0x00000000bfc82774                ___strtok
 .scommon       0x00000000bfc82778        0x8 board/opipmux/libopipmux.a(ipmuxclt_fe_onu.o)
                                          0x0 (size before relaxing)
                0x00000000bfc82778                g_stAtherosHeader
                0x00000000bfc8277c                ge_reg
                0x00000000bfc82780                uboot_end = .
Address of section .text set to 0xbfc00000
LOAD cpu/mips/start.o
START GROUP
LOAD lib_generic/libgeneric.a
LOAD board/opipmux/libopipmux.a
LOAD cpu/mips/libmips.a
LOAD lib_mips/libmips.a
LOAD fs/cramfs/libcramfs.a
LOAD fs/fat/libfat.a
LOAD fs/fdos/libfdos.a
LOAD fs/jffs2/libjffs2.a
LOAD fs/reiserfs/libreiserfs.a
LOAD fs/ext2/libext2fs.a
LOAD net/libnet.a
LOAD disk/libdisk.a
LOAD rtc/librtc.a
LOAD dtt/libdtt.a
LOAD drivers/libdrivers.a
LOAD drivers/sk98lin/libsk98lin.a
LOAD post/libpost.a
LOAD post/cpu/libcpu.a
LOAD common/libcommon.a
END GROUP
LOAD /opt/toolchains/eldk/usr/bin/../lib/gcc-lib/mips-linux/3.3.3/libgcc.a
OUTPUT(u-boot elf32-tradbigmips)

.pdr            0x0000000000000000     0x4880
 .pdr           0x0000000000000000       0x20 cpu/mips/start.o
 .pdr           0x0000000000000020      0x1a0 board/opipmux/libopipmux.a(ipmux_update.o)
 .pdr           0x00000000000001c0       0xa0 board/opipmux/libopipmux.a(ipmux_ddr_asm.o)
 .pdr           0x0000000000000260       0x40 board/opipmux/libopipmux.a(ipmux_test_ram.o)
 .pdr           0x00000000000002a0      0x1c0 board/opipmux/libopipmux.a(ipmux_uart.o)
 .pdr           0x0000000000000460      0x1c0 cpu/mips/libmips.a(cache_cpu.o)
 .pdr           0x0000000000000620      0x180 lib_mips/libmips.a(board.o)
 .pdr           0x00000000000007a0      0x140 lib_mips/libmips.a(time.o)
 .pdr           0x00000000000008e0      0x400 net/libnet.a(net.o)
 .pdr           0x0000000000000ce0       0x80 net/libnet.a(tftp.o)
 .pdr           0x0000000000000d60      0x120 net/libnet.a(bootp.o)
 .pdr           0x0000000000000e80       0x60 net/libnet.a(rarp.o)
 .pdr           0x0000000000000ee0      0x180 net/libnet.a(eth.o)
 .pdr           0x0000000000001060      0x140 common/libcommon.a(main.o)
 .pdr           0x00000000000011a0       0x40 common/libcommon.a(cmd_bdinfo.o)
 .pdr           0x00000000000011e0       0x20 common/libcommon.a(cmd_boot.o)
 .pdr           0x0000000000001200      0x160 common/libcommon.a(cmd_bootm.o)
 .pdr           0x0000000000001360       0x20 common/libcommon.a(cmd_console.o)
 .pdr           0x0000000000001380       0x80 common/libcommon.a(cmd_elf.o)
 .pdr           0x0000000000001400      0x100 common/libcommon.a(cmd_flash.o)
 .pdr           0x0000000000001500       0x60 common/libcommon.a(cmd_i2c.o)
 .pdr           0x0000000000001560      0x260 common/libcommon.a(cmd_load.o)
 .pdr           0x00000000000017c0      0x180 common/libcommon.a(cmd_mem.o)
 .pdr           0x0000000000001940       0xc0 common/libcommon.a(cmd_net.o)
 .pdr           0x0000000000001a00      0x120 common/libcommon.a(cmd_nvedit.o)
 .pdr           0x0000000000001b20      0x2c0 common/libcommon.a(cmd_uu.o)
 .pdr           0x0000000000001de0       0x20 common/libcommon.a(cmd_utx.o)
 .pdr           0x0000000000001e00       0xc0 common/libcommon.a(cmd_utest.o)
 .pdr           0x0000000000001ec0       0x80 common/libcommon.a(command.o)
 .pdr           0x0000000000001f40      0x2e0 common/libcommon.a(console.o)
 .pdr           0x0000000000002220       0x80 common/libcommon.a(devices.o)
 .pdr           0x00000000000022a0      0x1a0 common/libcommon.a(dlmalloc.o)
 .pdr           0x0000000000002440       0xa0 common/libcommon.a(env_common.o)
 .pdr           0x00000000000024e0       0xe0 common/libcommon.a(env_flash.o)
 .pdr           0x00000000000025c0       0x60 common/libcommon.a(exports.o)
 .pdr           0x0000000000002620       0x80 common/libcommon.a(flash.o)
 .pdr           0x00000000000026a0      0x1e0 common/libcommon.a(lists.o)
 .pdr           0x0000000000002880      0x2e0 common/libcommon.a(ipmux_i2c.o)
 .pdr           0x0000000000002b60       0x40 lib_generic/libgeneric.a(crc32.o)
 .pdr           0x0000000000002ba0       0x40 lib_generic/libgeneric.a(display_options.o)
 .pdr           0x0000000000002be0      0x260 lib_generic/libgeneric.a(string.o)
 .pdr           0x0000000000002e40      0x120 lib_generic/libgeneric.a(vsprintf.o)
 .pdr           0x0000000000002f60      0x340 lib_generic/libgeneric.a(zlib.o)
 .pdr           0x00000000000032a0       0x40 lib_generic/libgeneric.a(LzmaWrapper.o)
 .pdr           0x00000000000032e0       0x40 lib_generic/libgeneric.a(LzmaDecode.o)
 .pdr           0x0000000000003320       0x40 board/opipmux/libopipmux.a(opipmux.o)
 .pdr           0x0000000000003360      0x160 board/opipmux/libopipmux.a(ipmux_memory_test.o)
 .pdr           0x00000000000034c0       0xe0 board/opipmux/libopipmux.a(ipmux_fe_test.o)
 .pdr           0x00000000000035a0      0x180 board/opipmux/libopipmux.a(ipmux_gpio.o)
 .pdr           0x0000000000003720      0x240 board/opipmux/libopipmux.a(opulan_bootextend.o)
 .pdr           0x0000000000003960      0x180 board/opipmux/libopipmux.a(ipmux_flash_onu_8bit.o)
 .pdr           0x0000000000003ae0      0x400 board/opipmux/libopipmux.a(ipmuxclt_fe_onu.o)
 .pdr           0x0000000000003ee0       0xc0 board/opipmux/libopipmux.a(ipmux_mdio.o)
 .pdr           0x0000000000003fa0      0x5e0 board/opipmux/libopipmux.a(opconn_atheros_8228.o)
 .pdr           0x0000000000004580       0x60 cpu/mips/libmips.a(cpu.o)
 .pdr           0x00000000000045e0       0x40 cpu/mips/libmips.a(interrupts.o)
 .pdr           0x0000000000004620       0x60 cpu/mips/libmips.a(opipmux_clock.o)
 .pdr           0x0000000000004680       0xc0 cpu/mips/libmips.a(cache.o)
 .pdr           0x0000000000004740       0x60 lib_mips/libmips.a(mips_linux.o)
 .pdr           0x00000000000047a0       0x60 rtc/librtc.a(date.o)
 .pdr           0x0000000000004800       0x80 board/opipmux/libopipmux.a(memsetup.o)

.stab           0x0000000000000000     0x5d24
 .stab          0x0000000000000000      0xae0 cpu/mips/start.o
 .stab          0x0000000000000ae0     0x2fe8 board/opipmux/libopipmux.a(ipmux_ddr_asm.o)
                                       0x2ff4 (size before relaxing)
 .stab          0x0000000000003ac8      0x30c board/opipmux/libopipmux.a(ipmux_test_ram.o)
                                        0x318 (size before relaxing)
 .stab          0x0000000000003dd4     0x14d0 cpu/mips/libmips.a(cache_cpu.o)
                                       0x14dc (size before relaxing)
 .stab          0x00000000000052a4      0x3cc cpu/mips/libmips.a(cache.o)
                                        0x3d8 (size before relaxing)
 .stab          0x0000000000005670      0x6b4 board/opipmux/libopipmux.a(memsetup.o)
                                        0x6c0 (size before relaxing)

.stabstr        0x0000000000000000      0x49e
 .stabstr       0x0000000000000000      0x49e cpu/mips/start.o
                                          0x0 (size before relaxing)

.mdebug.abi32   0x0000000000000000        0x0

.comment        0x0000000000000000      0x9a0
 .comment       0x0000000000000000       0x2c board/opipmux/libopipmux.a(ipmux_update.o)
 .comment       0x000000000000002c       0x2c board/opipmux/libopipmux.a(ipmux_uart.o)
 .comment       0x0000000000000058       0x2c lib_mips/libmips.a(board.o)
 .comment       0x0000000000000084       0x2c lib_mips/libmips.a(time.o)
 .comment       0x00000000000000b0       0x2c net/libnet.a(net.o)
 .comment       0x00000000000000dc       0x2c net/libnet.a(tftp.o)
 .comment       0x0000000000000108       0x2c net/libnet.a(bootp.o)
 .comment       0x0000000000000134       0x2c net/libnet.a(rarp.o)
 .comment       0x0000000000000160       0x2c net/libnet.a(eth.o)
 .comment       0x000000000000018c       0x2c common/libcommon.a(main.o)
 .comment       0x00000000000001b8       0x2c common/libcommon.a(cmd_bdinfo.o)
 .comment       0x00000000000001e4       0x2c common/libcommon.a(cmd_boot.o)
 .comment       0x0000000000000210       0x2c common/libcommon.a(cmd_bootm.o)
 .comment       0x000000000000023c       0x2c common/libcommon.a(cmd_console.o)
 .comment       0x0000000000000268       0x2c common/libcommon.a(cmd_elf.o)
 .comment       0x0000000000000294       0x2c common/libcommon.a(cmd_flash.o)
 .comment       0x00000000000002c0       0x2c common/libcommon.a(cmd_i2c.o)
 .comment       0x00000000000002ec       0x2c common/libcommon.a(cmd_load.o)
 .comment       0x0000000000000318       0x2c common/libcommon.a(cmd_mem.o)
 .comment       0x0000000000000344       0x2c common/libcommon.a(cmd_net.o)
 .comment       0x0000000000000370       0x2c common/libcommon.a(cmd_nvedit.o)
 .comment       0x000000000000039c       0x2c common/libcommon.a(cmd_uu.o)
 .comment       0x00000000000003c8       0x2c common/libcommon.a(cmd_utx.o)
 .comment       0x00000000000003f4       0x2c common/libcommon.a(cmd_utest.o)
 .comment       0x0000000000000420       0x2c common/libcommon.a(command.o)
 .comment       0x000000000000044c       0x2c common/libcommon.a(console.o)
 .comment       0x0000000000000478       0x2c common/libcommon.a(devices.o)
 .comment       0x00000000000004a4       0x2c common/libcommon.a(dlmalloc.o)
 .comment       0x00000000000004d0       0x2c common/libcommon.a(env_common.o)
 .comment       0x00000000000004fc       0x2c common/libcommon.a(env_flash.o)
 .comment       0x0000000000000528       0x2c common/libcommon.a(exports.o)
 .comment       0x0000000000000554       0x2c common/libcommon.a(flash.o)
 .comment       0x0000000000000580       0x2c common/libcommon.a(lists.o)
 .comment       0x00000000000005ac       0x2c common/libcommon.a(ipmux_i2c.o)
 .comment       0x00000000000005d8       0x2c lib_generic/libgeneric.a(crc32.o)
 .comment       0x0000000000000604       0x2c lib_generic/libgeneric.a(display_options.o)
 .comment       0x0000000000000630       0x2c lib_generic/libgeneric.a(string.o)
 .comment       0x000000000000065c       0x2c lib_generic/libgeneric.a(vsprintf.o)
 .comment       0x0000000000000688       0x2c lib_generic/libgeneric.a(zlib.o)
 .comment       0x00000000000006b4       0x2c lib_generic/libgeneric.a(LzmaWrapper.o)
 .comment       0x00000000000006e0       0x2c lib_generic/libgeneric.a(ctype.o)
 .comment       0x000000000000070c       0x2c lib_generic/libgeneric.a(LzmaDecode.o)
 .comment       0x0000000000000738       0x2c board/opipmux/libopipmux.a(opipmux.o)
 .comment       0x0000000000000764       0x2c board/opipmux/libopipmux.a(ipmux_memory_test.o)
 .comment       0x0000000000000790       0x2c board/opipmux/libopipmux.a(ipmux_fe_test.o)
 .comment       0x00000000000007bc       0x2c board/opipmux/libopipmux.a(ipmux_gpio.o)
 .comment       0x00000000000007e8       0x2c board/opipmux/libopipmux.a(opulan_bootextend.o)
 .comment       0x0000000000000814       0x2c board/opipmux/libopipmux.a(ipmux_flash_onu_8bit.o)
 .comment       0x0000000000000840       0x2c board/opipmux/libopipmux.a(ipmuxclt_fe_onu.o)
 .comment       0x000000000000086c       0x2c board/opipmux/libopipmux.a(ipmux_mdio.o)
 .comment       0x0000000000000898       0x2c board/opipmux/libopipmux.a(opconn_atheros_8228.o)
 .comment       0x00000000000008c4       0x2c cpu/mips/libmips.a(cpu.o)
 .comment       0x00000000000008f0       0x2c cpu/mips/libmips.a(interrupts.o)
 .comment       0x000000000000091c       0x2c cpu/mips/libmips.a(opipmux_clock.o)
 .comment       0x0000000000000948       0x2c lib_mips/libmips.a(mips_linux.o)
 .comment       0x0000000000000974       0x2c rtc/librtc.a(date.o)
