Archive member included because of file (symbol)

board/opipmux/libopipmux.a(ipmux_update.o)
                              (__u_boot_cmd_Xdown)
board/opipmux/libopipmux.a(ipmux_ddr_asm.o)
                              cpu/mips/start.o (ipmux_ddr_tune)
board/opipmux/libopipmux.a(ipmux_test_ram.o)
                              cpu/mips/start.o (sdram_test_asm)
board/opipmux/libopipmux.a(ipmux_uart.o)
                              board/opipmux/libopipmux.a(ipmux_update.o) (serial_putc)
cpu/mips/libmips.a(cache_cpu.o)
                              cpu/mips/start.o (sys_init_cache)
lib_mips/libmips.a(board.o)   cpu/mips/start.o (board_init_f)
lib_mips/libmips.a(time.o)    lib_mips/libmips.a(board.o) (timer_init)
net/libnet.a(net.o)           lib_mips/libmips.a(board.o) (getenv_IPaddr)
net/libnet.a(tftp.o)          net/libnet.a(net.o) (TftpStart)
net/libnet.a(bootp.o)         net/libnet.a(net.o) (BootpTry)
net/libnet.a(rarp.o)          net/libnet.a(net.o) (RarpTry)
net/libnet.a(eth.o)           net/libnet.a(net.o) (eth_get_dev)
common/libcommon.a(main.o)    board/opipmux/libopipmux.a(ipmux_uart.o) (enable_net_polling)
common/libcommon.a(cmd_bdinfo.o)
                              (__u_boot_cmd_bdinfo)
common/libcommon.a(cmd_boot.o)
                              (__u_boot_cmd_go)
common/libcommon.a(cmd_bootm.o)
                              lib_mips/libmips.a(board.o) (load_addr)
common/libcommon.a(cmd_console.o)
                              (__u_boot_cmd_coninfo)
common/libcommon.a(cmd_elf.o)
                              common/libcommon.a(cmd_bootm.o) (do_bootelf)
common/libcommon.a(cmd_flash.o)
                              (__u_boot_cmd_flinfo)
common/libcommon.a(cmd_i2c.o)
                              (__u_boot_cmd_i2c_read)
common/libcommon.a(cmd_load.o)
                              (__u_boot_cmd_loadb)
common/libcommon.a(cmd_mem.o)
                              (__u_boot_cmd_md)
common/libcommon.a(cmd_net.o)
                              (__u_boot_cmd_bootp)
common/libcommon.a(cmd_nvedit.o)
                              lib_mips/libmips.a(board.o) (setenv)
common/libcommon.a(cmd_uu.o)  board/opipmux/libopipmux.a(ipmux_update.o) (getOplHeadSwitchStatus)
common/libcommon.a(cmd_utx.o)
                              (__u_boot_cmd_utx)
common/libcommon.a(cmd_utest.o)
                              (__u_boot_cmd_utest)
common/libcommon.a(command.o)
                              (__u_boot_cmd_version)
common/libcommon.a(console.o)
                              board/opipmux/libopipmux.a(ipmux_update.o) (printf)
common/libcommon.a(devices.o)
                              common/libcommon.a(cmd_console.o) (devlist)
common/libcommon.a(dlmalloc.o)
                              lib_mips/libmips.a(board.o) (malloc_bin_reloc)
common/libcommon.a(env_common.o)
                              common/libcommon.a(cmd_nvedit.o) (env_get_char)
common/libcommon.a(env_flash.o)
                              lib_mips/libmips.a(board.o) (env_name_spec)
common/libcommon.a(exports.o)
                              lib_mips/libmips.a(board.o) (jumptable_init)
common/libcommon.a(flash.o)   common/libcommon.a(cmd_mem.o) (addr2info)
common/libcommon.a(lists.o)   common/libcommon.a(devices.o) (ListCreate)
common/libcommon.a(ipmux_i2c.o)
                              common/libcommon.a(cmd_i2c.o) (ipmuxI2CInit)
lib_generic/libgeneric.a(crc32.o)
                              common/libcommon.a(cmd_bootm.o) (crc32)
lib_generic/libgeneric.a(display_options.o)
                              net/libnet.a(tftp.o) (print_size)
lib_generic/libgeneric.a(string.o)
                              common/libcommon.a(main.o) (strcat)
lib_generic/libgeneric.a(vsprintf.o)
                              board/opipmux/libopipmux.a(ipmux_update.o) (simple_strtoul)
lib_generic/libgeneric.a(zlib.o)
                              common/libcommon.a(cmd_bootm.o) (inflateEnd)
lib_generic/libgeneric.a(LzmaWrapper.o)
                              common/libcommon.a(cmd_bootm.o) (lzma_inflate)
lib_generic/libgeneric.a(ctype.o)
                              lib_generic/libgeneric.a(string.o) (_ctype)
lib_generic/libgeneric.a(LzmaDecode.o)
                              lib_generic/libgeneric.a(LzmaWrapper.o) (LzmaDecodeProperties)
board/opipmux/libopipmux.a(opipmux.o)
                              lib_mips/libmips.a(board.o) (initdram)
board/opipmux/libopipmux.a(ipmux_memory_test.o)
                              common/libcommon.a(cmd_uu.o) (set_memtestrange)
board/opipmux/libopipmux.a(ipmux_fe_test.o)
                              common/libcommon.a(cmd_utest.o) (debug_rx)
board/opipmux/libopipmux.a(ipmux_gpio.o)
                              common/libcommon.a(cmd_utest.o) (ipmuxGpioTest)
board/opipmux/libopipmux.a(opulan_bootextend.o)
                              common/libcommon.a(main.o) (oplbootMainloop)
board/opipmux/libopipmux.a(ipmux_flash_onu_8bit.o)
                              common/libcommon.a(env_flash.o) (CS0_REDEFINED)
board/opipmux/libopipmux.a(ipmuxclt_fe_onu.o)
                              common/libcommon.a(cmd_uu.o) (print_bd_rx)
board/opipmux/libopipmux.a(ipmux_mdio.o)
                              common/libcommon.a(cmd_uu.o) (mdioRegisterRead)
board/opipmux/libopipmux.a(opconn_atheros_8228.o)
                              lib_mips/libmips.a(board.o) (atheros_init)
cpu/mips/libmips.a(cpu.o)     common/libcommon.a(cmd_boot.o) (do_reset)
cpu/mips/libmips.a(interrupts.o)
                              common/libcommon.a(cmd_bootm.o) (enable_interrupts)
cpu/mips/libmips.a(opipmux_clock.o)
                              lib_mips/libmips.a(time.o) (opipmux_get_cpuclk)
cpu/mips/libmips.a(cache.o)   common/libcommon.a(cmd_elf.o) (dcache_status)
lib_mips/libmips.a(mips_linux.o)
                              common/libcommon.a(cmd_bootm.o) (do_bootm_linux)
rtc/librtc.a(date.o)          common/libcommon.a(cmd_bootm.o) (to_tm)
board/opipmux/libopipmux.a(memsetup.o)
                              cpu/mips/libmips.a(opipmux_clock.o) (ebu_init)

Allocating common symbols
Common symbol       size              file

dp_last_size        0x4               common/libcommon.a(cmd_mem.o)
console_buffer      0x100             common/libcommon.a(main.o)
version_string      0x64              lib_mips/libmips.a(board.o)
NetArpWaitTry       0x4               net/libnet.a(net.o)
NetArpWaitPacketMAC
                    0x4               net/libnet.a(net.o)
flash_info          0x50c             board/opipmux/libopipmux.a(ipmux_update.o)
NetOurEther         0x6               net/libnet.a(net.o)
NetOurIP            0x4               net/libnet.a(net.o)
NetPingIP           0x4               net/libnet.a(net.o)
NetServerIP         0x4               net/libnet.a(net.o)
monitor_flash_len   0x4               lib_mips/libmips.a(board.o)
___strtok           0x4               lib_generic/libgeneric.a(string.o)
NetArpWaitTxPacketSize
                    0x4               net/libnet.a(net.o)
NetArpWaitReplyIP   0x4               net/libnet.a(net.o)
NetRxPackets        0x10              net/libnet.a(net.o)
NetArpWaitTxPacket  0x4               net/libnet.a(net.o)
NetArpWaitPacketIP  0x4               net/libnet.a(net.o)
NetState            0x4               net/libnet.a(net.o)
BootpTry            0x4               net/libnet.a(bootp.o)
BootFile            0x80              net/libnet.a(net.o)
dp_last_addr        0x4               common/libcommon.a(cmd_mem.o)
his_pad_char        0x1               common/libcommon.a(cmd_load.o)
os_data_count       0x4               common/libcommon.a(cmd_load.o)
RarpTry             0x4               net/libnet.a(rarp.o)
mm_last_size        0x4               common/libcommon.a(cmd_mem.o)
os_data_init        0x4               common/libcommon.a(cmd_load.o)
mm_last_addr        0x4               common/libcommon.a(cmd_mem.o)
NetIPID             0x4               net/libnet.a(net.o)
send_ptr            0x4               common/libcommon.a(cmd_load.o)
BootpID             0x4               net/libnet.a(bootp.o)
NetRxPkt            0x4               net/libnet.a(net.o)
os_data_header      0x20              common/libcommon.a(cmd_load.o)
RxBufTmp            0x800             board/opipmux/libopipmux.a(ipmuxclt_fe_onu.o)
os_data_char        0x4               common/libcommon.a(cmd_load.o)
NetArpWaitPacketBuf
                    0x620             net/libnet.a(net.o)
ipMuxI2CC           0x3               common/libcommon.a(ipmux_i2c.o)
his_eol             0x1               common/libcommon.a(cmd_load.o)
header              0x4c              common/libcommon.a(cmd_bootm.o)
NetRxPktLen         0x4               net/libnet.a(net.o)
Buffers             0x40000           board/opipmux/libopipmux.a(ipmuxclt_fe_onu.o)
his_quote           0x1               common/libcommon.a(cmd_load.o)
NetBootFileXferSize
                    0x4               net/libnet.a(net.o)
PktBuf              0x1e20            net/libnet.a(net.o)
send_parms          0x14              common/libcommon.a(cmd_load.o)
ge_reg              0x4               board/opipmux/libopipmux.a(ipmuxclt_fe_onu.o)
his_pad_count       0x4               common/libcommon.a(cmd_load.o)
NetArpWaitTimerStart
                    0x4               net/libnet.a(net.o)

Memory Configuration

Name             Origin             Length             Attributes
*default*        0x0000000000000000 0xffffffffffffffff

Linker script and memory map

                0x0000000000000000                . = 0x0
                0x0000000000000000                . = ALIGN (0x4)

.text           0x00000000bfc00000    0x32770
 *(.text)
 .text          0x00000000bfc00000      0x5e0 cpu/mips/start.o
                0x00000000bfc004b4                copy_relocate_code_to_ram
                0x00000000bfc00508                relocate_code
                0x00000000bfc00558                jump_in_ram
                0x00000000bfc00000                _start
 .text          0x00000000bfc005e0     0x1390 board/opipmux/libopipmux.a(ipmux_update.o)
                0x00000000bfc014e0                reCfgCs0
                0x00000000bfc01650                cs0Cfgdefault
                0x00000000bfc00620                xmodemGetc
                0x00000000bfc006e4                crc16_ccitt
                0x00000000bfc005e0                xmodemPutc
                0x00000000bfc018d8                do_update
                0x00000000bfc017b8                imagePreCheck
                0x00000000bfc00c8c                do_Xdown
                0x00000000bfc00804                Xdown
                0x00000000bfc00d24                update
                0x00000000bfc016e4                bootUpdateSimpleCheck
 .text          0x00000000bfc01970     0x6290 board/opipmux/libopipmux.a(ipmux_ddr_asm.o)
                0x00000000bfc048c8                optrann_ddr2_tune
                0x00000000bfc01970                delayasmshort
                0x00000000bfc020f0                optrann_ddr3_tune
                0x00000000bfc01c9c                onu_ddr_tune
                0x00000000bfc01994                ipmux_ddr_tune
 .text          0x00000000bfc07c00      0x130 board/opipmux/libopipmux.a(ipmux_test_ram.o)
                0x00000000bfc07c98                sdram_test_asm_down
                0x00000000bfc07c00                sdram_test_asm
 .text          0x00000000bfc07d30      0x4c0 board/opipmux/libopipmux.a(ipmux_uart.o)
                0x00000000bfc081cc                serial_disable_fifo
                0x00000000bfc08184                serial_disable_loopback
                0x00000000bfc07d98                serial_setbrg
                0x00000000bfc07f74                serial_nowait_getc
                0x00000000bfc07f94                serial_tstc
                0x00000000bfc07e00                serial_putc
                0x00000000bfc08160                serial_set_loopback
                0x00000000bfc080cc                set_tx_rx_trig_level
                0x00000000bfc07e68                serial_nowait_putc
                0x00000000bfc07d30                serial_init
                0x00000000bfc07ec4                serial_puts
                0x00000000bfc081ac                serial_enable_fifo
                0x00000000bfc07f2c                serial_getc
                0x00000000bfc08140                get_int_stat
 .text          0x00000000bfc081f0      0x7f0 cpu/mips/libmips.a(cache_cpu.o)
                0x00000000bfc085c4                sys_determine_dcache_linesize_flash
                0x00000000bfc084cc                sys_determine_icache_lines_flash
                0x00000000bfc08638                sys_determine_dcache_lines_flash
                0x00000000bfc08558                sys_determine_icache_assoc_flash
                0x00000000bfc08730                sys_init_l2cache_flash
                0x00000000bfc08458                sys_determine_icache_linesize_flash
                0x00000000bfc083b8                sys_determine_l2cache_assoc_flash
                0x00000000bfc088e8                sys_init_dcache
                0x00000000bfc086c4                sys_determine_dcache_assoc_flash
                0x00000000bfc08400                sys_determine_l2cache_avail_flash
                0x00000000bfc08824                sys_init_icache
                0x00000000bfc08350                sys_determine_l2cache_lines_flash
                0x00000000bfc081f0                sys_init_cache
                0x00000000bfc082f0                sys_determine_l2cache_linesize_flash
 .text          0x00000000bfc089e0     0x1100 lib_mips/libmips.a(board.o)
                0x00000000bfc0975c                hang
                0x00000000bfc09100                board_init_r
                0x00000000bfc0979c                configDdr
                0x00000000bfc089e0                version_init
                0x00000000bfc08ae4                sbrk
                0x00000000bfc09064                testboard
                0x00000000bfc08d44                board_init_f
                0x00000000bfc08f6c                print_gp
 .text          0x00000000bfc09ae0      0x330 lib_mips/libmips.a(time.o)
                0x00000000bfc09c0c                set_timer
                0x00000000bfc09afc                reset_timer
                0x00000000bfc09dc8                get_tbclk
                0x00000000bfc09b14                get_timer
                0x00000000bfc09ae0                timer_init
                0x00000000bfc09d18                udelay
                0x00000000bfc09dac                get_ticks
                0x00000000bfc09c24                udelay_t
                0x00000000bfc09b2c                get_timer_usec
                0x00000000bfc09ba4                get_timer_sec
 .text          0x00000000bfc09e10     0x2620 net/libnet.a(net.o)
                0x00000000bfc0c38c                getenv_IPaddr
                0x00000000bfc0bdfc                NetCksumOk
                0x00000000bfc0aa7c                NetSetTimeout
                0x00000000bfc0c0b8                copy_filename
                0x00000000bfc0be94                NetEthHdrSize
                0x00000000bfc0c134                ip_to_string
                0x00000000bfc09fcc                ArpTimeoutCheck
                0x00000000bfc0b530                NetReceive
                0x00000000bfc0c1a0                string_to_ip
                0x00000000bfc0ab48                NetSendUDPPacket
                0x00000000bfc0c33c                print_IPaddr
                0x00000000bfc0b068                PauseSend
                0x00000000bfc0bed0                NetSetEther
                0x00000000bfc0a0f0                NetLoop
                0x00000000bfc09e10                ArpRequest
                0x00000000bfc0c248                VLAN_to_string
                0x00000000bfc0c3d8                getenv_VLAN
                0x00000000bfc0be40                NetCksum
                0x00000000bfc0bf90                NetSetIP
                0x00000000bfc0afc0                PauseSend_macok
                0x00000000bfc0c2d4                string_to_VLAN
                0x00000000bfc0ad70                PingReply
                0x00000000bfc0a888                NetStartAgain
                0x00000000bfc0aa5c                NetSetHandler
                0x00000000bfc0b1b0                PingSend
                0x00000000bfc0ab10                NetSendPacket
 .text          0x00000000bfc0c430      0xdd0 net/libnet.a(tftp.o)
                0x00000000bfc0cdc0                TftpStart
 .text          0x00000000bfc0d200      0xba0 net/libnet.a(bootp.o)
                0x00000000bfc0da68                BootpRequest
 .text          0x00000000bfc0dda0      0x2e0 net/libnet.a(rarp.o)
                0x00000000bfc0ded4                RarpRequest
 .text          0x00000000bfc0e080      0xb90 net/libnet.a(eth.o)
                0x00000000bfc0e894                eth_halt
                0x00000000bfc0e108                eth_register
                0x00000000bfc0e080                eth_get_dev
                0x00000000bfc0e9a4                eth_try_another
                0x00000000bfc0e69c                eth_set_enetaddr
                0x00000000bfc0e240                eth_initialize
                0x00000000bfc0eae4                eth_set_current
                0x00000000bfc0e94c                eth_rx
                0x00000000bfc0e0a0                eth_get_dev_index
                0x00000000bfc0e7ac                eth_init
                0x00000000bfc0ebdc                eth_get_name
                0x00000000bfc0e8e8                eth_send
 .text          0x00000000bfc0ec10     0x14f0 common/libcommon.a(main.o)
                0x00000000bfc0fcc8                run_command
                0x00000000bfc0ffe8                do_run
                0x00000000bfc0f430                readline
                0x00000000bfc0f0b8                main_loop
                0x00000000bfc0edc4                oplBannner
                0x00000000bfc0eca8                oplParameterForOS
                0x00000000bfc0ec10                WordWrite
 .text          0x00000000bfc10100      0x230 common/libcommon.a(cmd_bdinfo.o)
                0x00000000bfc10100                do_bdinfo
 .text          0x00000000bfc10330      0x100 common/libcommon.a(cmd_boot.o)
                0x00000000bfc10330                do_go
 .text          0x00000000bfc10430     0x15e0 common/libcommon.a(cmd_bootm.o)
                0x00000000bfc11010                print_image_hdr
                0x00000000bfc10fa4                do_bootd
                0x00000000bfc1163c                gunzip
                0x00000000bfc10430                do_bootm
 .text          0x00000000bfc11a10      0x180 common/libcommon.a(cmd_console.o)
                0x00000000bfc11a10                do_coninfo
 .text          0x00000000bfc11b90      0x6c0 common/libcommon.a(cmd_elf.o)
                0x00000000bfc11b90                do_bootelf
                0x00000000bfc11d44                do_bootvx
                0x00000000bfc12024                valid_elf_image
                0x00000000bfc120a8                load_elf_image
 .text          0x00000000bfc12250     0x1180 common/libcommon.a(cmd_flash.o)
                0x00000000bfc12894                do_flinfo
                0x00000000bfc12c98                flash_sect_erase
                0x00000000bfc12dd0                do_protect
                0x00000000bfc129c4                do_flerase
                0x00000000bfc13288                flash_sect_protect
 .text          0x00000000bfc133d0      0x310 common/libcommon.a(cmd_i2c.o)
                0x00000000bfc134d0                do_i2c_write
                0x00000000bfc133d0                do_i2c_read
                0x00000000bfc135dc                do_i2c_init
 .text          0x00000000bfc136e0     0x11a0 common/libcommon.a(cmd_load.o)
                0x00000000bfc13f7c                k_data_init
                0x00000000bfc13bcc                s1_sendpacket
                0x00000000bfc14168                handle_send_packet
                0x00000000bfc14030                k_data_restore
                0x00000000bfc13cec                send_nack
                0x00000000bfc136e0                do_load_serial_bin
                0x00000000bfc14090                k_data_char
                0x00000000bfc13b80                chk1
                0x00000000bfc13fd0                k_data_save
                0x00000000bfc13b38                ktrans
                0x00000000bfc13ac8                send_pad
                0x00000000bfc13c44                send_ack
 .text          0x00000000bfc14880     0x12e0 common/libcommon.a(cmd_mem.o)
                0x00000000bfc15390                do_mem_base
                0x00000000bfc14d6c                do_mem_mw
                0x00000000bfc159fc                do_mem_crc
                0x00000000bfc14d14                do_mem_nm
                0x00000000bfc14cbc                do_mem_mm
                0x00000000bfc1515c                do_mem_cp
                0x00000000bfc155b8                do_mem_mtest
                0x00000000bfc14ee4                do_mem_cmp
                0x00000000bfc14880                cmd_get_data_size
                0x00000000bfc15420                do_mem_loop
                0x00000000bfc14940                do_mem_md
 .text          0x00000000bfc15b60      0x6f0 common/libcommon.a(cmd_net.o)
                0x00000000bfc15bf0                do_rarpb
                0x00000000bfc16150                do_ping
                0x00000000bfc15ba8                do_tftpb
                0x00000000bfc15b60                do_bootp
 .text          0x00000000bfc16250     0x1190 common/libcommon.a(cmd_nvedit.o)
                0x00000000bfc17074                getenv
                0x00000000bfc16570                _do_setenv
                0x00000000bfc16e18                do_askenv
                0x00000000bfc1716c                getenv_r
                0x00000000bfc16250                do_printenv
                0x00000000bfc16d34                setenv
                0x00000000bfc172b4                do_saveenv
                0x00000000bfc16d9c                do_setenv
 .text          0x00000000bfc173e0     0x2760 common/libcommon.a(cmd_uu.o)
                0x00000000bfc1965c                do_uubd
                0x00000000bfc174bc                owr
                0x00000000bfc18f24                do_unote
                0x00000000bfc19280                do_uloopfe
                0x00000000bfc18058                do_uuos2
                0x00000000bfc17b30                do_uuos1
                0x00000000bfc1745c                orr
                0x00000000bfc19068                do_uloop
                0x00000000bfc19a30                do_atherosRegisterWrite
                0x00000000bfc194cc                do_umtest
                0x00000000bfc19978                do_mdioRegisterRead
                0x00000000bfc1933c                do_umtestm
                0x00000000bfc174dc                do_owr
                0x00000000bfc19ac0                do_atherosRegisterRead
                0x00000000bfc198bc                do_mdioRegisterWrite
                0x00000000bfc185a0                do_uucfg
                0x00000000bfc175a8                do_orr
                0x00000000bfc18aac                promt_cancel
                0x00000000bfc173e0                getOplHeadSwitchStatus
                0x00000000bfc18bc0                do_uuram
                0x00000000bfc1763c                do_uutftp
                0x00000000bfc1976c                do_umf
 .text          0x00000000bfc19b40      0x100 common/libcommon.a(cmd_utx.o)
                0x00000000bfc19b40                do_utx
 .text          0x00000000bfc19c40      0x4f0 common/libcommon.a(cmd_utest.o)
                0x00000000bfc19d24                do_udbgrx
                0x00000000bfc19e0c                do_udbgs
                0x00000000bfc19f90                do_udelay
                0x00000000bfc19ea8                do_udbgtx
                0x00000000bfc19c40                do_uenpr
                0x00000000bfc1a078                do_utest
 .text          0x00000000bfc1a130      0x630 common/libcommon.a(command.o)
                0x00000000bfc1a238                do_echo
                0x00000000bfc1a5f8                find_cmd
                0x00000000bfc1a340                do_help
                0x00000000bfc1a130                do_version
 .text          0x00000000bfc1a760      0xd30 common/libcommon.a(console.o)
                0x00000000bfc1b0f4                console_init_r
                0x00000000bfc1acd4                printf
                0x00000000bfc1aea0                console_assign
                0x00000000bfc1aac4                getc
                0x00000000bfc1aff0                search_device
                0x00000000bfc1abf8                puts
                0x00000000bfc1b470                dbg
                0x00000000bfc1a854                serial_printf
                0x00000000bfc1a93c                ftstc
                0x00000000bfc1aa58                fprintf
                0x00000000bfc1ab24                tstc
                0x00000000bfc1ad38                vprintf
                0x00000000bfc1ad90                ctrlc
                0x00000000bfc1ab84                putc
                0x00000000bfc1ae30                disable_ctrlc
                0x00000000bfc1a8e0                fgetc
                0x00000000bfc1ae60                had_ctrlc
                0x00000000bfc1a998                fputc
                0x00000000bfc1afd4                console_init_f
                0x00000000bfc1ae80                clear_ctrlc
                0x00000000bfc1ac5c                nop
                0x00000000bfc1a9fc                fputs
 .text          0x00000000bfc1b490      0x1e0 common/libcommon.a(devices.o)
                0x00000000bfc1b538                device_register
                0x00000000bfc1b620                devices_done
                0x00000000bfc1b588                devices_init
 .text          0x00000000bfc1b670     0x17b0 common/libcommon.a(dlmalloc.o)
                0x00000000bfc1b994                malloc
                0x00000000bfc1c9bc                pvalloc
                0x00000000bfc1ca08                calloc
                0x00000000bfc1ccf4                malloc_usable_size
                0x00000000bfc1c270                realloc
                0x00000000bfc1cb68                malloc_trim
                0x00000000bfc1b670                malloc_bin_reloc
                0x00000000bfc1cd58                mallopt
                0x00000000bfc1c7dc                memalign
                0x00000000bfc1cb30                cfree
                0x00000000bfc1c97c                valloc
                0x00000000bfc1bf78                free
 .text          0x00000000bfc1ce20      0x230 common/libcommon.a(env_common.o)
                0x00000000bfc1cf14                env_get_addr
                0x00000000bfc1cf44                env_relocate
                0x00000000bfc1ce20                env_crc_update
                0x00000000bfc1ced8                env_get_char_memory
 .text          0x00000000bfc1d050      0x2f0 common/libcommon.a(env_flash.o)
                0x00000000bfc1d2e0                env_relocate_spec
                0x00000000bfc1d164                saveenv
                0x00000000bfc1d0bc                env_get_char_spec
                0x00000000bfc1d064                changePtr1
                0x00000000bfc1d098                changePtrback
                0x00000000bfc1d050                changePtr
                0x00000000bfc1d0d8                env_init
 .text          0x00000000bfc1d340       0xd0 common/libcommon.a(exports.o)
                0x00000000bfc1d368                jumptable_init
                0x00000000bfc1d354                get_version
 .text          0x00000000bfc1d410      0x4a0 common/libcommon.a(flash.o)
                0x00000000bfc1d53c                flash_write
                0x00000000bfc1d410                flash_protect
                0x00000000bfc1d4e8                addr2info
                0x00000000bfc1d720                flash_perror
 .text          0x00000000bfc1d8b0      0x720 common/libcommon.a(lists.o)
                0x00000000bfc1d96c                DisposeHandle
                0x00000000bfc1dc60                ListDispose
                0x00000000bfc1dcd4                ListInsertItems
                0x00000000bfc1dc44                ListSetAllocationPolicy
                0x00000000bfc1df9c                ListGetItemSize
                0x00000000bfc1df84                ListGetDataPtr
                0x00000000bfc1d8b0                NewHandle
                0x00000000bfc1d9e0                SetHandleSize
                0x00000000bfc1dc98                ListInsertItem
                0x00000000bfc1d9cc                GetHandleSize
                0x00000000bfc1dfb4                ListNumItems
                0x00000000bfc1df38                ListGetPtrToItem
                0x00000000bfc1dbcc                ListCreate
                0x00000000bfc1dec0                ListGetItems
 .text          0x00000000bfc1dfd0     0x1560 common/libcommon.a(ipmux_i2c.o)
                0x00000000bfc1f340                drvI2cDevWr
                0x00000000bfc1e2dc                i2cInterruptEnable
                0x00000000bfc1f094                i2cpr8
                0x00000000bfc1e934                i2cRead
                0x00000000bfc1f028                i2cpw16
                0x00000000bfc1e1c4                i2cSlaveModeSet
                0x00000000bfc1ef44                i2cpr16
                0x00000000bfc1f290                i2cReadRandom
                0x00000000bfc1e028                i2cControllerEnable
                0x00000000bfc1f1d0                i2cpw8
                0x00000000bfc1e390                i2cInterruptRoutine
                0x00000000bfc1e0f0                i2cControllerReset
                0x00000000bfc1e7cc                i2cWriteRepeat
                0x00000000bfc1e13c                i2cMasterModeSet
                0x00000000bfc1e08c                i2cControllerDisable
                0x00000000bfc1f400                drvI2cDevRd
                0x00000000bfc1dfd0                opwaycltIfI2cSTOStatusIssue
                0x00000000bfc1e41c                i2cWrite
                0x00000000bfc1f444                RdEpromTest
                0x00000000bfc1e250                i2cStatusGet
                0x00000000bfc1ed1c                i2cReadRepeat
                0x00000000bfc1ee74                ipmuxI2CInit
                0x00000000bfc1dff0                oplRtosTaskDelay
 .text          0x00000000bfc1f530      0x230 lib_generic/libgeneric.a(crc32.o)
                0x00000000bfc1f71c                dbg_puts
                0x00000000bfc1f530                crc32
 .text          0x00000000bfc1f760      0x170 lib_generic/libgeneric.a(display_options.o)
                0x00000000bfc1f760                display_options
                0x00000000bfc1f7ac                print_size
 .text          0x00000000bfc1f8d0      0x800 lib_generic/libgeneric.a(string.o)
                0x00000000bfc1fee0                memmove
                0x00000000bfc1fea0                memcpy
                0x00000000bfc1fe0c                strswab
                0x00000000bfc1fb20                strnlen
                0x00000000bfc1fa74                strrchr
                0x00000000bfc1f96c                strcat
                0x00000000bfc2007c                memchr
                0x00000000bfc1ffa8                strstr
                0x00000000bfc1fcc4                strtok
                0x00000000bfc1ff68                memcmp
                0x00000000bfc1f9b4                strncat
                0x00000000bfc1fb6c                strdup
                0x00000000bfc1fe68                memset
                0x00000000bfc1fd9c                strsep
                0x00000000bfc1f8d0                strnicmp
                0x00000000bfc1fbf0                strspn
                0x00000000bfc1faf0                strlen
                0x00000000bfc1fa30                strchr
                0x00000000bfc1fc60                strpbrk
 .text          0x00000000bfc200d0      0xfd0 lib_generic/libgeneric.a(vsprintf.o)
                0x00000000bfc20ac0                vsprintf
                0x00000000bfc201c4                simple_strtol
                0x00000000bfc204e8                print_int
                0x00000000bfc2100c                panic
                0x00000000bfc2057c                vs_printf
                0x00000000bfc20fc8                sprintf
                0x00000000bfc200d0                simple_strtoul
 .text          0x00000000bfc210a0     0x3700 lib_generic/libgeneric.a(zlib.o)
                0x00000000bfc21338                inflate
                0x00000000bfc211cc                inflateInit2
                0x00000000bfc21798                inflateIncomp
                0x00000000bfc245cc                adler32
                0x00000000bfc210a0                inflateReset
                0x00000000bfc217fc                inflateSync
                0x00000000bfc212fc                inflateInit
                0x00000000bfc21120                inflateEnd
 .text          0x00000000bfc247a0      0x380 lib_generic/libgeneric.a(LzmaWrapper.o)
                0x00000000bfc24834                lzma_inflate
 .text          0x00000000bfc24b20      0xda0 lib_generic/libgeneric.a(LzmaDecode.o)
                0x00000000bfc24b20                LzmaDecodeProperties
                0x00000000bfc24c08                LzmaDecode
 .text          0x00000000bfc258c0       0x60 board/opipmux/libopipmux.a(opipmux.o)
                0x00000000bfc25904                checkboard
                0x00000000bfc258c0                initdram
 .text          0x00000000bfc25920     0x10f0 board/opipmux/libopipmux.a(ipmux_memory_test.o)
                0x00000000bfc26578                testcopy
                0x00000000bfc264d4                checkcach
                0x00000000bfc26540                logProcessSum
                0x00000000bfc25afc                memcheck32
                0x00000000bfc259a8                is_sys_mem
                0x00000000bfc2655c                logProcess
                0x00000000bfc259bc                set_memtestrange
                0x00000000bfc269f0                debug_halt
                0x00000000bfc25e3c                testcopy32
                0x00000000bfc2631c                mem_search_word
 .text          0x00000000bfc26a10      0x6c0 board/opipmux/libopipmux.a(ipmux_fe_test.o)
                0x00000000bfc26a70                debug_pck_Rcv_force
                0x00000000bfc26a10                proc_arp
                0x00000000bfc26bbc                debug_pck_clear_statistic
                0x00000000bfc26adc                debug_pck_send
                0x00000000bfc26b28                debug_pck_Rcv
                0x00000000bfc26b74                debug_pck_display_statistic
                0x00000000bfc26c04                debug_pck
 .text          0x00000000bfc270d0      0x4c0 board/opipmux/libopipmux.a(ipmux_gpio.o)
                0x00000000bfc27220                ipmuxGpioIntEdgeSet
                0x00000000bfc27334                ipmuxGpioTest
                0x00000000bfc270f4                ipmuxGpioDirInputSet
                0x00000000bfc27188                ipmuxGpioIntModeEdgeSet
                0x00000000bfc27158                ipmuxGpioIntModeLevelSet
                0x00000000bfc271bc                ipmuxGpioIntLevelHighSet
                0x00000000bfc270d0                ipmuxGpioInit
                0x00000000bfc272fc                ipmuxGpioOutputGet
                0x00000000bfc272a0                ipmuxGpioOutputSet
                0x00000000bfc27268                ipmuxGpioValGet
                0x00000000bfc271ec                ipmuxGpioIntLevelLowSet
                0x00000000bfc27128                ipmuxGpioDirOutputSet
 .text          0x00000000bfc27590     0x2830 board/opipmux/libopipmux.a(opulan_bootextend.o)
                0x00000000bfc28320                oplbootTypeSel
                0x00000000bfc28bac                oplbootLoadSystem
                0x00000000bfc2987c                oplReadline
                0x00000000bfc284cc                oplbootSetEthIP
                0x00000000bfc27dbc                oplbootCharCheck
                0x00000000bfc28204                oplbootCharDataInput
                0x00000000bfc279a4                oplbootParseInput
                0x00000000bfc27694                oplbootInitial
                0x00000000bfc27590                oplbootMainloop
                0x00000000bfc28170                oplbootNameSet
                0x00000000bfc27ab4                oplbootMenuChange
                0x00000000bfc27bf0                oplbootDataType
                0x00000000bfc27810                oplbootMenuShow
                0x00000000bfc29508                oplbootSerialBau
                0x00000000bfc27e90                oplCommandLineInterface
                0x00000000bfc286d0                oplbootSaveConfig
                0x00000000bfc29c18                setBootFlag
 .text          0x00000000bfc29dc0     0x1c50 board/opipmux/libopipmux.a(ipmux_flash_onu_8bit.o)
                0x00000000bfc2aba4                flash_get_size
                0x00000000bfc2b9c0                wweidebug
                0x00000000bfc2afa8                flash_erase
                0x00000000bfc29dc0                flash_init
                0x00000000bfc2a594                flash_print_info
                0x00000000bfc2a484                flash_print_allinfo
                0x00000000bfc2b520                write_buff
 .text          0x00000000bfc2ba10     0x1a00 board/opipmux/libopipmux.a(ipmuxclt_fe_onu.o)
                0x00000000bfc2ccc4                test_gel_debug
                0x00000000bfc2d000                opipmux_gel_init
                0x00000000bfc2d22c                opipmux_bc_init
                0x00000000bfc2d318                opipmux_gel_initialize
                0x00000000bfc2d1f4                opipmux_gmac_initialize
                0x00000000bfc2c9d0                debug_fe_loopback
                0x00000000bfc2cd08                ntoh_range
                0x00000000bfc2cf64                opipmux_gel_tx_loopbackto_rx
                0x00000000bfc2bf18                print_bd_rx
                0x00000000bfc2cf24                opipmux_gel_reset
                0x00000000bfc2c134                opipmux_gel_send
                0x00000000bfc2d19c                spa
                0x00000000bfc2c830                print_mem
                0x00000000bfc2bfb8                print_bd_tx
                0x00000000bfc2bc3c                print_bd_one_rx
                0x00000000bfc2c93c                spaToBdZero
 .text          0x00000000bfc2d410      0x6a0 board/opipmux/libopipmux.a(ipmux_mdio.o)
                0x00000000bfc2d4b0                oplRegFieldWrite
                0x00000000bfc2d744                mdioRegisterWrite
                0x00000000bfc2d8c4                mdioRegisterFieldRead
                0x00000000bfc2d410                oplRegFieldRead
                0x00000000bfc2d9a4                mdioRegisterFieldWrite
                0x00000000bfc2d55c                mdioRegisterRead
 .text          0x00000000bfc2dab0     0x36b0 board/opipmux/libopipmux.a(opconn_atheros_8228.o)
                0x00000000bfc2e060                isis_reg_set
                0x00000000bfc30d0c                atheros_wr_reg
                0x00000000bfc2f3a4                hsl_dev_init
                0x00000000bfc3109c                atheros_shutdown_phy
                0x00000000bfc2db24                sd_mdio_get_is_inited
                0x00000000bfc2e798                f2_phy_poweroff
                0x00000000bfc2e684                shiva_reg_access_mode_init
                0x00000000bfc2efa8                hsl_port_prop_init_by_dev
                0x00000000bfc2dab0                hsl_port_prop_check
                0x00000000bfc2e020                hsl_reg_ptr_get
                0x00000000bfc310f8                atheros_poweron_phy
                0x00000000bfc2ddc8                sd_reg_mdio_set
                0x00000000bfc2f428                ssdk_init
                0x00000000bfc2f038                shiva_init
                0x00000000bfc2f538                shiva_cpu_port_status_set
                0x00000000bfc2e13c                isis_reg_get
                0x00000000bfc2e898                f2_phy_reset
                0x00000000bfc2e040                hsl_dev_ptr_get
                0x00000000bfc30de0                atheros_show_cnt
                0x00000000bfc2db04                sd_mdio_set_is_inited
                0x00000000bfc2ef84                hsl_port_prop_init
                0x00000000bfc2e84c                f2_phy_poweron
                0x00000000bfc2f5f0                shiva_mib_status_set
                0x00000000bfc2f6a8                shiva_get_mib_info
                0x00000000bfc30680                shiva_port_bc_filter_set
                0x00000000bfc2f460                shiva_port_hdr_status_set
                0x00000000bfc30920                atheros_init
                0x00000000bfc2de2c                sd_reg_mdio_get
                0x00000000bfc307d0                shiva_port_unk_uc_filter_set
                0x00000000bfc30d60                atheros_show_reg
 .text          0x00000000bfc31160       0xb0 cpu/mips/libmips.a(cpu.o)
                0x00000000bfc311b8                flush_cache
                0x00000000bfc31160                do_reset
                0x00000000bfc311cc                write_one_tlb
 .text          0x00000000bfc31210       0x30 cpu/mips/libmips.a(interrupts.o)
                0x00000000bfc31224                disable_interrupts
                0x00000000bfc31210                enable_interrupts
 .text          0x00000000bfc31240      0x170 cpu/mips/libmips.a(opipmux_clock.o)
                0x00000000bfc31240                opipmux_get_cpuclk
                0x00000000bfc312dc                opipmux_set_cpuclk
                0x00000000bfc31274                opipmux_get_fpiclk
 .text          0x00000000bfc313b0      0x290 cpu/mips/libmips.a(cache.o)
                0x00000000bfc3162c                mips_cache_lock_status
                0x00000000bfc313b0                mips_cache_reset
                0x00000000bfc31574                mips_cache_lock
                0x00000000bfc31548                dcache_status
                0x00000000bfc315d0                mips_cache_unlock
                0x00000000bfc31558                dcache_disable
 .text          0x00000000bfc31640      0xa80 lib_mips/libmips.a(mips_linux.o)
                0x00000000bfc31640                do_bootm_linux
 .text          0x00000000bfc320c0      0x420 rtc/librtc.a(date.o)
                0x00000000bfc320c0                GregorianDay
                0x00000000bfc323f8                mktime
                0x00000000bfc32244                to_tm
 .text          0x00000000bfc324e0      0x290 board/opipmux/libopipmux.a(memsetup.o)
                0x00000000bfc324e0                ebu_init
                0x00000000bfc32650                sdram_init
                0x00000000bfc32704                memsetup
                0x00000000bfc32588                cgu_init
                0x00000000bfc32770                . = ALIGN (0x4)

.rodata         0x00000000bfc32770     0x8ff0
 *(.rodata)
 .rodata        0x00000000bfc32770      0x740 board/opipmux/libopipmux.a(ipmux_update.o)
 .rodata        0x00000000bfc32eb0       0x50 board/opipmux/libopipmux.a(ipmux_uart.o)
 .rodata        0x00000000bfc32f00      0x3a0 lib_mips/libmips.a(board.o)
 .rodata        0x00000000bfc332a0       0x50 lib_mips/libmips.a(time.o)
 .rodata        0x00000000bfc332f0      0x2d0 net/libnet.a(net.o)
 .rodata        0x00000000bfc335c0      0x280 net/libnet.a(tftp.o)
 .rodata        0x00000000bfc33840      0x160 net/libnet.a(bootp.o)
 .rodata        0x00000000bfc339a0       0x50 net/libnet.a(rarp.o)
 .rodata        0x00000000bfc339f0      0x110 net/libnet.a(eth.o)
 .rodata        0x00000000bfc33b00      0x7a0 common/libcommon.a(main.o)
 .rodata        0x00000000bfc342a0       0xd0 common/libcommon.a(cmd_bdinfo.o)
 .rodata        0x00000000bfc34370      0x120 common/libcommon.a(cmd_boot.o)
 .rodata        0x00000000bfc34490      0x8d0 common/libcommon.a(cmd_bootm.o)
 .rodata        0x00000000bfc34d60       0x80 common/libcommon.a(cmd_console.o)
 .rodata        0x00000000bfc34de0      0x330 common/libcommon.a(cmd_elf.o)
 .rodata        0x00000000bfc35110      0x790 common/libcommon.a(cmd_flash.o)
 .rodata        0x00000000bfc358a0      0x120 common/libcommon.a(cmd_i2c.o)
 .rodata        0x00000000bfc359c0      0x1e0 common/libcommon.a(cmd_load.o)
 .rodata        0x00000000bfc35ba0      0x650 common/libcommon.a(cmd_mem.o)
 .rodata        0x00000000bfc361f0      0x240 common/libcommon.a(cmd_net.o)
 .rodata        0x00000000bfc36430      0x550 common/libcommon.a(cmd_nvedit.o)
 .rodata        0x00000000bfc36980     0x1010 common/libcommon.a(cmd_uu.o)
 .rodata        0x00000000bfc37990       0x80 common/libcommon.a(cmd_utx.o)
 .rodata        0x00000000bfc37a10      0x360 common/libcommon.a(cmd_utest.o)
 .rodata        0x00000000bfc37d70      0x3c0 common/libcommon.a(command.o)
 .rodata        0x00000000bfc38130       0xc0 common/libcommon.a(console.o)
 .rodata        0x00000000bfc381f0       0x20 common/libcommon.a(devices.o)
 .rodata        0x00000000bfc38210       0x40 common/libcommon.a(env_common.o)
 .rodata        0x00000000bfc38250       0x40 common/libcommon.a(env_flash.o)
 .rodata        0x00000000bfc38290      0x140 common/libcommon.a(flash.o)
 .rodata        0x00000000bfc383d0      0x130 common/libcommon.a(ipmux_i2c.o)
 .rodata        0x00000000bfc38500      0x400 lib_generic/libgeneric.a(crc32.o)
 .rodata        0x00000000bfc38900       0x20 lib_generic/libgeneric.a(display_options.o)
 .rodata        0x00000000bfc38920      0x380 lib_generic/libgeneric.a(vsprintf.o)
 .rodata        0x00000000bfc38ca0      0x290 lib_generic/libgeneric.a(zlib.o)
 .rodata        0x00000000bfc38f30       0xc0 lib_generic/libgeneric.a(LzmaWrapper.o)
 .rodata        0x00000000bfc38ff0       0x30 lib_generic/libgeneric.a(LzmaDecode.o)
 .rodata        0x00000000bfc39020      0x4d0 board/opipmux/libopipmux.a(ipmux_memory_test.o)
 .rodata        0x00000000bfc394f0      0x110 board/opipmux/libopipmux.a(ipmux_fe_test.o)
 .rodata        0x00000000bfc39600       0x60 board/opipmux/libopipmux.a(ipmux_gpio.o)
 .rodata        0x00000000bfc39660     0x11a0 board/opipmux/libopipmux.a(opulan_bootextend.o)
 .rodata        0x00000000bfc3a800      0x750 board/opipmux/libopipmux.a(ipmux_flash_onu_8bit.o)
 .rodata        0x00000000bfc3af50      0x1a0 board/opipmux/libopipmux.a(ipmuxclt_fe_onu.o)
 .rodata        0x00000000bfc3b0f0      0x480 board/opipmux/libopipmux.a(opconn_atheros_8228.o)
 .rodata        0x00000000bfc3b570       0x20 cpu/mips/libmips.a(cpu.o)
 .rodata        0x00000000bfc3b590       0x10 cpu/mips/libmips.a(opipmux_clock.o)
 .rodata        0x00000000bfc3b5a0      0x190 lib_mips/libmips.a(mips_linux.o)
 .rodata        0x00000000bfc3b730       0x30 rtc/librtc.a(date.o)

.reginfo        0x00000000bfc3b760       0x18
 .reginfo       0x00000000bfc3b760       0x18 cpu/mips/start.o

.rel.dyn
                0x00000000bfc3b778                . = ALIGN (0x4)

.data           0x00000000bfc3b780     0x1370
 *(.data)
 .data          0x00000000bfc3b780       0x30 lib_mips/libmips.a(board.o)
                0x00000000bfc3b788                init_sequence
                0x00000000bfc3b780                g_phy_speed
 .data          0x00000000bfc3b7b0       0x10 net/libnet.a(net.o)
                0x00000000bfc3b7b0                NetBcastAddr
                0x00000000bfc3b7b8                NetOurNativeVLAN
                0x00000000bfc3b7b6                NetOurVLAN
 .data          0x00000000bfc3b7c0       0x10 common/libcommon.a(main.o)
 .data          0x00000000bfc3b7d0       0x10 common/libcommon.a(cmd_bootm.o)
                0x00000000bfc3b7d0                load_addr
 .data          0x00000000bfc3b7e0       0x10 common/libcommon.a(cmd_mem.o)
                0x00000000bfc3b7e0                dp_last_length
 .data          0x00000000bfc3b7f0       0x10 common/libcommon.a(devices.o)
                0x00000000bfc3b7f0                stdio_names
 .data          0x00000000bfc3b800      0x420 common/libcommon.a(dlmalloc.o)
 .data          0x00000000bfc3bc20      0x450 common/libcommon.a(env_common.o)
                0x00000000bfc3bc20                env_get_char
                0x00000000bfc3bc24                default_environment
 .data          0x00000000bfc3c070       0x10 common/libcommon.a(env_flash.o)
                0x00000000bfc3c070                env_name_spec
                0x00000000bfc3c074                env_ptr
 .data          0x00000000bfc3c080       0x10 common/libcommon.a(ipmux_i2c.o)
 .data          0x00000000bfc3c090      0x2a0 lib_generic/libgeneric.a(zlib.o)
                0x00000000bfc3c30c                zlib_version
                0x00000000bfc3c310                z_errmsg
 .data          0x00000000bfc3c330       0x10 lib_generic/libgeneric.a(LzmaWrapper.o)
 .data          0x00000000bfc3c340      0x100 lib_generic/libgeneric.a(ctype.o)
                0x00000000bfc3c340                _ctype
 .data          0x00000000bfc3c440       0x20 board/opipmux/libopipmux.a(ipmux_memory_test.o)
                0x00000000bfc3c440                proc
                0x00000000bfc3c44c                as2
                0x00000000bfc3c454                adis
                0x00000000bfc3c444                as1
                0x00000000bfc3c450                ae2
                0x00000000bfc3c448                ae1
 .data          0x00000000bfc3c460       0x10 board/opipmux/libopipmux.a(ipmux_fe_test.o)
 .data          0x00000000bfc3c470       0x10 board/opipmux/libopipmux.a(ipmux_gpio.o)
                0x00000000bfc3c470                pGpio
 .data          0x00000000bfc3c480      0x620 board/opipmux/libopipmux.a(opulan_bootextend.o)
 .data          0x00000000bfc3caa0       0x10 board/opipmux/libopipmux.a(ipmux_flash_onu_8bit.o)
                0x00000000bfc3caa0                CS0_REDEFINED
 .data          0x00000000bfc3cab0       0x10 board/opipmux/libopipmux.a(opconn_atheros_8228.o)
                0x00000000bfc3cab0                ssdk_mdio_set
                0x00000000bfc3cab4                ssdk_mdio_get
 .data          0x00000000bfc3cac0       0x30 rtc/librtc.a(date.o)
                0x00000000bfc3caf0                . = ALIGN (0x4)

.sdata
 *(.sdata)
 *(.sdata)
                0x00000000bfc3caf0                _gp = ALIGN (0x10)
                0x00000000bfc3caf0                __got_start = .

.got            0x00000000bfc3caf0      0x718
 *(.got)
 .got           0x00000000bfc3caf0      0x718 cpu/mips/start.o
                0x00000000bfc3caf0                _GLOBAL_OFFSET_TABLE_
                0x00000000bfc3d208                __got_end = .
                0x00000000bfc3d208                __u_boot_cmd_start = .

.u_boot_cmd     0x00000000bfc3d208      0x618
 *(.u_boot_cmd)
 .u_boot_cmd    0x00000000bfc3d208       0x30 board/opipmux/libopipmux.a(ipmux_update.o)
                0x00000000bfc3d220                __u_boot_cmd_update
                0x00000000bfc3d208                __u_boot_cmd_Xdown
 .u_boot_cmd    0x00000000bfc3d238       0x18 common/libcommon.a(cmd_bdinfo.o)
                0x00000000bfc3d238                __u_boot_cmd_bdinfo
 .u_boot_cmd    0x00000000bfc3d250       0x30 common/libcommon.a(cmd_boot.o)
                0x00000000bfc3d268                __u_boot_cmd_reset
                0x00000000bfc3d250                __u_boot_cmd_go
 .u_boot_cmd    0x00000000bfc3d280       0x48 common/libcommon.a(cmd_bootm.o)
                0x00000000bfc3d280                __u_boot_cmd_bootm
                0x00000000bfc3d2b0                __u_boot_cmd_bootd
                0x00000000bfc3d298                __u_boot_cmd_boot
 .u_boot_cmd    0x00000000bfc3d2c8       0x18 common/libcommon.a(cmd_console.o)
                0x00000000bfc3d2c8                __u_boot_cmd_coninfo
 .u_boot_cmd    0x00000000bfc3d2e0       0x30 common/libcommon.a(cmd_elf.o)
                0x00000000bfc3d2f8                __u_boot_cmd_bootvx
                0x00000000bfc3d2e0                __u_boot_cmd_bootelf
 .u_boot_cmd    0x00000000bfc3d310       0x48 common/libcommon.a(cmd_flash.o)
                0x00000000bfc3d310                __u_boot_cmd_flinfo
                0x00000000bfc3d328                __u_boot_cmd_erase
                0x00000000bfc3d340                __u_boot_cmd_protect
 .u_boot_cmd    0x00000000bfc3d358       0x48 common/libcommon.a(cmd_i2c.o)
                0x00000000bfc3d358                __u_boot_cmd_i2c_read
                0x00000000bfc3d370                __u_boot_cmd_i2c_write
                0x00000000bfc3d388                __u_boot_cmd_i2c_init
 .u_boot_cmd    0x00000000bfc3d3a0       0x18 common/libcommon.a(cmd_load.o)
                0x00000000bfc3d3a0                __u_boot_cmd_loadb
 .u_boot_cmd    0x00000000bfc3d3b8       0xf0 common/libcommon.a(cmd_mem.o)
                0x00000000bfc3d3b8                __u_boot_cmd_md
                0x00000000bfc3d430                __u_boot_cmd_cmp
                0x00000000bfc3d400                __u_boot_cmd_mw
                0x00000000bfc3d478                __u_boot_cmd_loop
                0x00000000bfc3d460                __u_boot_cmd_base
                0x00000000bfc3d3d0                __u_boot_cmd_mm
                0x00000000bfc3d448                __u_boot_cmd_crc32
                0x00000000bfc3d3e8                __u_boot_cmd_nm
                0x00000000bfc3d490                __u_boot_cmd_mtest
                0x00000000bfc3d418                __u_boot_cmd_cp
 .u_boot_cmd    0x00000000bfc3d4a8       0x60 common/libcommon.a(cmd_net.o)
                0x00000000bfc3d4f0                __u_boot_cmd_ping
                0x00000000bfc3d4d8                __u_boot_cmd_rarpboot
                0x00000000bfc3d4c0                __u_boot_cmd_tftpboot
                0x00000000bfc3d4a8                __u_boot_cmd_bootp
 .u_boot_cmd    0x00000000bfc3d508       0x78 common/libcommon.a(cmd_nvedit.o)
                0x00000000bfc3d568                __u_boot_cmd_run
                0x00000000bfc3d538                __u_boot_cmd_saveenv
                0x00000000bfc3d550                __u_boot_cmd_askenv
                0x00000000bfc3d508                __u_boot_cmd_printenv
                0x00000000bfc3d520                __u_boot_cmd_setenv
 .u_boot_cmd    0x00000000bfc3d580      0x198 common/libcommon.a(cmd_uu.o)
                0x00000000bfc3d700                __u_boot_cmd_awr
                0x00000000bfc3d6e8                __u_boot_cmd_arr
                0x00000000bfc3d670                __u_boot_cmd_uubd
                0x00000000bfc3d6a0                __u_boot_cmd_owr
                0x00000000bfc3d628                __u_boot_cmd_uuos2
                0x00000000bfc3d688                __u_boot_cmd_orr
                0x00000000bfc3d640                __u_boot_cmd_uucfg
                0x00000000bfc3d5f8                __u_boot_cmd_uutftp
                0x00000000bfc3d6d0                __u_boot_cmd_mdiow
                0x00000000bfc3d5e0                __u_boot_cmd_unote
                0x00000000bfc3d5b0                __u_boot_cmd_uloop
                0x00000000bfc3d658                __u_boot_cmd_uuram
                0x00000000bfc3d610                __u_boot_cmd_uuos1
                0x00000000bfc3d598                __u_boot_cmd_umtest
                0x00000000bfc3d5c8                __u_boot_cmd_uloopfe
                0x00000000bfc3d6b8                __u_boot_cmd_mdior
                0x00000000bfc3d580                __u_boot_cmd_umf
 .u_boot_cmd    0x00000000bfc3d718       0x18 common/libcommon.a(cmd_utx.o)
                0x00000000bfc3d718                __u_boot_cmd_utx
 .u_boot_cmd    0x00000000bfc3d730       0x90 common/libcommon.a(cmd_utest.o)
                0x00000000bfc3d778                __u_boot_cmd_udbgrx
                0x00000000bfc3d790                __u_boot_cmd_udbgtx
                0x00000000bfc3d7a8                __u_boot_cmd_uenpr
                0x00000000bfc3d748                __u_boot_cmd_udelay
                0x00000000bfc3d730                __u_boot_cmd_utest
                0x00000000bfc3d760                __u_boot_cmd_udbgs
 .u_boot_cmd    0x00000000bfc3d7c0       0x60 common/libcommon.a(command.o)
                0x00000000bfc3d7d8                __u_boot_cmd_echo
                0x00000000bfc3d808                __u_boot_cmd_question_mark
                0x00000000bfc3d7c0                __u_boot_cmd_version
                0x00000000bfc3d7f0                __u_boot_cmd_help
                0x00000000bfc3d820                __u_boot_cmd_end = .
                0x00000000bfc3d820                uboot_end_data = .
                0x00000000000001c6                num_got_entries = ((__got_end - __got_start) >> 0x2)
                0x00000000bfc3d820                . = ALIGN (0x4)

.sbss
 *(.sbss)

.bss            0x00000000bfc3d820    0x449b0
 *(.bss)
 .bss           0x00000000bfc3d820       0x10 board/opipmux/libopipmux.a(ipmux_update.o)
                0x00000000bfc3d820                image_type
 .bss           0x00000000bfc3d830       0x10 lib_mips/libmips.a(board.o)
 .bss           0x00000000bfc3d840       0xf0 net/libnet.a(net.o)
                0x00000000bfc3d850                NetOurNISDomain
                0x00000000bfc3d8d4                NetServerEther
                0x00000000bfc3d844                NetOurSubnetMask
                0x00000000bfc3d8d0                NetBootFileSize
                0x00000000bfc3d870                NetOurHostName
                0x00000000bfc3d848                NetOurGatewayIP
                0x00000000bfc3d8dc                NetEtherNullAddr
                0x00000000bfc3d8e4                NetRestartWrap
                0x00000000bfc3d8f0                NetTxPacket
                0x00000000bfc3d84c                NetOurDNSIP
                0x00000000bfc3d840                NetBreak
                0x00000000bfc3d890                NetOurRootPath
 .bss           0x00000000bfc3d930       0x40 net/libnet.a(tftp.o)
 .bss           0x00000000bfc3d970       0x10 net/libnet.a(eth.o)
 .bss           0x00000000bfc3d980      0x110 common/libcommon.a(main.o)
                0x00000000bfc3d980                enable_net_polling
 .bss           0x00000000bfc3da90       0x40 common/libcommon.a(cmd_load.o)
 .bss           0x00000000bfc3dad0       0x10 common/libcommon.a(cmd_mem.o)
 .bss           0x00000000bfc3dae0       0x10 common/libcommon.a(cmd_net.o)
                0x00000000bfc3dae0                tftp_file_size
 .bss           0x00000000bfc3daf0       0x10 common/libcommon.a(console.o)
 .bss           0x00000000bfc3db00       0x10 common/libcommon.a(devices.o)
                0x00000000bfc3db00                devlist
                0x00000000bfc3db04                stdio_devices
 .bss           0x00000000bfc3db10       0x40 common/libcommon.a(dlmalloc.o)
 .bss           0x00000000bfc3db50       0x10 common/libcommon.a(ipmux_i2c.o)
                0x00000000bfc3db50                nI2cDbgFd
 .bss           0x00000000bfc3db60     0x10b0 lib_generic/libgeneric.a(zlib.o)
 .bss           0x00000000bfc3ec10       0x10 lib_generic/libgeneric.a(LzmaWrapper.o)
 .bss           0x00000000bfc3ec20       0x30 board/opipmux/libopipmux.a(ipmux_fe_test.o)
                0x00000000bfc3ec20                debug_rx
                0x00000000bfc3ec22                debug_tx
 .bss           0x00000000bfc3ec50      0x110 board/opipmux/libopipmux.a(opulan_bootextend.o)
 .bss           0x00000000bfc3ed60       0x10 board/opipmux/libopipmux.a(ipmuxclt_fe_onu.o)
                0x00000000bfc3ed60                bd_id_rx
                0x00000000bfc3ed62                bd_id_tx
 .bss           0x00000000bfc3ed70       0x60 board/opipmux/libopipmux.a(opconn_atheros_8228.o)
                0x00000000bfc3ed74                api_ifname
 .bss           0x00000000bfc3edd0       0x20 lib_mips/libmips.a(mips_linux.o)
 COMMON         0x00000000bfc3edf0      0x50c board/opipmux/libopipmux.a(ipmux_update.o)
                                          0x0 (size before relaxing)
                0x00000000bfc3edf0                flash_info
 *fill*         0x00000000bfc3f2fc 0x811a38c00000004 00
 COMMON         0x00000000bfc3f300       0x64 lib_mips/libmips.a(board.o)
                                          0x0 (size before relaxing)
                0x00000000bfc3f300                version_string
 *fill*         0x00000000bfc3f364 0x811a38c0000000c 00
 COMMON         0x00000000bfc3f370     0x24d0 net/libnet.a(net.o)
                                          0x0 (size before relaxing)
                0x00000000bfc3f370                NetRxPackets
                0x00000000bfc3f380                BootFile
                0x00000000bfc3f400                NetArpWaitPacketBuf
                0x00000000bfc3fa20                PktBuf
 COMMON         0x00000000bfc41840      0x100 common/libcommon.a(main.o)
                                          0x0 (size before relaxing)
                0x00000000bfc41840                console_buffer
 COMMON         0x00000000bfc41940       0x4c common/libcommon.a(cmd_bootm.o)
                                          0x0 (size before relaxing)
                0x00000000bfc41940                header
 *fill*         0x00000000bfc4198c 0x811a38c00000004 00
 COMMON         0x00000000bfc41990       0x34 common/libcommon.a(cmd_load.o)
                                          0x0 (size before relaxing)
                0x00000000bfc41990                os_data_header
                0x00000000bfc419b0                send_parms
 *fill*         0x00000000bfc419c4 0x811a38c0000000c 00
 COMMON         0x00000000bfc419d0    0x40800 board/opipmux/libopipmux.a(ipmuxclt_fe_onu.o)
                                          0x0 (size before relaxing)
                0x00000000bfc419d0                RxBufTmp
                0x00000000bfc421d0                Buffers

.scommon        0x00000000bfc821d0       0x8c
 .scommon       0x00000000bfc821d0        0x4 lib_mips/libmips.a(board.o)
                                          0x0 (size before relaxing)
                0x00000000bfc821d0                monitor_flash_len
 .scommon       0x00000000bfc821d4       0x44 net/libnet.a(net.o)
                                          0x0 (size before relaxing)
                0x00000000bfc821d4                NetArpWaitTry
                0x00000000bfc821d8                NetArpWaitPacketMAC
                0x00000000bfc821dc                NetOurEther
                0x00000000bfc821e4                NetOurIP
                0x00000000bfc821e8                NetPingIP
                0x00000000bfc821ec                NetServerIP
                0x00000000bfc821f0                NetArpWaitTxPacketSize
                0x00000000bfc821f4                NetArpWaitReplyIP
                0x00000000bfc821f8                NetArpWaitTxPacket
                0x00000000bfc821fc                NetArpWaitPacketIP
                0x00000000bfc82200                NetState
                0x00000000bfc82204                NetIPID
                0x00000000bfc82208                NetRxPkt
                0x00000000bfc8220c                NetRxPktLen
                0x00000000bfc82210                NetBootFileXferSize
                0x00000000bfc82214                NetArpWaitTimerStart
 .scommon       0x00000000bfc82218        0x8 net/libnet.a(bootp.o)
                                          0x0 (size before relaxing)
                0x00000000bfc82218                BootpTry
                0x00000000bfc8221c                BootpID
 .scommon       0x00000000bfc82220        0x4 net/libnet.a(rarp.o)
                                          0x0 (size before relaxing)
                0x00000000bfc82220                RarpTry
 .scommon       0x00000000bfc82224       0x1c common/libcommon.a(cmd_load.o)
                                          0x0 (size before relaxing)
                0x00000000bfc82224                his_pad_char
                0x00000000bfc82228                os_data_count
                0x00000000bfc8222c                os_data_init
                0x00000000bfc82230                send_ptr
                0x00000000bfc82234                os_data_char
                0x00000000bfc82238                his_eol
                0x00000000bfc82239                his_quote
                0x00000000bfc8223c                his_pad_count
 .scommon       0x00000000bfc82240       0x10 common/libcommon.a(cmd_mem.o)
                                          0x0 (size before relaxing)
                0x00000000bfc82240                dp_last_size
                0x00000000bfc82244                dp_last_addr
                0x00000000bfc82248                mm_last_size
                0x00000000bfc8224c                mm_last_addr
 .scommon       0x00000000bfc82250        0x3 common/libcommon.a(ipmux_i2c.o)
                                          0x0 (size before relaxing)
                0x00000000bfc82250                ipMuxI2CC
 *fill*         0x00000000bfc82253 0x811a38c00000001 00
 .scommon       0x00000000bfc82254        0x4 lib_generic/libgeneric.a(string.o)
                                          0x0 (size before relaxing)
                0x00000000bfc82254                ___strtok
 .scommon       0x00000000bfc82258        0x4 board/opipmux/libopipmux.a(ipmuxclt_fe_onu.o)
                                          0x0 (size before relaxing)
                0x00000000bfc82258                ge_reg
                0x00000000bfc8225c                uboot_end = .
Address of section .text set to 0xbfc00000
LOAD cpu/mips/start.o
START GROUP
LOAD lib_generic/libgeneric.a
LOAD board/opipmux/libopipmux.a
LOAD cpu/mips/libmips.a
LOAD lib_mips/libmips.a
LOAD fs/cramfs/libcramfs.a
LOAD fs/fat/libfat.a
LOAD fs/fdos/libfdos.a
LOAD fs/jffs2/libjffs2.a
LOAD fs/reiserfs/libreiserfs.a
LOAD fs/ext2/libext2fs.a
LOAD net/libnet.a
LOAD disk/libdisk.a
LOAD rtc/librtc.a
LOAD dtt/libdtt.a
LOAD drivers/libdrivers.a
LOAD drivers/sk98lin/libsk98lin.a
LOAD post/libpost.a
LOAD post/cpu/libcpu.a
LOAD common/libcommon.a
END GROUP
LOAD /opt/eldk/usr/bin/../lib/gcc-lib/mips-linux/3.3.3/libgcc.a
OUTPUT(u-boot elf32-tradbigmips)

.pdr            0x0000000000000000     0x4820
 .pdr           0x0000000000000000       0x20 cpu/mips/start.o
 .pdr           0x0000000000000020      0x1a0 board/opipmux/libopipmux.a(ipmux_update.o)
 .pdr           0x00000000000001c0       0xa0 board/opipmux/libopipmux.a(ipmux_ddr_asm.o)
 .pdr           0x0000000000000260       0x40 board/opipmux/libopipmux.a(ipmux_test_ram.o)
 .pdr           0x00000000000002a0      0x1c0 board/opipmux/libopipmux.a(ipmux_uart.o)
 .pdr           0x0000000000000460      0x1c0 cpu/mips/libmips.a(cache_cpu.o)
 .pdr           0x0000000000000620      0x180 lib_mips/libmips.a(board.o)
 .pdr           0x00000000000007a0      0x140 lib_mips/libmips.a(time.o)
 .pdr           0x00000000000008e0      0x400 net/libnet.a(net.o)
 .pdr           0x0000000000000ce0       0x80 net/libnet.a(tftp.o)
 .pdr           0x0000000000000d60      0x120 net/libnet.a(bootp.o)
 .pdr           0x0000000000000e80       0x60 net/libnet.a(rarp.o)
 .pdr           0x0000000000000ee0      0x180 net/libnet.a(eth.o)
 .pdr           0x0000000000001060      0x140 common/libcommon.a(main.o)
 .pdr           0x00000000000011a0       0x40 common/libcommon.a(cmd_bdinfo.o)
 .pdr           0x00000000000011e0       0x20 common/libcommon.a(cmd_boot.o)
 .pdr           0x0000000000001200      0x160 common/libcommon.a(cmd_bootm.o)
 .pdr           0x0000000000001360       0x20 common/libcommon.a(cmd_console.o)
 .pdr           0x0000000000001380       0x80 common/libcommon.a(cmd_elf.o)
 .pdr           0x0000000000001400      0x100 common/libcommon.a(cmd_flash.o)
 .pdr           0x0000000000001500       0x60 common/libcommon.a(cmd_i2c.o)
 .pdr           0x0000000000001560      0x260 common/libcommon.a(cmd_load.o)
 .pdr           0x00000000000017c0      0x180 common/libcommon.a(cmd_mem.o)
 .pdr           0x0000000000001940       0xc0 common/libcommon.a(cmd_net.o)
 .pdr           0x0000000000001a00      0x120 common/libcommon.a(cmd_nvedit.o)
 .pdr           0x0000000000001b20      0x2c0 common/libcommon.a(cmd_uu.o)
 .pdr           0x0000000000001de0       0x20 common/libcommon.a(cmd_utx.o)
 .pdr           0x0000000000001e00       0xc0 common/libcommon.a(cmd_utest.o)
 .pdr           0x0000000000001ec0       0x80 common/libcommon.a(command.o)
 .pdr           0x0000000000001f40      0x2e0 common/libcommon.a(console.o)
 .pdr           0x0000000000002220       0x80 common/libcommon.a(devices.o)
 .pdr           0x00000000000022a0      0x1a0 common/libcommon.a(dlmalloc.o)
 .pdr           0x0000000000002440       0xa0 common/libcommon.a(env_common.o)
 .pdr           0x00000000000024e0       0xe0 common/libcommon.a(env_flash.o)
 .pdr           0x00000000000025c0       0x60 common/libcommon.a(exports.o)
 .pdr           0x0000000000002620       0x80 common/libcommon.a(flash.o)
 .pdr           0x00000000000026a0      0x1e0 common/libcommon.a(lists.o)
 .pdr           0x0000000000002880      0x2e0 common/libcommon.a(ipmux_i2c.o)
 .pdr           0x0000000000002b60       0x40 lib_generic/libgeneric.a(crc32.o)
 .pdr           0x0000000000002ba0       0x40 lib_generic/libgeneric.a(display_options.o)
 .pdr           0x0000000000002be0      0x260 lib_generic/libgeneric.a(string.o)
 .pdr           0x0000000000002e40      0x120 lib_generic/libgeneric.a(vsprintf.o)
 .pdr           0x0000000000002f60      0x340 lib_generic/libgeneric.a(zlib.o)
 .pdr           0x00000000000032a0       0x40 lib_generic/libgeneric.a(LzmaWrapper.o)
 .pdr           0x00000000000032e0       0x40 lib_generic/libgeneric.a(LzmaDecode.o)
 .pdr           0x0000000000003320       0x40 board/opipmux/libopipmux.a(opipmux.o)
 .pdr           0x0000000000003360      0x160 board/opipmux/libopipmux.a(ipmux_memory_test.o)
 .pdr           0x00000000000034c0       0xe0 board/opipmux/libopipmux.a(ipmux_fe_test.o)
 .pdr           0x00000000000035a0      0x180 board/opipmux/libopipmux.a(ipmux_gpio.o)
 .pdr           0x0000000000003720      0x240 board/opipmux/libopipmux.a(opulan_bootextend.o)
 .pdr           0x0000000000003960      0x180 board/opipmux/libopipmux.a(ipmux_flash_onu_8bit.o)
 .pdr           0x0000000000003ae0      0x420 board/opipmux/libopipmux.a(ipmuxclt_fe_onu.o)
 .pdr           0x0000000000003f00       0xc0 board/opipmux/libopipmux.a(ipmux_mdio.o)
 .pdr           0x0000000000003fc0      0x560 board/opipmux/libopipmux.a(opconn_atheros_8228.o)
 .pdr           0x0000000000004520       0x60 cpu/mips/libmips.a(cpu.o)
 .pdr           0x0000000000004580       0x40 cpu/mips/libmips.a(interrupts.o)
 .pdr           0x00000000000045c0       0x60 cpu/mips/libmips.a(opipmux_clock.o)
 .pdr           0x0000000000004620       0xc0 cpu/mips/libmips.a(cache.o)
 .pdr           0x00000000000046e0       0x60 lib_mips/libmips.a(mips_linux.o)
 .pdr           0x0000000000004740       0x60 rtc/librtc.a(date.o)
 .pdr           0x00000000000047a0       0x80 board/opipmux/libopipmux.a(memsetup.o)

.stab           0x0000000000000000     0x5d24
 .stab          0x0000000000000000      0xae0 cpu/mips/start.o
 .stab          0x0000000000000ae0     0x2fe8 board/opipmux/libopipmux.a(ipmux_ddr_asm.o)
                                       0x2ff4 (size before relaxing)
 .stab          0x0000000000003ac8      0x30c board/opipmux/libopipmux.a(ipmux_test_ram.o)
                                        0x318 (size before relaxing)
 .stab          0x0000000000003dd4     0x14d0 cpu/mips/libmips.a(cache_cpu.o)
                                       0x14dc (size before relaxing)
 .stab          0x00000000000052a4      0x3cc cpu/mips/libmips.a(cache.o)
                                        0x3d8 (size before relaxing)
 .stab          0x0000000000005670      0x6b4 board/opipmux/libopipmux.a(memsetup.o)
                                        0x6c0 (size before relaxing)

.stabstr        0x0000000000000000      0x4ce
 .stabstr       0x0000000000000000      0x4ce cpu/mips/start.o
                                          0x0 (size before relaxing)

.mdebug.abi32   0x0000000000000000        0x0

.comment        0x0000000000000000      0x9a0
 .comment       0x0000000000000000       0x2c board/opipmux/libopipmux.a(ipmux_update.o)
 .comment       0x000000000000002c       0x2c board/opipmux/libopipmux.a(ipmux_uart.o)
 .comment       0x0000000000000058       0x2c lib_mips/libmips.a(board.o)
 .comment       0x0000000000000084       0x2c lib_mips/libmips.a(time.o)
 .comment       0x00000000000000b0       0x2c net/libnet.a(net.o)
 .comment       0x00000000000000dc       0x2c net/libnet.a(tftp.o)
 .comment       0x0000000000000108       0x2c net/libnet.a(bootp.o)
 .comment       0x0000000000000134       0x2c net/libnet.a(rarp.o)
 .comment       0x0000000000000160       0x2c net/libnet.a(eth.o)
 .comment       0x000000000000018c       0x2c common/libcommon.a(main.o)
 .comment       0x00000000000001b8       0x2c common/libcommon.a(cmd_bdinfo.o)
 .comment       0x00000000000001e4       0x2c common/libcommon.a(cmd_boot.o)
 .comment       0x0000000000000210       0x2c common/libcommon.a(cmd_bootm.o)
 .comment       0x000000000000023c       0x2c common/libcommon.a(cmd_console.o)
 .comment       0x0000000000000268       0x2c common/libcommon.a(cmd_elf.o)
 .comment       0x0000000000000294       0x2c common/libcommon.a(cmd_flash.o)
 .comment       0x00000000000002c0       0x2c common/libcommon.a(cmd_i2c.o)
 .comment       0x00000000000002ec       0x2c common/libcommon.a(cmd_load.o)
 .comment       0x0000000000000318       0x2c common/libcommon.a(cmd_mem.o)
 .comment       0x0000000000000344       0x2c common/libcommon.a(cmd_net.o)
 .comment       0x0000000000000370       0x2c common/libcommon.a(cmd_nvedit.o)
 .comment       0x000000000000039c       0x2c common/libcommon.a(cmd_uu.o)
 .comment       0x00000000000003c8       0x2c common/libcommon.a(cmd_utx.o)
 .comment       0x00000000000003f4       0x2c common/libcommon.a(cmd_utest.o)
 .comment       0x0000000000000420       0x2c common/libcommon.a(command.o)
 .comment       0x000000000000044c       0x2c common/libcommon.a(console.o)
 .comment       0x0000000000000478       0x2c common/libcommon.a(devices.o)
 .comment       0x00000000000004a4       0x2c common/libcommon.a(dlmalloc.o)
 .comment       0x00000000000004d0       0x2c common/libcommon.a(env_common.o)
 .comment       0x00000000000004fc       0x2c common/libcommon.a(env_flash.o)
 .comment       0x0000000000000528       0x2c common/libcommon.a(exports.o)
 .comment       0x0000000000000554       0x2c common/libcommon.a(flash.o)
 .comment       0x0000000000000580       0x2c common/libcommon.a(lists.o)
 .comment       0x00000000000005ac       0x2c common/libcommon.a(ipmux_i2c.o)
 .comment       0x00000000000005d8       0x2c lib_generic/libgeneric.a(crc32.o)
 .comment       0x0000000000000604       0x2c lib_generic/libgeneric.a(display_options.o)
 .comment       0x0000000000000630       0x2c lib_generic/libgeneric.a(string.o)
 .comment       0x000000000000065c       0x2c lib_generic/libgeneric.a(vsprintf.o)
 .comment       0x0000000000000688       0x2c lib_generic/libgeneric.a(zlib.o)
 .comment       0x00000000000006b4       0x2c lib_generic/libgeneric.a(LzmaWrapper.o)
 .comment       0x00000000000006e0       0x2c lib_generic/libgeneric.a(ctype.o)
 .comment       0x000000000000070c       0x2c lib_generic/libgeneric.a(LzmaDecode.o)
 .comment       0x0000000000000738       0x2c board/opipmux/libopipmux.a(opipmux.o)
 .comment       0x0000000000000764       0x2c board/opipmux/libopipmux.a(ipmux_memory_test.o)
 .comment       0x0000000000000790       0x2c board/opipmux/libopipmux.a(ipmux_fe_test.o)
 .comment       0x00000000000007bc       0x2c board/opipmux/libopipmux.a(ipmux_gpio.o)
 .comment       0x00000000000007e8       0x2c board/opipmux/libopipmux.a(opulan_bootextend.o)
 .comment       0x0000000000000814       0x2c board/opipmux/libopipmux.a(ipmux_flash_onu_8bit.o)
 .comment       0x0000000000000840       0x2c board/opipmux/libopipmux.a(ipmuxclt_fe_onu.o)
 .comment       0x000000000000086c       0x2c board/opipmux/libopipmux.a(ipmux_mdio.o)
 .comment       0x0000000000000898       0x2c board/opipmux/libopipmux.a(opconn_atheros_8228.o)
 .comment       0x00000000000008c4       0x2c cpu/mips/libmips.a(cpu.o)
 .comment       0x00000000000008f0       0x2c cpu/mips/libmips.a(interrupts.o)
 .comment       0x000000000000091c       0x2c cpu/mips/libmips.a(opipmux_clock.o)
 .comment       0x0000000000000948       0x2c lib_mips/libmips.a(mips_linux.o)
 .comment       0x0000000000000974       0x2c rtc/librtc.a(date.o)
